Archive member included to satisfy reference by file (symbol)

/opt/devkitpro/libgba/lib/libgba.a(interrupt.o)
                              obj-ep3/src/platform/gba_main.c.o (irqInit)
/opt/devkitpro/libgba/lib/libgba.a(InterruptDispatcher.o)
                              /opt/devkitpro/libgba/lib/libgba.a(interrupt.o) (IntrMain)
/opt/devkitpro/devkitARM/lib/gcc/arm-none-eabi/15.2.0/thumb/libgcc.a(_udivsi3.o)
                              obj-ep3/src/episodes/episode3.c.o (__aeabi_uidiv)
/opt/devkitpro/devkitARM/lib/gcc/arm-none-eabi/15.2.0/thumb/libgcc.a(_divsi3.o)
                              obj-ep3/src/game/gameplay.c.o (__aeabi_idiv)
/opt/devkitpro/devkitARM/lib/gcc/arm-none-eabi/15.2.0/thumb/libgcc.a(_dvmd_tls.o)
                              /opt/devkitpro/devkitARM/lib/gcc/arm-none-eabi/15.2.0/thumb/libgcc.a(_udivsi3.o) (__aeabi_idiv0)
/opt/devkitpro/devkitARM/lib/gcc/arm-none-eabi/15.2.0/thumb/libgcc.a(_aeabi_ldivmod.o)
                              obj-ep3/src/engine/engine_loader.c.o (__aeabi_ldivmod)
/opt/devkitpro/devkitARM/lib/gcc/arm-none-eabi/15.2.0/thumb/libgcc.a(_sync_none.o)
                              (__sync_synchronize_none)
/opt/devkitpro/devkitARM/lib/gcc/arm-none-eabi/15.2.0/thumb/libgcc.a(_muldi3.o)
                              obj-ep3/src/engine/engine_timing.c.o (__aeabi_lmul)
/opt/devkitpro/devkitARM/lib/gcc/arm-none-eabi/15.2.0/thumb/libgcc.a(_udivmoddi4.o)
                              /opt/devkitpro/devkitARM/lib/gcc/arm-none-eabi/15.2.0/thumb/libgcc.a(_aeabi_ldivmod.o) (__udivmoddi4)
/opt/devkitpro/devkitARM/lib/gcc/arm-none-eabi/15.2.0/thumb/libgcc.a(_clzdi2.o)
                              /opt/devkitpro/devkitARM/lib/gcc/arm-none-eabi/15.2.0/thumb/libgcc.a(_udivmoddi4.o) (__clzdi2)
/opt/devkitpro/devkitARM/lib/gcc/arm-none-eabi/15.2.0/thumb/libgcc.a(_clzsi2.o)
                              /opt/devkitpro/devkitARM/lib/gcc/arm-none-eabi/15.2.0/thumb/libgcc.a(_clzdi2.o) (__clzsi2)
/opt/devkitpro/devkitARM/lib/gcc/arm-none-eabi/15.2.0/../../../../arm-none-eabi/lib/thumb/libg.a(libc_a-sscanf.o)
                              obj-ep3/src/engine/engine_config.c.o (sscanf)
/opt/devkitpro/devkitARM/lib/gcc/arm-none-eabi/15.2.0/../../../../arm-none-eabi/lib/thumb/libg.a(libc_a-strstr.o)
                              obj-ep3/src/engine/engine_config.c.o (strstr)
/opt/devkitpro/devkitARM/lib/gcc/arm-none-eabi/15.2.0/../../../../arm-none-eabi/lib/thumb/libg.a(libc_a-memcpy-stub.o)
                              obj-ep3/src/game/gameplay.c.o (memcpy)
/opt/devkitpro/devkitARM/lib/gcc/arm-none-eabi/15.2.0/../../../../arm-none-eabi/lib/thumb/libg.a(libc_a-strlen.o)
                              obj-ep3/src/game/ui.c.o (strlen)
/opt/devkitpro/devkitARM/lib/gcc/arm-none-eabi/15.2.0/../../../../arm-none-eabi/lib/thumb/libg.a(libc_a-svfscanf.o)
                              /opt/devkitpro/devkitARM/lib/gcc/arm-none-eabi/15.2.0/../../../../arm-none-eabi/lib/thumb/libg.a(libc_a-sscanf.o) (__ssvfscanf_r)
/opt/devkitpro/devkitARM/lib/gcc/arm-none-eabi/15.2.0/../../../../arm-none-eabi/lib/thumb/libg.a(libc_a-strtod.o)
                              /opt/devkitpro/devkitARM/lib/gcc/arm-none-eabi/15.2.0/../../../../arm-none-eabi/lib/thumb/libg.a(libc_a-svfscanf.o) (_strtod_r)
/opt/devkitpro/devkitARM/lib/gcc/arm-none-eabi/15.2.0/../../../../arm-none-eabi/lib/thumb/libg.a(libc_a-strtoull.o)
                              /opt/devkitpro/devkitARM/lib/gcc/arm-none-eabi/15.2.0/../../../../arm-none-eabi/lib/thumb/libg.a(libc_a-svfscanf.o) (_strtoull_r)
/opt/devkitpro/devkitARM/lib/gcc/arm-none-eabi/15.2.0/../../../../arm-none-eabi/lib/thumb/libg.a(libc_a-gdtoa-gethex.o)
                              /opt/devkitpro/devkitARM/lib/gcc/arm-none-eabi/15.2.0/../../../../arm-none-eabi/lib/thumb/libg.a(libc_a-strtod.o) (__gethex)
/opt/devkitpro/devkitARM/lib/gcc/arm-none-eabi/15.2.0/../../../../arm-none-eabi/lib/thumb/libg.a(libc_a-snprintf.o)
                              obj-ep3/src/game/gameplay.c.o (snprintf)
/opt/devkitpro/devkitARM/lib/gcc/arm-none-eabi/15.2.0/../../../../arm-none-eabi/lib/thumb/libg.a(libc_a-strtoul.o)
                              /opt/devkitpro/devkitARM/lib/gcc/arm-none-eabi/15.2.0/../../../../arm-none-eabi/lib/thumb/libg.a(libc_a-svfscanf.o) (_strtoul_r)
/opt/devkitpro/devkitARM/lib/gcc/arm-none-eabi/15.2.0/../../../../arm-none-eabi/lib/thumb/libg.a(libc_a-mbrtowc.o)
                              /opt/devkitpro/devkitARM/lib/gcc/arm-none-eabi/15.2.0/../../../../arm-none-eabi/lib/thumb/libg.a(libc_a-svfscanf.o) (_mbrtowc_r)
/opt/devkitpro/devkitARM/lib/gcc/arm-none-eabi/15.2.0/../../../../arm-none-eabi/lib/thumb/libg.a(libc_a-strchr.o)
                              obj-ep3/src/input/input.c.o (strchr)
/opt/devkitpro/devkitARM/lib/gcc/arm-none-eabi/15.2.0/../../../../arm-none-eabi/lib/thumb/libg.a(libc_a-memcmp.o)
                              obj-ep3/src/third_party/cgenius/fileio/compression/Cunlzexe.c.o (memcmp)
[...]
Memory Configuration

Name             Origin             Length             Attributes
rom              0x08000000         0x02000000
iwram            0x03000000         0x00008000
ewram            0x02000000         0x00040000
*default*        0x00000000         0xffffffff

Linker script and memory map

                0x00000000                        __sync_synchronize = __sync_synchronize_none
                0x08000000                        __text_start = ORIGIN (rom)
                0x02040000                        __eheap_end = (ORIGIN (ewram) + LENGTH (ewram))
                0x03000000                        __iwram_start = ORIGIN (iwram)
                0x03008000                        __iwram_top = (ORIGIN (iwram) + LENGTH (iwram))
                0x03007fa0                        __sp_irq = (__iwram_top - 0x60)
                0x03007f00                        __sp_usr = (__sp_irq - 0xa0)
                0x03007ff8                        __irq_flags = 0x3007ff8
                0x08000000                        . = __text_start

.crt0           0x08000000      0x210
 *(.crt0)
 .crt0          0x08000000      0x210 /opt/devkitpro/devkitARM/lib/gcc/arm-none-eabi/15.2.0/../../../../arm-none-eabi/lib/thumb/gba_crt0.o
                0x08000000                _start
                0x080000c4                __boot_method
                0x080000c5                __slave_number
                0x080000e0                start_vector
                0x08000210                        . = ALIGN (0x4)

.init           0x08000210        0xc
 *(SORT_NONE(.init))
 .init          0x08000210        0x4 /opt/devkitpro/devkitARM/lib/gcc/arm-none-eabi/15.2.0/thumb/crti.o
                0x08000210                _init
 .init          0x08000214        0x8 /opt/devkitpro/devkitARM/lib/gcc/arm-none-eabi/15.2.0/thumb/crtn.o

.plt            0x0800021c        0x0
 *(.plt)
                0x0800021c                        . = ALIGN (0x4)

.text           0x08000220    0x1bd60
 *(EXCLUDE_FILE(*.iwram*) .text*)
 .text.__do_global_dtors_aux
                0x08000220       0x2c /opt/devkitpro/devkitARM/lib/gcc/arm-none-eabi/15.2.0/thumb/crtbegin.o
 .text.frame_dummy
                0x0800024c       0x24 /opt/devkitpro/devkitARM/lib/gcc/arm-none-eabi/15.2.0/thumb/crtbegin.o
 .text.CVort_start_cheating
                0x08000270       0xe0 obj-ep3/src/game/gameplay.c.o
                0x08000270                CVort_start_cheating
 .text.CVort_handle_cheat_keys
                0x08000350       0xd4 obj-ep3/src/game/gameplay.c.o
                0x08000350                CVort_handle_cheat_keys
 .text.CVort_add_sprite
                0x08000424       0x7c obj-ep3/src/game/gameplay.c.o
                0x08000424                CVort_add_sprite
 .text.CVort_add_body
                0x080004a0       0x90 obj-ep3/src/game/gameplay.c.o
                0x080004a0                CVort_add_body
 .text.CVort_main_loop
                0x08000530      0x120 obj-ep3/src/game/gameplay.c.o
                0x08000530                CVort_main_loop
 .text.CVort_update_sprite_hitbox
                0x08000650       0xa8 obj-ep3/src/game/gameplay.c.o
                0x08000650                CVort_update_sprite_hitbox
 .text.run_sprite_think
                0x080006f8       0x54 obj-ep3/src/game/gameplay.c.o
 .text.CVort_update_sprite_hitbox_wmap
                0x0800074c       0x7c obj-ep3/src/game/gameplay.c.o
                0x0800074c                CVort_update_sprite_hitbox_wmap
 .text.CVort_waitForNoGameButtonPress
                0x080007c8       0x34 obj-ep3/src/game/gameplay.c.o
                0x080007c8                CVort_waitForNoGameButtonPress
 .text.CVort_has_any_ack_press
                0x080007fc       0x30 obj-ep3/src/game/gameplay.c.o
                0x080007fc                CVort_has_any_ack_press
 .text.CVort_add_score
                0x0800082c       0x48 obj-ep3/src/game/gameplay.c.o
                0x0800082c                CVort_add_score
 .text.CVort_load_level_data
                0x08000874      0x118 obj-ep3/src/game/gameplay.c.o
                0x08000874                CVort_load_level_data
 .text.CVort_handle_quit
                0x0800098c       0xb8 obj-ep3/src/game/gameplay.c.o
                0x0800098c                CVort_handle_quit
 .text.CVort_clear_keys
                0x08000a44       0x24 obj-ep3/src/game/gameplay.c.o
                0x08000a44                CVort_clear_keys
 .text.CVort_get_random
                0x08000a68       0x1c obj-ep3/src/game/gameplay.c.o
                0x08000a68                CVort_get_random
 .text.CVort_filelength
                0x08000a84       0x24 obj-ep3/src/game/gameplay.c.o
                0x08000a84                CVort_filelength
 .text.CVort_calc_jump_height
                0x08000aa8       0xa4 obj-ep3/src/game/gameplay.c.o
                0x08000aa8                CVort_calc_jump_height
 .text.CVort_setup_jump_heights
                0x08000b4c       0x5c obj-ep3/src/game/gameplay.c.o
                0x08000b4c                CVort_setup_jump_heights
 .text.CVort_main
                0x08000ba8      0x2a0 obj-ep3/src/game/gameplay.c.o
                0x08000ba8                CVort_main
 .text.CVort_chg_vid_and_error
                0x08000e48       0x3c obj-ep3/src/game/gameplay.c.o
                0x08000e48                CVort_chg_vid_and_error
 .text.CVort_calibrate_joystick
                0x08000e84      0x238 obj-ep3/src/game/gameplay.c.o
                0x08000e84                CVort_calibrate_joystick
 .text.CVort_handle_global_keys
                0x080010bc      0x188 obj-ep3/src/game/gameplay.c.o
                0x080010bc                CVort_handle_global_keys
 .text.CVort_draw_level
                0x08001244      0x59c obj-ep3/src/game/gameplay.c.o
                0x08001244                CVort_draw_level
 .text.CVort_check_world_map_col.part.0
                0x080017e0      0x3e0 obj-ep3/src/game/worldmap.c.o
 .text.CVort_mark_cities_done
                0x08001bc0      0x13c obj-ep3/src/game/worldmap.c.o
                0x08001bc0                CVort_mark_cities_done
 .text.CVort_game_over
                0x08001cfc      0x4b0 obj-ep3/src/game/worldmap.c.o
                0x08001cfc                CVort_game_over
 .text.CVort_show_keens_left
                0x080021ac       0x94 obj-ep3/src/game/worldmap.c.o
                0x080021ac                CVort_show_keens_left
 .text.CVort_place_keen_on_worldmap
                0x08002240       0x74 obj-ep3/src/game/worldmap.c.o
                0x08002240                CVort_place_keen_on_worldmap
 .text.CVort_move_worldmap
                0x080022b4      0x50c obj-ep3/src/game/worldmap.c.o
                0x080022b4                CVort_move_worldmap
 .text.CVort_draw_worldmap
                0x080027c0      0x5d8 obj-ep3/src/game/worldmap.c.o
                0x080027c0                CVort_draw_worldmap
 .text.CVort_draw_menu
                0x08002d98       0xec obj-ep3/src/game/menus.c.o
                0x08002d98                CVort_draw_menu
 .text.CVort_draw_mural
                0x08002e84       0x30 obj-ep3/src/game/menus.c.o
                0x08002e84                CVort_draw_mural
 .text.CVort_show_logo_text
                0x08002eb4       0xb4 obj-ep3/src/game/menus.c.o
                0x08002eb4                CVort_show_logo_text
 .text.CVort_draw_apogee
                0x08002f68       0x38 obj-ep3/src/game/menus.c.o
                0x08002f68                CVort_draw_apogee
 .text.CVort_load_demo
                0x08002fa0       0x94 obj-ep3/src/game/menus.c.o
                0x08002fa0                CVort_load_demo
 .text.CVort_save_demo
                0x08003034       0x8c obj-ep3/src/game/menus.c.o
                0x08003034                CVort_save_demo
 .text.CVort_show_about_us
                0x080030c0       0xa4 obj-ep3/src/game/menus.c.o
                0x080030c0                CVort_show_about_us
 .text.CVort_do_scores
                0x08003164       0x44 obj-ep3/src/game/menus.c.o
                0x08003164                CVort_do_scores
 .text.CVort_show_scores
                0x080031a8       0xac obj-ep3/src/game/menus.c.o
                0x080031a8                CVort_show_scores
 .text.CVort_private_continue_game
                0x08003254      0x1fc obj-ep3/src/game/menus.c.o
                0x08003254                CVort_private_continue_game
 .text.CVort_demo_toggle_reset_player_partial_state_after
                0x08003450       0x80 obj-ep3/src/game/menus.c.o
                0x08003450                CVort_demo_toggle_reset_player_partial_state_after
 .text.CVort_demo_toggle_prepare_to_record
                0x080034d0       0xe0 obj-ep3/src/game/menus.c.o
                0x080034d0                CVort_demo_toggle_prepare_to_record
 .text.CVort_scroll_up_logo
                0x080035b0       0xe4 obj-ep3/src/game/menus.c.o
                0x080035b0                CVort_scroll_up_logo
 .text.CVort_draw_string_80
                0x08003694       0x64 obj-ep3/src/game/menus.c.o
                0x08003694                CVort_draw_string_80
 .text.CVort_draw_about_us
                0x080036f8       0x54 obj-ep3/src/game/menus.c.o
                0x080036f8                CVort_draw_about_us
 .text.CVort_wait_for_key
                0x0800374c       0x7c obj-ep3/src/game/menus.c.o
                0x0800374c                CVort_wait_for_key
 .text.CVort_save_game
                0x080037c8      0x278 obj-ep3/src/game/menus.c.o
                0x080037c8                CVort_save_game
 .text.CVort_load_and_process_text_file
                0x08003a40       0x34 obj-ep3/src/game/menus.c.o
                0x08003a40                CVort_load_and_process_text_file
 .text.CVort_draw_text_page
                0x08003a74      0x100 obj-ep3/src/game/menus.c.o
                0x08003a74                CVort_draw_text_page
 .text.CVort_do_text_viewer_short
                0x08003b74       0x70 obj-ep3/src/game/menus.c.o
                0x08003b74                CVort_do_text_viewer_short
 .text.CVort_text_viewer_bkgrd
                0x08003be4      0x108 obj-ep3/src/game/menus.c.o
                0x08003be4                CVort_text_viewer_bkgrd
 .text.CVort_draw_text_viewer_border
                0x08003cec       0xdc obj-ep3/src/game/menus.c.o
                0x08003cec                CVort_draw_text_viewer_border
 .text.CVort_do_text_viewer
                0x08003dc8      0x264 obj-ep3/src/game/menus.c.o
                0x08003dc8                CVort_do_text_viewer
 .text.CVort_do_previews
                0x0800402c       0xf8 obj-ep3/src/game/menus.c.o
                0x0800402c                CVort_do_previews
 .text.CVort_do_help
                0x08004124       0x38 obj-ep3/src/game/menus.c.o
                0x08004124                CVort_do_help
 .text.CVort_draw_title
                0x0800415c      0x4c0 obj-ep3/src/game/menus.c.o
                0x0800415c                CVort_draw_title
 .text.CVort_do_intro_and_menu
                0x0800461c      0x5c0 obj-ep3/src/game/menus.c.o
                0x0800461c                CVort_do_intro_and_menu
 .text.CVort_save_high_scores_table
                0x08004bdc      0x190 obj-ep3/src/game/menus.c.o
                0x08004bdc                CVort_save_high_scores_table
 .text.CVort_load_high_scores_table
                0x08004d6c      0x1c0 obj-ep3/src/game/menus.c.o
                0x08004d6c                CVort_load_high_scores_table
 .text.CVort_init_ctrls
                0x08004f2c      0x220 obj-ep3/src/game/ui.c.o
                0x08004f2c                CVort_init_ctrls
 .text.CVort_save_ctrls
                0x0800514c      0x1ac obj-ep3/src/game/ui.c.o
                0x0800514c                CVort_save_ctrls
 .text.CVort_handle_ctrl
                0x080052f8      0x10c obj-ep3/src/game/ui.c.o
                0x080052f8                CVort_handle_ctrl
 .text.CVort_translate_key
                0x08005404       0x70 obj-ep3/src/game/ui.c.o
                0x08005404                CVort_translate_key
 .text.CVort_draw_box2
                0x08005474      0x148 obj-ep3/src/game/ui.c.o
                0x08005474                CVort_draw_box2
 .text.CVort_draw_char_rectangle
                0x080055bc       0x54 obj-ep3/src/game/ui.c.o
                0x080055bc                CVort_draw_char_rectangle
 .text.CVort_draw_box_opening_horiz
                0x08005610       0x58 obj-ep3/src/game/ui.c.o
                0x08005610                CVort_draw_box_opening_horiz
 .text.CVort_draw_box_opening_vert
                0x08005668       0x58 obj-ep3/src/game/ui.c.o
                0x08005668                CVort_draw_box_opening_vert
 .text.CVort_draw_box_opening_main
                0x080056c0       0xc8 obj-ep3/src/game/ui.c.o
                0x080056c0                CVort_draw_box_opening_main
 .text.CVort_read_char_with_echo
                0x08005788      0x100 obj-ep3/src/game/ui.c.o
                0x08005788                CVort_read_char_with_echo
 .text.CVort_isWaitingForCharInput
                0x08005888        0xc obj-ep3/src/game/ui.c.o
                0x08005888                CVort_isWaitingForCharInput
 .text.CVort_draw_string
                0x08005894       0x64 obj-ep3/src/game/ui.c.o
                0x08005894                CVort_draw_string
 .text.CVort_draw_keyname
                0x080058f8      0x16c obj-ep3/src/game/ui.c.o
                0x080058f8                CVort_draw_keyname
 .text.CVort_handle_redef_keys
                0x08005a64      0x240 obj-ep3/src/game/ui.c.o
                0x08005a64                CVort_handle_redef_keys
 .text.CVort_draw_number_word
                0x08005ca4       0x24 obj-ep3/src/game/ui.c.o
                0x08005ca4                CVort_draw_number_word
 .text.CVort_get_string_input
                0x08005cc8       0xd4 obj-ep3/src/game/ui.c.o
                0x08005cc8                CVort_get_string_input
 .text.CVort_fade_in
                0x08005d9c       0x34 obj-ep3/src/game/ui.c.o
                0x08005d9c                CVort_fade_in
 .text.CVort_fade_out
                0x08005dd0       0x40 obj-ep3/src/game/ui.c.o
                0x08005dd0                CVort_fade_out
 .text.CVort_toggle_switch
                0x08005e10      0x278 obj-ep3/src/game/ui.c.o
                0x08005e10                CVort_toggle_switch
 .text.CVort_body_nop
                0x08006088        0x4 obj-ep3/src/game/physics.c.o
                0x08006088                CVort_body_nop
 .text.CVort_body_slide_door
                0x0800608c       0x7c obj-ep3/src/game/physics.c.o
                0x0800608c                CVort_body_slide_door
 .text.CVort_do_scrolling.part.0
                0x08006108      0x118 obj-ep3/src/game/physics.c.o
 .text.CVort_think_contact_nop
                0x08006220        0x4 obj-ep3/src/game/physics.c.o
                0x08006220                CVort_think_contact_nop
 .text.CVort_body_border_flash
                0x08006224       0x54 obj-ep3/src/game/physics.c.o
                0x08006224                CVort_body_border_flash
 .text.CVort_body_bridge_extend
                0x08006278       0x70 obj-ep3/src/game/physics.c.o
                0x08006278                CVort_body_bridge_extend
 .text.CVort_body_bridge_retract
                0x080062e8       0x78 obj-ep3/src/game/physics.c.o
                0x080062e8                CVort_body_bridge_retract
 .text.CVort_contact_nop
                0x08006360        0x4 obj-ep3/src/game/physics.c.o
                0x08006360                CVort_contact_nop
 .text.CVort_default_think
                0x08006364       0x14 obj-ep3/src/game/physics.c.o
                0x08006364                CVort_default_think
 .text.CVort_default_contact
                0x08006378       0x14 obj-ep3/src/game/physics.c.o
                0x08006378                CVort_default_contact
 .text.CVort_kill_keen
                0x0800638c       0x44 obj-ep3/src/game/physics.c.o
                0x0800638c                CVort_kill_keen
 .text.CVort_move_left_right
                0x080063d0       0x84 obj-ep3/src/game/physics.c.o
                0x080063d0                CVort_move_left_right
 .text.CVort_pogo_jump
                0x08006454       0x7c obj-ep3/src/game/physics.c.o
                0x08006454                CVort_pogo_jump
 .text.CVort_check_ceiling
                0x080064d0       0xdc obj-ep3/src/game/physics.c.o
                0x080064d0                CVort_check_ceiling
 .text.CVort_open_door
                0x080065ac      0x120 obj-ep3/src/game/physics.c.o
                0x080065ac                CVort_open_door
 .text.CVort_do_fall
                0x080066cc       0xcc obj-ep3/src/game/physics.c.o
                0x080066cc                CVort_do_fall
 .text.CVort_check_ground
                0x08006798      0x35c obj-ep3/src/game/physics.c.o
                0x08006798                CVort_check_ground
 .text.CVort_compute_sprite_delta
                0x08006af4       0x44 obj-ep3/src/game/physics.c.o
                0x08006af4                CVort_compute_sprite_delta
 .text.CVort_think_dead_sprite
                0x08006b38       0x54 obj-ep3/src/game/physics.c.o
                0x08006b38                CVort_think_dead_sprite
 .text.CVort_think_kill_sprite
                0x08006b8c       0xb4 obj-ep3/src/game/physics.c.o
                0x08006b8c                CVort_think_kill_sprite
 .text.CVort_carry_keen
                0x08006c40      0x1dc obj-ep3/src/game/physics.c.o
                0x08006c40                CVort_carry_keen
 .text.CVort_push_keen
                0x08006e1c       0xdc obj-ep3/src/game/physics.c.o
                0x08006e1c                CVort_push_keen
 .text.CVort_do_scrolling
                0x08006ef8       0x28 obj-ep3/src/game/physics.c.o
                0x08006ef8                CVort_do_scrolling
 .text.CVort_sprite_active_screen
                0x08006f20       0xcc obj-ep3/src/game/physics.c.o
                0x08006f20                CVort_sprite_active_screen
 .text.CVort_detect_sprite_col
                0x08006fec       0x40 obj-ep3/src/game/physics.c.o
                0x08006fec                CVort_detect_sprite_col
 .text.CVort_keen_bgtile_col
                0x0800702c      0x34c obj-ep3/src/game/physics.c.o
                0x0800702c                CVort_keen_bgtile_col
 .text.CVort_think_zapzot
                0x08007378       0x50 obj-ep3/src/game/enemies.c.o
                0x08007378                CVort_think_zapzot
 .text.CVort_contact_youth
                0x080073c8       0x64 obj-ep3/src/game/enemies.c.o
                0x080073c8                CVort_contact_youth
 .text.CVort_think_vorticon_walk
                0x0800742c      0x110 obj-ep3/src/game/enemies.c.o
                0x0800742c                CVort_think_vorticon_walk
 .text.CVort_think_vorticon_jump
                0x0800753c       0x80 obj-ep3/src/game/enemies.c.o
                0x0800753c                CVort_think_vorticon_jump
 .text.CVort_think_vorticon_search
                0x080075bc       0x94 obj-ep3/src/game/enemies.c.o
                0x080075bc                CVort_think_vorticon_search
 .text.CVort_think_youth_walk
                0x08007650       0xc0 obj-ep3/src/game/enemies.c.o
                0x08007650                CVort_think_youth_walk
 .text.CVort_think_youth_jump
                0x08007710       0x78 obj-ep3/src/game/enemies.c.o
                0x08007710                CVort_think_youth_jump
 .text.CVort_think_keen_pogo_ground
                0x08007788       0xe0 obj-ep3/src/game/enemies.c.o
                0x08007788                CVort_think_keen_pogo_ground
 .text.CVort_contact_vorticon
                0x08007868       0xc8 obj-ep3/src/game/enemies.c.o
                0x08007868                CVort_contact_vorticon
 .text.CVort_think_keen_jump_ground
                0x08007930      0x150 obj-ep3/src/game/enemies.c.o
                0x08007930                CVort_think_keen_jump_ground
 .text.CVort_think_keen_ground
                0x08007a80      0x4bc obj-ep3/src/game/enemies.c.o
                0x08007a80                CVort_think_keen_ground
 .text.CVort_think_keen_jump_air
                0x08007f3c      0x1ec obj-ep3/src/game/enemies.c.o
                0x08007f3c                CVort_think_keen_jump_air
 .text.CVort_think_keen_pogo_air
                0x08008128      0x1ec obj-ep3/src/game/enemies.c.o
                0x08008128                CVort_think_keen_pogo_air
 .text.CVort_contact_keengun
                0x08008314       0x64 obj-ep3/src/game/enemies.c.o
                0x08008314                CVort_contact_keengun
 .text.CVort_think_keengun
                0x08008378       0x7c obj-ep3/src/game/enemies.c.o
                0x08008378                CVort_think_keengun
 .text.CVort_add_sprite_vorticon
                0x080083f4       0x98 obj-ep3/src/game/enemies.c.o
                0x080083f4                CVort_add_sprite_vorticon
 .text.CVort_add_sprite_youth
                0x0800848c       0x84 obj-ep3/src/game/enemies.c.o
                0x0800848c                CVort_add_sprite_youth
 .text.CVort_add_sprite_keengun
                0x08008510      0x12c obj-ep3/src/game/enemies.c.o
                0x08008510                CVort_add_sprite_keengun
 .text.CVort_think_keen_shoot
                0x0800863c       0xf0 obj-ep3/src/game/enemies.c.o
                0x0800863c                CVort_think_keen_shoot
 .text.CVort_think_keen_exit
                0x0800872c       0xec obj-ep3/src/game/enemies.c.o
                0x0800872c                CVort_think_keen_exit
 .text.CVort_think_keen_death
                0x08008818       0xa8 obj-ep3/src/game/enemies.c.o
                0x08008818                CVort_think_keen_death
 .text.CVort_think_keen_stunned
                0x080088c0       0xb8 obj-ep3/src/game/enemies.c.o
                0x080088c0                CVort_think_keen_stunned
 .text.gba_updateEgaNonBlinkingTxtNonPalRect
                0x08008978        0x4 obj-ep3/src/render/gfx_gba.c.o
 .text.gba_atrMarkRect
                0x0800897c       0x9c obj-ep3/src/render/gfx_gba.c.o
 .text.gba_ensureMode4.part.0
                0x08008a18       0x5c obj-ep3/src/render/gfx_gba.c.o
 .text.gba_decodeTile.part.0
                0x08008a74      0x10c obj-ep3/src/render/gfx_gba.c.o
 .text.gba_drawTileCommon
                0x08008b80       0x74 obj-ep3/src/render/gfx_gba.c.o
 .text.CVort_engine_adaptiveTileRefresh.part.0
                0x08008bf4      0x194 obj-ep3/src/render/gfx_gba.c.o
 .text.CVort_engine_updateActualDisplay
                0x08008d88       0x58 obj-ep3/src/render/gfx_gba.c.o
                0x08008d88                CVort_engine_updateActualDisplay
 .text.CVort_engine_reactToWindowResize
                0x08008de0        0x4 obj-ep3/src/render/gfx_gba.c.o
                0x08008de0                CVort_engine_reactToWindowResize
 .text.CVort_engine_handleWindowSideChange
                0x08008de4        0x4 obj-ep3/src/render/gfx_gba.c.o
                0x08008de4                CVort_engine_handleWindowSideChange
 .text.CVort_engine_prepareScreen
                0x08008de8       0xe0 obj-ep3/src/render/gfx_gba.c.o
                0x08008de8                CVort_engine_prepareScreen
 .text.CVort_engine_resetWindow
                0x08008ec8       0x10 obj-ep3/src/render/gfx_gba.c.o
                0x08008ec8                CVort_engine_resetWindow
 .text.CVort_engine_setVideoMode
                0x08008ed8       0x44 obj-ep3/src/render/gfx_gba.c.o
                0x08008ed8                CVort_engine_setVideoMode
 .text.CVort_engine_copyToTxtMemory
                0x08008f1c       0x18 obj-ep3/src/render/gfx_gba.c.o
                0x08008f1c                CVort_engine_copyToTxtMemory
 .text.CVort_engine_drawChar
                0x08008f34       0xa8 obj-ep3/src/render/gfx_gba.c.o
                0x08008f34                CVort_engine_drawChar
 .text.CVort_engine_drawSprite
                0x08008fdc      0x10c obj-ep3/src/render/gfx_gba.c.o
                0x08008fdc                CVort_engine_drawSprite
 .text.CVort_engine_drawTile
                0x080090e8       0x78 obj-ep3/src/render/gfx_gba.c.o
                0x080090e8                CVort_engine_drawTile
 .text.CVort_engine_drawBitmap
                0x08009160      0x1e8 obj-ep3/src/render/gfx_gba.c.o
                0x08009160                CVort_engine_drawBitmap
 .text.CVort_engine_drawSpriteAt
                0x08009348       0xf4 obj-ep3/src/render/gfx_gba.c.o
                0x08009348                CVort_engine_drawSpriteAt
 .text.CVort_engine_drawTileAt
                0x0800943c       0xd4 obj-ep3/src/render/gfx_gba.c.o
                0x0800943c                CVort_engine_drawTileAt
 .text.CVort_engine_clearOverlay
                0x08009510       0x1c obj-ep3/src/render/gfx_gba.c.o
                0x08009510                CVort_engine_clearOverlay
 .text.CVort_engine_syncDrawing
                0x0800952c       0xa0 obj-ep3/src/render/gfx_gba.c.o
                0x0800952c                CVort_engine_syncDrawing
 .text.CVort_engine_doDrawing
                0x080095cc      0x188 obj-ep3/src/render/gfx_gba.c.o
                0x080095cc                CVort_engine_doDrawing
 .text.CVort_engine_drawScreen
                0x08009754       0x1c obj-ep3/src/render/gfx_gba.c.o
                0x08009754                CVort_engine_drawScreen
 .text.CVort_engine_scrollText
                0x08009770        0x4 obj-ep3/src/render/gfx_gba.c.o
                0x08009770                CVort_engine_scrollText
 .text.CVort_engine_setBorderColor
                0x08009774       0x38 obj-ep3/src/render/gfx_gba.c.o
                0x08009774                CVort_engine_setBorderColor
 .text.CVort_engine_decompGraphics
                0x080097ac      0x2f8 obj-ep3/src/render/gfx_gba.c.o
                0x080097ac                CVort_engine_decompGraphics
 .text.CVort_engine_gotoXY
                0x08009aa4       0x34 obj-ep3/src/render/gfx_gba.c.o
                0x08009aa4                CVort_engine_gotoXY
 .text.CVort_engine_setPaletteAndBorderColor
                0x08009ad8       0x8c obj-ep3/src/render/gfx_gba.c.o
                0x08009ad8                CVort_engine_setPaletteAndBorderColor
 .text.CVort_engine_showImageFile
                0x08009b64       0x20 obj-ep3/src/render/gfx_gba.c.o
                0x08009b64                CVort_engine_showImageFile
 .text.clear_keys_and_check_for_quit
                0x08009b84       0x50 obj-ep3/src/engine/engine.c.o
 .text.check_for_user_input_and_quit
                0x08009bd4       0x74 obj-ep3/src/engine/engine.c.o
 .text.CVort_engine_parseCalculatedEngineArguments
                0x08009c48      0x11c obj-ep3/src/engine/engine.c.o
                0x08009c48                CVort_engine_parseCalculatedEngineArguments
 .text.CVort_engine_shutdown
                0x08009d64       0x18 obj-ep3/src/engine/engine.c.o
                0x08009d64                CVort_engine_shutdown
 .text.CVort_engine_handleQuit
                0x08009d7c       0x28 obj-ep3/src/engine/engine.c.o
                0x08009d7c                CVort_engine_handleQuit
 .text.CVort_engine_shutdownSDL
                0x08009da4       0x10 obj-ep3/src/engine/engine.c.o
                0x08009da4                CVort_engine_shutdownSDL
 .text.CVort_engine_readGamePort
                0x08009db4       0x18 obj-ep3/src/engine/engine.c.o
                0x08009db4                CVort_engine_readGamePort
 .text.CVort_engine_isJoystickInUse
                0x08009dcc        0x4 obj-ep3/src/engine/engine.c.o
                0x08009dcc                CVort_engine_isJoystickInUse
 .text.CVort_engine_toggleCursorLock
                0x08009dd0       0x1c obj-ep3/src/engine/engine.c.o
                0x08009dd0                CVort_engine_toggleCursorLock
 .text.CVort_engine_pollJoystick
                0x08009dec       0x1c obj-ep3/src/engine/engine.c.o
                0x08009dec                CVort_engine_pollJoystick
 .text.CVort_engine_getKeybCtrlState
                0x08009e08       0xc4 obj-ep3/src/engine/engine.c.o
                0x08009e08                CVort_engine_getKeybCtrlState
 .text.CVort_engine_getMouseCtrl
                0x08009ecc       0xa4 obj-ep3/src/engine/engine.c.o
                0x08009ecc                CVort_engine_getMouseCtrl
 .text.CVort_engine_getJoystickCtrl
                0x08009f70      0x168 obj-ep3/src/engine/engine.c.o
                0x08009f70                CVort_engine_getJoystickCtrl
 .text.CVort_engine_cross_logMessage
                0x0800a0d8       0x60 obj-ep3/src/engine/engine.c.o
                0x0800a0d8                CVort_engine_cross_logMessage
 .text.CVort_engine_start
                0x0800a138       0x78 obj-ep3/src/engine/engine.c.o
                0x0800a138                CVort_engine_start
 .text.CVort_engine_signExtend8To16
                0x0800a1b0       0x10 obj-ep3/src/engine/engine.c.o
                0x0800a1b0                CVort_engine_signExtend8To16
 .text.CVort_engine_toupper
                0x0800a1c0       0x20 obj-ep3/src/engine/engine.c.o
                0x0800a1c0                CVort_engine_toupper
 .text.CVort_engine_puts
                0x0800a1e0      0x13c obj-ep3/src/engine/engine.c.o
                0x0800a1e0                CVort_engine_puts
 .text.CVort_engine_prepareInstructionsScreen
                0x0800a31c       0xa0 obj-ep3/src/engine/engine.c.o
                0x0800a31c                CVort_engine_prepareInstructionsScreen
 .text.gba_snd_loadFromBlob
                0x0800a3bc       0x8c obj-ep3/src/engine/engine_audio_gba.c.o
 .text.CVort_engine_loadSounds
                0x0800a448      0x158 obj-ep3/src/engine/engine_audio_gba.c.o
                0x0800a448                CVort_engine_loadSounds
 .text.CVort_engine_sndCallback
                0x0800a5a0        0x4 obj-ep3/src/engine/engine_audio_gba.c.o
                0x0800a5a0                CVort_engine_sndCallback
 .text.CVort_engine_setCurSound
                0x0800a5a4       0xb4 obj-ep3/src/engine/engine_audio_gba.c.o
                0x0800a5a4                CVort_engine_setCurSound
 .text.CVort_engine_saveCurSound
                0x0800a658       0x24 obj-ep3/src/engine/engine_audio_gba.c.o
                0x0800a658                CVort_engine_saveCurSound
 .text.CVort_engine_restoreCurSound
                0x0800a67c        0x4 obj-ep3/src/engine/engine_audio_gba.c.o
                0x0800a67c                CVort_engine_restoreCurSound
 .text.CVort_engine_finishCurSound
                0x0800a680       0x3c obj-ep3/src/engine/engine_audio_gba.c.o
                0x0800a680                CVort_engine_finishCurSound
 .text.CVort_engine_saveConfigFile
                0x0800a6bc      0x2a8 obj-ep3/src/engine/engine_config.c.o
                0x0800a6bc                CVort_engine_saveConfigFile
 .text.CVort_engine_prepareGameDataFilePathBuffers
                0x0800a964       0x48 obj-ep3/src/engine/engine_io.c.o
                0x0800a964                CVort_engine_prepareGameDataFilePathBuffers
 .text.CVort_engine_cross_ro_data_fopen
                0x0800a9ac       0xb4 obj-ep3/src/engine/engine_io.c.o
                0x0800a9ac                CVort_engine_cross_ro_data_fopen
 .text.CVort_engine_cross_rw_misc_fopen
                0x0800aa60       0x38 obj-ep3/src/engine/engine_io.c.o
                0x0800aa60                CVort_engine_cross_rw_misc_fopen
 .text.CVort_engine_configpath_fopen
                0x0800aa98        0xc obj-ep3/src/engine/engine_io.c.o
                0x0800aa98                CVort_engine_configpath_fopen
 .text.CVort_engine_cross_freadInt8LE
                0x0800aaa4       0x2c obj-ep3/src/engine/engine_io.c.o
                0x0800aaa4                CVort_engine_cross_freadInt8LE
 .text.CVort_engine_cross_freadInt16LE
                0x0800aad0       0x30 obj-ep3/src/engine/engine_io.c.o
                0x0800aad0                CVort_engine_cross_freadInt16LE
 .text.CVort_engine_cross_freadInt32LE
                0x0800ab00       0x30 obj-ep3/src/engine/engine_io.c.o
                0x0800ab00                CVort_engine_cross_freadInt32LE
 .text.CVort_engine_cross_fwriteInt8LE
                0x0800ab30       0x14 obj-ep3/src/engine/engine_io.c.o
                0x0800ab30                CVort_engine_cross_fwriteInt8LE
 .text.CVort_engine_cross_fwriteInt16LE
                0x0800ab44       0x14 obj-ep3/src/engine/engine_io.c.o
                0x0800ab44                CVort_engine_cross_fwriteInt16LE
 .text.CVort_engine_cross_fwriteInt32LE
                0x0800ab58       0x14 obj-ep3/src/engine/engine_io.c.o
                0x0800ab58                CVort_engine_cross_fwriteInt32LE
 .text.load_exe_image.constprop.0
                0x0800ab6c      0x12c obj-ep3/src/engine/engine_loader.c.o
 .text.CVort_engine_prepareEpisodeSpecificFuncPointers
                0x0800ac98       0xe8 obj-ep3/src/engine/engine_loader.c.o
                0x0800ac98                CVort_engine_prepareEpisodeSpecificFuncPointers
 .text.CVort_engine_initializeKeenVersionInfo
                0x0800ad80       0x5c obj-ep3/src/engine/engine_loader.c.o
                0x0800ad80                CVort_engine_initializeKeenVersionInfo
 .text.CVort_engine_loadKeen
                0x0800addc      0x28c obj-ep3/src/engine/engine_loader.c.o
                0x0800addc                CVort_engine_loadKeen
 .text.CVort_private_engine_setTicks
                0x0800b068       0x60 obj-ep3/src/engine/engine_timing.c.o
                0x0800b068                CVort_private_engine_setTicks
 .text.CVort_private_engine_getTicks
                0x0800b0c8       0x5c obj-ep3/src/engine/engine_timing.c.o
                0x0800b0c8                CVort_private_engine_getTicks
 .text.CVort_private_engine_setTicksSync
                0x0800b124        0xc obj-ep3/src/engine/engine_timing.c.o
                0x0800b124                CVort_private_engine_setTicksSync
 .text.CVort_private_engine_getTicksSync
                0x0800b130        0xc obj-ep3/src/engine/engine_timing.c.o
                0x0800b130                CVort_private_engine_getTicksSync
 .text.CVort_engine_delay
                0x0800b13c      0x114 obj-ep3/src/engine/engine_timing.c.o
                0x0800b13c                CVort_engine_delay
 .text.CVort_engine_delayInGameTicks
                0x0800b250      0x1e8 obj-ep3/src/engine/engine_timing.c.o
                0x0800b250                CVort_engine_delayInGameTicks
 .text.CVort_engine_shortSleep
                0x0800b438       0x48 obj-ep3/src/engine/engine_timing.c.o
                0x0800b438                CVort_engine_shortSleep
 .text.CVort_engine_addInputMappingsFromFile
                0x0800b480      0x428 obj-ep3/src/input/input.c.o
                0x0800b480                CVort_engine_addInputMappingsFromFile
 .text.CVort_engine_tryToLoadInputMappings
                0x0800b8a8      0x590 obj-ep3/src/input/input.c.o
                0x0800b8a8                CVort_engine_tryToLoadInputMappings
 .text.CVort_engine_setDefaultInputMappings
                0x0800be38      0x5f8 obj-ep3/src/input/input.c.o
                0x0800be38                CVort_engine_setDefaultInputMappings
 .text.CVort_engine_setupInputMappings
                0x0800c430      0x1a0 obj-ep3/src/input/input.c.o
                0x0800c430                CVort_engine_setupInputMappings
 .text.CVort_engine_teardownInputMappings
                0x0800c5d0       0xd0 obj-ep3/src/input/input.c.o
                0x0800c5d0                CVort_engine_teardownInputMappings
 .text.CVort_engine_handleEvent
                0x0800c6a0      0x238 obj-ep3/src/input/input.c.o
                0x0800c6a0                CVort_engine_handleEvent
 .text.CVort_engine_updateInputStatus
                0x0800c8d8      0xc44 obj-ep3/src/input/input.c.o
                0x0800c8d8                CVort_engine_updateInputStatus
 .text.CK_ActionState_Init
                0x0800d51c       0x24 obj-ep3/src/input/actions.c.o
                0x0800d51c                CK_ActionState_Init
 .text.CK_ActionState_BeginFrame
                0x0800d540       0x3c obj-ep3/src/input/actions.c.o
                0x0800d540                CK_ActionState_BeginFrame
 .text.CK_ActionState_UpdateFromLegacyInput
                0x0800d57c      0x5b4 obj-ep3/src/input/actions.c.o
                0x0800d57c                CK_ActionState_UpdateFromLegacyInput
 .text.CK_Action_IsHeld
                0x0800db30       0x18 obj-ep3/src/input/actions.c.o
                0x0800db30                CK_Action_IsHeld
 .text.CK_Action_HasMenuSelect
                0x0800db48       0x14 obj-ep3/src/input/actions.c.o
                0x0800db48                CK_Action_HasMenuSelect
 .text.CK_Action_HasMenuDismiss
                0x0800db5c       0x10 obj-ep3/src/input/actions.c.o
                0x0800db5c                CK_Action_HasMenuDismiss
 .text.CK_Action_HasUiAck
                0x0800db6c       0x18 obj-ep3/src/input/actions.c.o
                0x0800db6c                CK_Action_HasUiAck
 .text.CVort_gui_runLoop
                0x0800db84        0x4 obj-ep3/src/ui/gui_gba.c.o
                0x0800db84                CVort_gui_runLoop
 .text.CVort3_think_meepshot
                0x0800db88       0x4c obj-ep3/src/episodes/episode3.c.o
                0x0800db88                CVort3_think_meepshot
 .text.CVort3_think_spark
                0x0800dbd4       0x2c obj-ep3/src/episodes/episode3.c.o
                0x0800dbd4                CVort3_think_spark
 .text.CVort3_think_heart
                0x0800dc00       0x38 obj-ep3/src/episodes/episode3.c.o
                0x0800dc00                CVort3_think_heart
 .text.CVort3_think_mangling_arm
                0x0800dc38      0x228 obj-ep3/src/episodes/episode3.c.o
                0x0800dc38                CVort3_think_mangling_arm
 .text.CVort3_think_mangling_leg_awaiting
                0x0800de60       0x28 obj-ep3/src/episodes/episode3.c.o
                0x0800de60                CVort3_think_mangling_leg_awaiting
 .text.CVort3_draw_ordering_info
                0x0800de88       0xb0 obj-ep3/src/episodes/episode3.c.o
                0x0800de88                CVort3_draw_ordering_info
 .text.CVort3_think_vortimom_walk
                0x0800df38       0xd0 obj-ep3/src/episodes/episode3.c.o
                0x0800df38                CVort3_think_vortimom_walk
 .text.CVort3_think_meep_walk
                0x0800e008       0xc4 obj-ep3/src/episodes/episode3.c.o
                0x0800e008                CVort3_think_meep_walk
 .text.CVort3_think_vortininja_jump
                0x0800e0cc       0x40 obj-ep3/src/episodes/episode3.c.o
                0x0800e0cc                CVort3_think_vortininja_jump
 .text.CVort3_think_foob_run
                0x0800e10c       0x64 obj-ep3/src/episodes/episode3.c.o
                0x0800e10c                CVort3_think_foob_run
 .text.CVort3_think_jack
                0x0800e170       0x68 obj-ep3/src/episodes/episode3.c.o
                0x0800e170                CVort3_think_jack
 .text.CVort3_think_ball
                0x0800e1d8       0x50 obj-ep3/src/episodes/episode3.c.o
                0x0800e1d8                CVort3_think_ball
 .text.CVort3_think_platform_move
                0x0800e228       0xa0 obj-ep3/src/episodes/episode3.c.o
                0x0800e228                CVort3_think_platform_move
 .text.CVort3_think_foob_walk
                0x0800e2c8       0xf0 obj-ep3/src/episodes/episode3.c.o
                0x0800e2c8                CVort3_think_foob_walk
 .text.CVort3_think_enemygun_right
                0x0800e3b8       0x74 obj-ep3/src/episodes/episode3.c.o
                0x0800e3b8                CVort3_think_enemygun_right
 .text.CVort3_think_enemygun_down
                0x0800e42c       0x74 obj-ep3/src/episodes/episode3.c.o
                0x0800e42c                CVort3_think_enemygun_down
 .text.CVort3_think_mangling_leg_moving
                0x0800e4a0      0x230 obj-ep3/src/episodes/episode3.c.o
                0x0800e4a0                CVort3_think_mangling_leg_moving
 .text.CVort3_think_vortininja_stand
                0x0800e6d0       0xa0 obj-ep3/src/episodes/episode3.c.o
                0x0800e6d0                CVort3_think_vortininja_stand
 .text.CVort3_think_foob_scared
                0x0800e770       0x78 obj-ep3/src/episodes/episode3.c.o
                0x0800e770                CVort3_think_foob_scared
 .text.CVort3_think_platform_turn
                0x0800e7e8       0x40 obj-ep3/src/episodes/episode3.c.o
                0x0800e7e8                CVort3_think_platform_turn
 .text.CVort3_think_vortimomshot
                0x0800e828       0x70 obj-ep3/src/episodes/episode3.c.o
                0x0800e828                CVort3_think_vortimomshot
 .text.CVort3_contact_vortimomshot
                0x0800e898       0x48 obj-ep3/src/episodes/episode3.c.o
                0x0800e898                CVort3_contact_vortimomshot
 .text.CVort3_contact_vortimom
                0x0800e8e0       0x3c obj-ep3/src/episodes/episode3.c.o
                0x0800e8e0                CVort3_contact_vortimom
 .text.CVort3_think_meep_shoot
                0x0800e91c       0xec obj-ep3/src/episodes/episode3.c.o
                0x0800e91c                CVort3_think_meep_shoot
 .text.CVort3_contact_meep
                0x0800ea08       0x3c obj-ep3/src/episodes/episode3.c.o
                0x0800ea08                CVort3_contact_meep
 .text.CVort3_contact_vortininja
                0x0800ea44       0x3c obj-ep3/src/episodes/episode3.c.o
                0x0800ea44                CVort3_contact_vortininja
 .text.CVort3_contact_foob
                0x0800ea80       0x3c obj-ep3/src/episodes/episode3.c.o
                0x0800ea80                CVort3_contact_foob
 .text.CVort3_contact_spark
                0x0800eabc       0xb8 obj-ep3/src/episodes/episode3.c.o
                0x0800eabc                CVort3_contact_spark
 .text.CVort3_contact_heart
                0x0800eb74       0xac obj-ep3/src/episodes/episode3.c.o
                0x0800eb74                CVort3_contact_heart
 .text.CVort3_think_enemyshot
                0x0800ec20       0x58 obj-ep3/src/episodes/episode3.c.o
                0x0800ec20                CVort3_think_enemyshot
 .text.CVort3_show_pause_menu
                0x0800ec78      0x2cc obj-ep3/src/episodes/episode3.c.o
                0x0800ec78                CVort3_show_pause_menu
 .text.CVort3_add_sprite_vortimom
                0x0800ef44       0x60 obj-ep3/src/episodes/episode3.c.o
                0x0800ef44                CVort3_add_sprite_vortimom
 .text.CVort3_add_sprite_meep
                0x0800efa4       0x70 obj-ep3/src/episodes/episode3.c.o
                0x0800efa4                CVort3_add_sprite_meep
 .text.CVort3_add_sprite_vortininja
                0x0800f014       0x60 obj-ep3/src/episodes/episode3.c.o
                0x0800f014                CVort3_add_sprite_vortininja
 .text.CVort3_add_sprite_foob
                0x0800f074       0x60 obj-ep3/src/episodes/episode3.c.o
                0x0800f074                CVort3_add_sprite_foob
 .text.CVort3_add_sprite_ball
                0x0800f0d4       0x84 obj-ep3/src/episodes/episode3.c.o
                0x0800f0d4                CVort3_add_sprite_ball
 .text.CVort3_add_sprite_jack
                0x0800f158       0x84 obj-ep3/src/episodes/episode3.c.o
                0x0800f158                CVort3_add_sprite_jack
 .text.CVort3_add_sprite_platform_h
                0x0800f1dc       0x50 obj-ep3/src/episodes/episode3.c.o
                0x0800f1dc                CVort3_add_sprite_platform_h
 .text.CVort3_add_sprite_platform_v
                0x0800f22c       0x48 obj-ep3/src/episodes/episode3.c.o
                0x0800f22c                CVort3_add_sprite_platform_v
 .text.CVort3_init_level
                0x0800f274      0x294 obj-ep3/src/episodes/episode3.c.o
                0x0800f274                CVort3_init_level
 .text.CVort3_contact_keen
                0x0800f508       0x78 obj-ep3/src/episodes/episode3.c.o
                0x0800f508                CVort3_contact_keen
 .text.CVort3_add_vortimomshot
                0x0800f580       0xe0 obj-ep3/src/episodes/episode3.c.o
                0x0800f580                CVort3_add_vortimomshot
 .text.CVort3_think_vortimom_shoot
                0x0800f660       0xa4 obj-ep3/src/episodes/episode3.c.o
                0x0800f660                CVort3_think_vortimom_shoot
 .text.CVort3_destory_mangling_tile
                0x0800f704       0x7c obj-ep3/src/episodes/episode3.c.o
                0x0800f704                CVort3_destory_mangling_tile
 .text.CVort3_think_mangling_arm_destruct
                0x0800f780       0xac obj-ep3/src/episodes/episode3.c.o
                0x0800f780                CVort3_think_mangling_arm_destruct
 .text.CVort3_think_mangling_destruct
                0x0800f82c       0x74 obj-ep3/src/episodes/episode3.c.o
                0x0800f82c                CVort3_think_mangling_destruct
 .text.CVort3_inlevel_message
                0x0800f8a0        0x4 obj-ep3/src/episodes/episode3.c.o
                0x0800f8a0                CVort3_inlevel_message
 .text.CVort_draw_box_grand_intellect_1
                0x0800f8a4       0x44 obj-ep3/src/episodes/episode3.c.o
                0x0800f8a4                CVort_draw_box_grand_intellect_1
 .text.CVort_draw_box_grand_intellect_2
                0x0800f8e8       0x44 obj-ep3/src/episodes/episode3.c.o
                0x0800f8e8                CVort_draw_box_grand_intellect_2
 .text.CVort3_delay_grand_intellect
                0x0800f92c       0x54 obj-ep3/src/episodes/episode3.c.o
                0x0800f92c                CVort3_delay_grand_intellect
 .text.CVort3_draw_string_grand_intellect
                0x0800f980       0x5c obj-ep3/src/episodes/episode3.c.o
                0x0800f980                CVort3_draw_string_grand_intellect
 .text.CVort3_handle_grand_intellect
                0x0800f9dc      0x364 obj-ep3/src/episodes/episode3.c.o
                0x0800f9dc                CVort3_handle_grand_intellect
 .text.CVort3_draw_win
                0x0800fd40      0x4b0 obj-ep3/src/episodes/episode3.c.o
                0x0800fd40                CVort3_draw_win
 .text.CVort3_show_ordering
                0x080101f0      0x35c obj-ep3/src/episodes/episode3.c.o
                0x080101f0                CVort3_show_ordering
 .text.CVort3_do_ordering
                0x0801054c       0x5c obj-ep3/src/episodes/episode3.c.o
                0x0801054c                CVort3_do_ordering
 .text.CVort3_draw_scores
                0x080105a8       0xa0 obj-ep3/src/episodes/episode3.c.o
                0x080105a8                CVort3_draw_scores
 .text.CVort3_worldmap_sprites
                0x08010648      0x318 obj-ep3/src/episodes/episode3.c.o
                0x08010648                CVort3_worldmap_sprites
 .text.CVort3_do_messie
                0x08010960      0x430 obj-ep3/src/episodes/episode3.c.o
                0x08010960                CVort3_do_messie
 .text.CVort3_engine_processEXE
                0x08010d90      0x138 obj-ep3/src/episodes/episode3_engine.c.o
                0x08010d90                CVort3_engine_processEXE
 .text.startup.main
                0x08010ec8       0xac obj-ep3/src/platform/gba_main.c.o
                0x08010ec8                main
 .text.SDL_Init
                0x08010f74       0x38 obj-ep3/src/platform/gba_sdl.c.o
                0x08010f74                SDL_Init
 .text.SDL_InitSubSystem
                0x08010fac        0x4 obj-ep3/src/platform/gba_sdl.c.o
                0x08010fac                SDL_InitSubSystem
 .text.SDL_Quit
                0x08010fb0        0x4 obj-ep3/src/platform/gba_sdl.c.o
                0x08010fb0                SDL_Quit
 .text.SDL_GetError
                0x08010fb4        0x8 obj-ep3/src/platform/gba_sdl.c.o
                0x08010fb4                SDL_GetError
 .text.SDL_GetTicks
                0x08010fbc       0x60 obj-ep3/src/platform/gba_sdl.c.o
                0x08010fbc                SDL_GetTicks
 .text.SDL_PollEvent
                0x0801101c        0x4 obj-ep3/src/platform/gba_sdl.c.o
                0x0801101c                SDL_PollEvent
 .text.SDL_NumJoysticks
                0x08011020        0x4 obj-ep3/src/platform/gba_sdl.c.o
                0x08011020                SDL_NumJoysticks
 .text.SDL_JoystickOpen
                0x08011024        0x4 obj-ep3/src/platform/gba_sdl.c.o
                0x08011024                SDL_JoystickOpen
 .text.SDL_JoystickClose
                0x08011028        0x4 obj-ep3/src/platform/gba_sdl.c.o
                0x08011028                SDL_JoystickClose
 .text.SDL_JoystickEventState
                0x0801102c        0x4 obj-ep3/src/platform/gba_sdl.c.o
                0x0801102c                SDL_JoystickEventState
 .text.SDL_JoystickNumAxes
                0x08011030        0x4 obj-ep3/src/platform/gba_sdl.c.o
                0x08011030                SDL_JoystickNumAxes
 .text.SDL_JoystickNumButtons
                0x08011034        0x4 obj-ep3/src/platform/gba_sdl.c.o
                0x08011034                SDL_JoystickNumButtons
 .text.SDL_JoystickNumHats
                0x08011038        0x4 obj-ep3/src/platform/gba_sdl.c.o
                0x08011038                SDL_JoystickNumHats
 .text.SDL_JoystickInstanceID
                0x0801103c        0x4 obj-ep3/src/platform/gba_sdl.c.o
                0x0801103c                SDL_JoystickInstanceID
 .text.SDL_ShowCursor
                0x08011040        0x4 obj-ep3/src/platform/gba_sdl.c.o
                0x08011040                SDL_ShowCursor
 .text.SDL_SetRelativeMouseMode
                0x08011044        0x4 obj-ep3/src/platform/gba_sdl.c.o
                0x08011044                SDL_SetRelativeMouseMode
 .text.SDL_GetRelativeMouseState
                0x08011048       0x14 obj-ep3/src/platform/gba_sdl.c.o
                0x08011048                SDL_GetRelativeMouseState
 .text.SDL_GetRenderDriverInfo
                0x0801105c       0x38 obj-ep3/src/platform/gba_sdl.c.o
                0x0801105c                SDL_GetRenderDriverInfo
 .text.SDL_OpenAudio
                0x08011094       0x1c obj-ep3/src/platform/gba_sdl.c.o
                0x08011094                SDL_OpenAudio
 .text.SDL_CloseAudio
                0x080110b0        0x4 obj-ep3/src/platform/gba_sdl.c.o
                0x080110b0                SDL_CloseAudio
 .text.CK_PlatformSleepMs
                0x080110b4       0x3c obj-ep3/src/platform/sleep_gba.c.o
                0x080110b4                CK_PlatformSleepMs
 .text.ck_set_virtual_key.part.0
                0x080110f0       0x6c obj-ep3/src/platform/input_gba.c.o
 .text.CK_PlatformPrepareInput
                0x0801115c        0x4 obj-ep3/src/platform/input_gba.c.o
                0x0801115c                CK_PlatformPrepareInput
 .text.CK_PlatformPollInputState
                0x08011160       0x7c obj-ep3/src/platform/input_gba.c.o
                0x08011160                CK_PlatformPollInputState
 .text.CK_PlatformApplyInputPolicy
                0x080111dc      0x13c obj-ep3/src/platform/input_gba.c.o
                0x080111dc                CK_PlatformApplyInputPolicy
 .text.CK_PlatformPreferredPlayer1ControlType
                0x08011318        0x4 obj-ep3/src/platform/input_gba.c.o
                0x08011318                CK_PlatformPreferredPlayer1ControlType
 .text.CK_PlatformApplyDefaultJoystickCalibration
                0x0801131c       0x10 obj-ep3/src/platform/input_gba.c.o
                0x0801131c                CK_PlatformApplyDefaultJoystickCalibration
 .text.CK_GBA_ReadSlotDigit
                0x0801132c       0xf4 obj-ep3/src/platform/input_gba.c.o
                0x0801132c                CK_GBA_ReadSlotDigit
 .text.CK_PlatformEnsureRwMiscDir
                0x08011420        0x4 obj-ep3/src/platform/gba_paths.c.o
                0x08011420                CK_PlatformEnsureRwMiscDir
 .text.CK_PlatformBuildRoDataPath
                0x08011424       0x40 obj-ep3/src/platform/gba_paths.c.o
                0x08011424                CK_PlatformBuildRoDataPath
 .text.CK_PlatformBuildExternalGameDataPath
                0x08011464        0x4 obj-ep3/src/platform/gba_paths.c.o
                0x08011464                CK_PlatformBuildExternalGameDataPath
 .text.CK_PlatformBuildRwMiscPath
                0x08011468       0x40 obj-ep3/src/platform/gba_paths.c.o
                0x08011468                CK_PlatformBuildRwMiscPath
 .text.ck_find_rom_entry
                0x080114a8      0x108 obj-ep3/src/platform/gba_fileio.c.o
 .text.ck_gba_lookup_rom
                0x080115b0       0x58 obj-ep3/src/platform/gba_fileio.c.o
                0x080115b0                ck_gba_lookup_rom
 .text.ck_gba_fopen
                0x08011608      0x1b0 obj-ep3/src/platform/gba_fileio.c.o
                0x08011608                ck_gba_fopen
 .text.ck_gba_fclose
                0x080117b8       0x34 obj-ep3/src/platform/gba_fileio.c.o
                0x080117b8                ck_gba_fclose
 .text.ck_gba_fread
                0x080117ec       0x78 obj-ep3/src/platform/gba_fileio.c.o
                0x080117ec                ck_gba_fread
 .text.ck_gba_fwrite
                0x08011864       0x74 obj-ep3/src/platform/gba_fileio.c.o
                0x08011864                ck_gba_fwrite
 .text.ck_gba_fseek
                0x080118d8       0x4c obj-ep3/src/platform/gba_fileio.c.o
                0x080118d8                ck_gba_fseek
 .text.ck_gba_ftell
                0x08011924       0x18 obj-ep3/src/platform/gba_fileio.c.o
                0x08011924                ck_gba_ftell
 .text.ck_gba_rewind
                0x0801193c       0x1c obj-ep3/src/platform/gba_fileio.c.o
                0x0801193c                ck_gba_rewind
 .text.ck_gba_fprintf
                0x08011958        0x8 obj-ep3/src/platform/gba_fileio.c.o
                0x08011958                ck_gba_fprintf
 .text.ck_gba_vfprintf
                0x08011960        0x4 obj-ep3/src/platform/gba_fileio.c.o
                0x08011960                ck_gba_vfprintf
 .text.normalize_name
                0x08011964       0x44 obj-ep3/src/platform/gba_sram.c.o
 .text.find_slot
                0x080119a8       0x7c obj-ep3/src/platform/gba_sram.c.o
 .text.CK_SRAM_Init
                0x08011a24       0x9c obj-ep3/src/platform/gba_sram.c.o
                0x08011a24                CK_SRAM_Init
 .text.CK_SRAM_Read
                0x08011ac0       0x70 obj-ep3/src/platform/gba_sram.c.o
                0x08011ac0                CK_SRAM_Read
 .text.CK_SRAM_Write
                0x08011b30       0xe8 obj-ep3/src/platform/gba_sram.c.o
                0x08011b30                CK_SRAM_Write
 .text          0x08011c18      0x3c4 /opt/devkitpro/libgba/lib/libgba.a(interrupt.o)
                0x08011c18                dummy
                0x08011c1c                InitInterrupt
                0x08011c78                irqInit
                0x08011cd4                SetInterrupt
                0x08011dbc                irqSet
                0x08011ea4                EnableInterrupt
                0x08011ef0                irqEnable
                0x08011f44                DisableInterrupt
                0x08011f90                irqDisable
 .text          0x08011fdc      0x11c /opt/devkitpro/devkitARM/lib/gcc/arm-none-eabi/15.2.0/thumb/libgcc.a(_udivsi3.o)
                0x08011fdc                __udivsi3
                0x08011fdc                __aeabi_uidiv
                0x080120d8                __aeabi_uidivmod
 .text          0x080120f8      0x150 /opt/devkitpro/devkitARM/lib/gcc/arm-none-eabi/15.2.0/thumb/libgcc.a(_divsi3.o)
                0x080120f8                __aeabi_idiv
                0x080120f8                __divsi3
                0x08012228                __aeabi_idivmod
 .text          0x08012248        0x4 /opt/devkitpro/devkitARM/lib/gcc/arm-none-eabi/15.2.0/thumb/libgcc.a(_dvmd_tls.o)
                0x08012248                __aeabi_ldiv0
                0x08012248                __aeabi_idiv0
 .text          0x0801224c       0xd4 /opt/devkitpro/devkitARM/lib/gcc/arm-none-eabi/15.2.0/thumb/libgcc.a(_aeabi_ldivmod.o)
                0x0801224c                __aeabi_ldivmod
 .text.__muldi3
                0x08012320       0x58 /opt/devkitpro/devkitARM/lib/gcc/arm-none-eabi/15.2.0/thumb/libgcc.a(_muldi3.o)
                0x08012320                __aeabi_lmul
                0x08012320                __muldi3
 .text.__udivmoddi4
                0x08012378      0x194 /opt/devkitpro/devkitARM/lib/gcc/arm-none-eabi/15.2.0/thumb/libgcc.a(_udivmoddi4.o)
                0x08012378                __udivmoddi4
 .text          0x0801250c       0x28 /opt/devkitpro/devkitARM/lib/gcc/arm-none-eabi/15.2.0/thumb/libgcc.a(_clzdi2.o)
                0x0801250c                __clzdi2
 .text          0x08012534       0x48 /opt/devkitpro/devkitARM/lib/gcc/arm-none-eabi/15.2.0/thumb/libgcc.a(_clzsi2.o)
                0x08012534                __clzsi2
 .text.critical_factorization
                0x0801257c       0xcc /opt/devkitpro/devkitARM/lib/gcc/arm-none-eabi/15.2.0/../../../../arm-none-eabi/lib/thumb/libg.a(libc_a-strstr.o)
 .text.two_way_long_needle
                0x08012648      0x204 /opt/devkitpro/devkitARM/lib/gcc/arm-none-eabi/15.2.0/../../../../arm-none-eabi/lib/thumb/libg.a(libc_a-strstr.o)
 .text.strstr   0x0801284c      0x1ac /opt/devkitpro/devkitARM/lib/gcc/arm-none-eabi/15.2.0/../../../../arm-none-eabi/lib/thumb/libg.a(libc_a-strstr.o)
                0x0801284c                strstr
 .text.memcpy   0x080129f8       0xac /opt/devkitpro/devkitARM/lib/gcc/arm-none-eabi/15.2.0/../../../../arm-none-eabi/lib/thumb/libg.a(libc_a-memcpy-stub.o)
                0x080129f8                memcpy
 .text.strlen   0x08012aa4       0x60 /opt/devkitpro/devkitARM/lib/gcc/arm-none-eabi/15.2.0/../../../../arm-none-eabi/lib/thumb/libg.a(libc_a-strlen.o)
                0x08012aa4                strlen
 .text.snprintf
                0x08012b04       0x64 /opt/devkitpro/devkitARM/lib/gcc/arm-none-eabi/15.2.0/../../../../arm-none-eabi/lib/thumb/libg.a(libc_a-snprintf.o)
                0x08012b04                snprintf
 .text.strchr   0x08012b68       0xbc /opt/devkitpro/devkitARM/lib/gcc/arm-none-eabi/15.2.0/../../../../arm-none-eabi/lib/thumb/libg.a(libc_a-strchr.o)
                0x08012b68                strchr
 .text.memcmp   0x08012c24       0x48 /opt/devkitpro/devkitARM/lib/gcc/arm-none-eabi/15.2.0/../../../../arm-none-eabi/lib/thumb/libg.a(libc_a-memcmp.o)
                0x08012c24                memcmp
 .text.__errno  0x08012c6c        0xc /opt/devkitpro/devkitARM/lib/gcc/arm-none-eabi/15.2.0/../../../../arm-none-eabi/lib/thumb/libg.a(libc_a-errno.o)
                0x08012c6c                __errno
 .text.strcpy   0x08012c78       0x10 /opt/devkitpro/devkitARM/lib/gcc/arm-none-eabi/15.2.0/../../../../arm-none-eabi/lib/thumb/libg.a(libc_a-strcpy.o)
                0x08012c78                strcpy
 .text.__locale_mb_cur_max
                0x08012c88       0x20 /opt/devkitpro/devkitARM/lib/gcc/arm-none-eabi/15.2.0/../../../../arm-none-eabi/lib/thumb/libg.a(libc_a-locale.o)
                0x08012c88                __locale_mb_cur_max
 .text.memset   0x08012ca8       0x8c /opt/devkitpro/devkitARM/lib/gcc/arm-none-eabi/15.2.0/../../../../arm-none-eabi/lib/thumb/libg.a(libc_a-memset.o)
                0x08012ca8                memset
 .text.atoi     0x08012d34       0x10 /opt/devkitpro/devkitARM/lib/gcc/arm-none-eabi/15.2.0/../../../../arm-none-eabi/lib/thumb/libg.a(libc_a-atoi.o)
                0x08012d34                atoi
 .text._strtol_l.part.0
                0x08012d44      0x25c /opt/devkitpro/devkitARM/lib/gcc/arm-none-eabi/15.2.0/../../../../arm-none-eabi/lib/thumb/libg.a(libc_a-strtol.o)
 .text.strtol   0x08012fa0       0x38 /opt/devkitpro/devkitARM/lib/gcc/arm-none-eabi/15.2.0/../../../../arm-none-eabi/lib/thumb/libg.a(libc_a-strtol.o)
                0x08012fa0                strtol
 .text.__libc_init_array
                0x08012fd8       0x54 /opt/devkitpro/devkitARM/lib/gcc/arm-none-eabi/15.2.0/../../../../arm-none-eabi/lib/thumb/libg.a(libc_a-init.o)
                0x08012fd8                __libc_init_array
 .text.strncpy  0x0801302c       0x68 /opt/devkitpro/devkitARM/lib/gcc/arm-none-eabi/15.2.0/../../../../arm-none-eabi/lib/thumb/libg.a(libc_a-strncpy.o)
                0x0801302c                strncpy
 .text.malloc   0x08013094       0x28 /opt/devkitpro/devkitARM/lib/gcc/arm-none-eabi/15.2.0/../../../../arm-none-eabi/lib/thumb/libg.a(libc_a-malloc.o)
                0x08013094                malloc
 .text.free     0x080130bc       0x14 /opt/devkitpro/devkitARM/lib/gcc/arm-none-eabi/15.2.0/../../../../arm-none-eabi/lib/thumb/libg.a(libc_a-malloc.o)
                0x080130bc                free
 .text.strrchr  0x080130d0       0x30 /opt/devkitpro/devkitARM/lib/gcc/arm-none-eabi/15.2.0/../../../../arm-none-eabi/lib/thumb/libg.a(libc_a-strrchr.o)
                0x080130d0                strrchr
 .text._localeconv_r
                0x08013100       0x20 /opt/devkitpro/devkitARM/lib/gcc/arm-none-eabi/15.2.0/../../../../arm-none-eabi/lib/thumb/libg.a(libc_a-localeconv.o)
                0x08013100                _localeconv_r
 .text.__sread  0x08013120       0x34 /opt/devkitpro/devkitARM/lib/gcc/arm-none-eabi/15.2.0/../../../../arm-none-eabi/lib/thumb/libg.a(libc_a-stdio.o)
                0x08013120                __sread
 .text.__swrite
                0x08013154       0x4c /opt/devkitpro/devkitARM/lib/gcc/arm-none-eabi/15.2.0/../../../../arm-none-eabi/lib/thumb/libg.a(libc_a-stdio.o)
                0x08013154                __swrite
 .text.__sseek  0x080131a0       0x3c /opt/devkitpro/devkitARM/lib/gcc/arm-none-eabi/15.2.0/../../../../arm-none-eabi/lib/thumb/libg.a(libc_a-stdio.o)
                0x080131a0                __sseek
 .text.__sclose
                0x080131dc       0x10 /opt/devkitpro/devkitARM/lib/gcc/arm-none-eabi/15.2.0/../../../../arm-none-eabi/lib/thumb/libg.a(libc_a-stdio.o)
                0x080131dc                __sclose
 .text.memmove  0x080131ec      0x108 /opt/devkitpro/devkitARM/lib/gcc/arm-none-eabi/15.2.0/../../../../arm-none-eabi/lib/thumb/libg.a(libc_a-memmove.o)
                0x080131ec                memmove
 .text._realloc_r
                0x080132f4      0x344 /opt/devkitpro/devkitARM/lib/gcc/arm-none-eabi/15.2.0/../../../../arm-none-eabi/lib/thumb/libg.a(libc_a-reallocr.o)
                0x080132f4                _realloc_r
 .text.__malloc_lock
                0x08013638       0x14 /opt/devkitpro/devkitARM/lib/gcc/arm-none-eabi/15.2.0/../../../../arm-none-eabi/lib/thumb/libg.a(libc_a-mlock.o)
                0x08013638                __malloc_lock
 .text.__malloc_unlock
                0x0801364c       0x14 /opt/devkitpro/devkitARM/lib/gcc/arm-none-eabi/15.2.0/../../../../arm-none-eabi/lib/thumb/libg.a(libc_a-mlock.o)
                0x0801364c                __malloc_unlock
 .text.time     0x08013660       0x38 /opt/devkitpro/devkitARM/lib/gcc/arm-none-eabi/15.2.0/../../../../arm-none-eabi/lib/thumb/libg.a(libc_a-time.o)
                0x08013660                time
 .text.__call_exitprocs
                0x08013698        0xc /opt/devkitpro/devkitARM/lib/gcc/arm-none-eabi/15.2.0/../../../../arm-none-eabi/lib/thumb/libg.a(libc_a-exit.o)
                0x08013698                __call_exitprocs
 .text.exit     0x080136a4       0x24 /opt/devkitpro/devkitARM/lib/gcc/arm-none-eabi/15.2.0/../../../../arm-none-eabi/lib/thumb/libg.a(libc_a-exit.o)
                0x080136a4                exit
 .text.get_arg  0x080136c8      0x404 /opt/devkitpro/devkitARM/lib/gcc/arm-none-eabi/15.2.0/../../../../arm-none-eabi/lib/thumb/libg.a(libc_a-svfprintf.o)
 .text._svfprintf_r
                0x08013acc     0x22e0 /opt/devkitpro/devkitARM/lib/gcc/arm-none-eabi/15.2.0/../../../../arm-none-eabi/lib/thumb/libg.a(libc_a-svfprintf.o)
                0x08013acc                _svfprintf_r
 .text.__utf8_wctomb
                0x08015dac       0xbc /opt/devkitpro/devkitARM/lib/gcc/arm-none-eabi/15.2.0/../../../../arm-none-eabi/lib/thumb/libg.a(libc_a-wctomb_r.o)
                0x08015dac                __utf8_wctomb
 .text.__libc_fini_array
                0x08015e68       0x30 /opt/devkitpro/devkitARM/lib/gcc/arm-none-eabi/15.2.0/../../../../arm-none-eabi/lib/thumb/libg.a(libc_a-fini.o)
                0x08015e68                __libc_fini_array
 .text.strnlen  0x08015e98       0x20 /opt/devkitpro/devkitARM/lib/gcc/arm-none-eabi/15.2.0/../../../../arm-none-eabi/lib/thumb/libg.a(libc_a-strnlen.o)
                0x08015e98                strnlen
 .text.strncmp  0x08015eb8       0x70 /opt/devkitpro/devkitARM/lib/gcc/arm-none-eabi/15.2.0/../../../../arm-none-eabi/lib/thumb/libg.a(libc_a-strncmp.o)
                0x08015eb8                strncmp
 .text.frexp    0x08015f28       0x74 /opt/devkitpro/devkitARM/lib/gcc/arm-none-eabi/15.2.0/../../../../arm-none-eabi/lib/thumb/libg.a(libm_a-s_frexp.o)
                0x08015f28                frexp
 .text.__assert_func
                0x08015f9c       0x40 /opt/devkitpro/devkitARM/lib/gcc/arm-none-eabi/15.2.0/../../../../arm-none-eabi/lib/thumb/libg.a(libc_a-assert.o)
                0x08015f9c                __assert_func
 .text._Balloc  0x08015fdc       0x5c /opt/devkitpro/devkitARM/lib/gcc/arm-none-eabi/15.2.0/../../../../arm-none-eabi/lib/thumb/libg.a(libc_a-mprec.o)
                0x08015fdc                _Balloc
 .text._Bfree   0x08016038       0x14 /opt/devkitpro/devkitARM/lib/gcc/arm-none-eabi/15.2.0/../../../../arm-none-eabi/lib/thumb/libg.a(libc_a-mprec.o)
                0x08016038                _Bfree
 .text.__multadd
                0x0801604c       0xa8 /opt/devkitpro/devkitARM/lib/gcc/arm-none-eabi/15.2.0/../../../../arm-none-eabi/lib/thumb/libg.a(libc_a-mprec.o)
                0x0801604c                __multadd
 .text.__hi0bits
                0x080160f4       0x60 /opt/devkitpro/devkitARM/lib/gcc/arm-none-eabi/15.2.0/../../../../arm-none-eabi/lib/thumb/libg.a(libc_a-mprec.o)
                0x080160f4                __hi0bits
 .text.__lo0bits
                0x08016154       0x8c /opt/devkitpro/devkitARM/lib/gcc/arm-none-eabi/15.2.0/../../../../arm-none-eabi/lib/thumb/libg.a(libc_a-mprec.o)
                0x08016154                __lo0bits
 .text.__i2b    0x080161e0       0x64 /opt/devkitpro/devkitARM/lib/gcc/arm-none-eabi/15.2.0/../../../../arm-none-eabi/lib/thumb/libg.a(libc_a-mprec.o)
                0x080161e0                __i2b
 .text.__multiply
                0x08016244      0x1b4 /opt/devkitpro/devkitARM/lib/gcc/arm-none-eabi/15.2.0/../../../../arm-none-eabi/lib/thumb/libg.a(libc_a-mprec.o)
                0x08016244                __multiply
 .text.__pow5mult
                0x080163f8       0xd8 /opt/devkitpro/devkitARM/lib/gcc/arm-none-eabi/15.2.0/../../../../arm-none-eabi/lib/thumb/libg.a(libc_a-mprec.o)
                0x080163f8                __pow5mult
 .text.__lshift
                0x080164d0       0xf8 /opt/devkitpro/devkitARM/lib/gcc/arm-none-eabi/15.2.0/../../../../arm-none-eabi/lib/thumb/libg.a(libc_a-mprec.o)
                0x080164d0                __lshift
 .text.__mcmp   0x080165c8       0x50 /opt/devkitpro/devkitARM/lib/gcc/arm-none-eabi/15.2.0/../../../../arm-none-eabi/lib/thumb/libg.a(libc_a-mprec.o)
                0x080165c8                __mcmp
 .text.__mdiff  0x08016618      0x1a4 /opt/devkitpro/devkitARM/lib/gcc/arm-none-eabi/15.2.0/../../../../arm-none-eabi/lib/thumb/libg.a(libc_a-mprec.o)
                0x08016618                __mdiff
 .text.__d2b    0x080167bc       0xd4 /opt/devkitpro/devkitARM/lib/gcc/arm-none-eabi/15.2.0/../../../../arm-none-eabi/lib/thumb/libg.a(libc_a-mprec.o)
                0x080167bc                __d2b
 .text._wcrtomb_r
                0x08016890       0x88 /opt/devkitpro/devkitARM/lib/gcc/arm-none-eabi/15.2.0/../../../../arm-none-eabi/lib/thumb/libg.a(libc_a-wcrtomb.o)
                0x08016890                _wcrtomb_r
 .text.__ssprint_r
                0x08016918       0x60 /opt/devkitpro/devkitARM/lib/gcc/arm-none-eabi/15.2.0/../../../../arm-none-eabi/lib/thumb/libg.a(libc_a-ssprint_r.o)
                0x08016918                __ssprint_r
 .text.__utf8_mbtowc
                0x08016978      0x24c /opt/devkitpro/devkitARM/lib/gcc/arm-none-eabi/15.2.0/../../../../arm-none-eabi/lib/thumb/libg.a(libc_a-mbtowc_r.o)
                0x08016978                __utf8_mbtowc
 .text.fiprintf
                0x08016bc4       0x28 /opt/devkitpro/devkitARM/lib/gcc/arm-none-eabi/15.2.0/../../../../arm-none-eabi/lib/thumb/libg.a(libc_a-fiprintf.o)
                0x08016bc4                fiprintf
 .text._memalign_r
                0x08016bec      0x118 /opt/devkitpro/devkitARM/lib/gcc/arm-none-eabi/15.2.0/../../../../arm-none-eabi/lib/thumb/libg.a(libc_a-malignr.o)
                0x08016bec                _memalign_r
 .text.abort    0x08016d04       0x10 /opt/devkitpro/devkitARM/lib/gcc/arm-none-eabi/15.2.0/../../../../arm-none-eabi/lib/thumb/libg.a(libc_a-abort.o)
                0x08016d04                abort
 .text._calloc_r
                0x08016d14       0xcc /opt/devkitpro/devkitARM/lib/gcc/arm-none-eabi/15.2.0/../../../../arm-none-eabi/lib/thumb/libg.a(libc_a-callocr.o)
                0x08016d14                _calloc_r
 .text.__sflush_r
                0x08016de0      0x180 /opt/devkitpro/devkitARM/lib/gcc/arm-none-eabi/15.2.0/../../../../arm-none-eabi/lib/thumb/libg.a(libc_a-fflush.o)
                0x08016de0                __sflush_r
 .text._fflush_r
                0x08016f60       0x70 /opt/devkitpro/devkitARM/lib/gcc/arm-none-eabi/15.2.0/../../../../arm-none-eabi/lib/thumb/libg.a(libc_a-fflush.o)
                0x08016f60                _fflush_r
 .text._malloc_r
                0x08016fd0      0x550 /opt/devkitpro/devkitARM/lib/gcc/arm-none-eabi/15.2.0/../../../../arm-none-eabi/lib/thumb/libg.a(libc_a-mallocr.o)
                0x08016fd0                _malloc_r
 .text.quorem   0x08017520      0x160 /opt/devkitpro/devkitARM/lib/gcc/arm-none-eabi/15.2.0/../../../../arm-none-eabi/lib/thumb/libg.a(libc_a-dtoa.o)
 .text._dtoa_r  0x08017680     0x10a0 /opt/devkitpro/devkitARM/lib/gcc/arm-none-eabi/15.2.0/../../../../arm-none-eabi/lib/thumb/libg.a(libc_a-dtoa.o)
                0x08017680                _dtoa_r
 .text._malloc_trim_r
                0x08018720       0xac /opt/devkitpro/devkitARM/lib/gcc/arm-none-eabi/15.2.0/../../../../arm-none-eabi/lib/thumb/libg.a(libc_a-freer.o)
                0x08018720                _malloc_trim_r
 .text._free_r  0x080187cc      0x1d8 /opt/devkitpro/devkitARM/lib/gcc/arm-none-eabi/15.2.0/../../../../arm-none-eabi/lib/thumb/libg.a(libc_a-freer.o)
                0x080187cc                _free_r
 .text.stdio_exit_handler
                0x080189a4       0x20 /opt/devkitpro/devkitARM/lib/gcc/arm-none-eabi/15.2.0/../../../../arm-none-eabi/lib/thumb/libg.a(libc_a-findfp.o)
 .text.cleanup_stdio
                0x080189c4       0x40 /opt/devkitpro/devkitARM/lib/gcc/arm-none-eabi/15.2.0/../../../../arm-none-eabi/lib/thumb/libg.a(libc_a-findfp.o)
 .text.global_stdio_init.part.0
                0x08018a04      0x120 /opt/devkitpro/devkitARM/lib/gcc/arm-none-eabi/15.2.0/../../../../arm-none-eabi/lib/thumb/libg.a(libc_a-findfp.o)
 .text.__sinit  0x08018b24       0x3c /opt/devkitpro/devkitARM/lib/gcc/arm-none-eabi/15.2.0/../../../../arm-none-eabi/lib/thumb/libg.a(libc_a-findfp.o)
                0x08018b24                __sinit
 .text.__sfp_lock_acquire
                0x08018b60       0x14 /opt/devkitpro/devkitARM/lib/gcc/arm-none-eabi/15.2.0/../../../../arm-none-eabi/lib/thumb/libg.a(libc_a-findfp.o)
                0x08018b60                __sfp_lock_acquire
 .text.__sfp_lock_release
                0x08018b74       0x14 /opt/devkitpro/devkitARM/lib/gcc/arm-none-eabi/15.2.0/../../../../arm-none-eabi/lib/thumb/libg.a(libc_a-findfp.o)
                0x08018b74                __sfp_lock_release
 .text.memchr   0x08018b88       0x74 /opt/devkitpro/devkitARM/lib/gcc/arm-none-eabi/15.2.0/../../../../arm-none-eabi/lib/thumb/libg.a(libc_a-memchr-stub.o)
                0x08018b88                memchr
 .text._wcsrtombs_r
                0x08018bfc       0x20 /opt/devkitpro/devkitARM/lib/gcc/arm-none-eabi/15.2.0/../../../../arm-none-eabi/lib/thumb/libg.a(libc_a-wcsrtombs.o)
                0x08018bfc                _wcsrtombs_r
 .text._fclose_r
                0x08018c1c       0xe0 /opt/devkitpro/devkitARM/lib/gcc/arm-none-eabi/15.2.0/../../../../arm-none-eabi/lib/thumb/libg.a(libc_a-fclose.o)
                0x08018c1c                _fclose_r
 .text.__ssputs_r
                0x08018cfc       0xd4 /opt/devkitpro/devkitARM/lib/gcc/arm-none-eabi/15.2.0/../../../../arm-none-eabi/lib/thumb/libg.a(libc_a-ssputs_r.o)
                0x08018cfc                __ssputs_r
 .text.get_arg  0x08018dd0      0x404 /opt/devkitpro/devkitARM/lib/gcc/arm-none-eabi/15.2.0/../../../../arm-none-eabi/lib/thumb/libg.a(libc_a-vfiprintf.o)
 .text._vfiprintf_r
                0x080191d4     0x16d8 /opt/devkitpro/devkitARM/lib/gcc/arm-none-eabi/15.2.0/../../../../arm-none-eabi/lib/thumb/libg.a(libc_a-vfiprintf.o)
                0x080191d4                _vfiprintf_r
 .text.__sbprintf
                0x0801a8ac       0x7c /opt/devkitpro/devkitARM/lib/gcc/arm-none-eabi/15.2.0/../../../../arm-none-eabi/lib/thumb/libg.a(libc_a-vfiprintf.o)
 .text._wcsnrtombs_l
                0x0801a928      0x120 /opt/devkitpro/devkitARM/lib/gcc/arm-none-eabi/15.2.0/../../../../arm-none-eabi/lib/thumb/libg.a(libc_a-wcsnrtombs.o)
                0x0801a928                _wcsnrtombs_l
 .text._wcsnrtombs_r
                0x0801aa48       0x40 /opt/devkitpro/devkitARM/lib/gcc/arm-none-eabi/15.2.0/../../../../arm-none-eabi/lib/thumb/libg.a(libc_a-wcsnrtombs.o)
                0x0801aa48                _wcsnrtombs_r
 .text._fwalk_sglue
                0x0801aa88       0x4c /opt/devkitpro/devkitARM/lib/gcc/arm-none-eabi/15.2.0/../../../../arm-none-eabi/lib/thumb/libg.a(libc_a-fwalk.o)
                0x0801aa88                _fwalk_sglue
 .text._raise_r
                0x0801aad4       0x60 /opt/devkitpro/devkitARM/lib/gcc/arm-none-eabi/15.2.0/../../../../arm-none-eabi/lib/thumb/libg.a(libc_a-signal.o)
                0x0801aad4                _raise_r
 .text.raise    0x0801ab34       0x14 /opt/devkitpro/devkitARM/lib/gcc/arm-none-eabi/15.2.0/../../../../arm-none-eabi/lib/thumb/libg.a(libc_a-signal.o)
                0x0801ab34                raise
 .text.__sprint_r
                0x0801ab48       0x24 /opt/devkitpro/devkitARM/lib/gcc/arm-none-eabi/15.2.0/../../../../arm-none-eabi/lib/thumb/libg.a(libc_a-sprint_r.o)
                0x0801ab48                __sprint_r
 .text.__swsetup_r
                0x0801ab6c       0xd4 /opt/devkitpro/devkitARM/lib/gcc/arm-none-eabi/15.2.0/../../../../arm-none-eabi/lib/thumb/libg.a(libc_a-wsetup.o)
                0x0801ab6c                __swsetup_r
 .text.__sfvwrite_r
                0x0801ac40      0x31c /opt/devkitpro/devkitARM/lib/gcc/arm-none-eabi/15.2.0/../../../../arm-none-eabi/lib/thumb/libg.a(libc_a-fvwrite.o)
                0x0801ac40                __sfvwrite_r
 .text.__smakebuf_r
                0x0801af5c       0xe0 /opt/devkitpro/devkitARM/lib/gcc/arm-none-eabi/15.2.0/../../../../arm-none-eabi/lib/thumb/libg.a(libc_a-makebuf.o)
                0x0801af5c                __smakebuf_r
 .text._exit    0x0801b03c       0x14 /opt/devkitpro/devkitARM/lib/gcc/arm-none-eabi/15.2.0/../../../../arm-none-eabi/lib/thumb/libsysbase.a(libsysbase_libsysbase_a-_exit.o)
                0x0801b03c                _exit
 .text._fstat_r
                0x0801b050       0x5c /opt/devkitpro/devkitARM/lib/gcc/arm-none-eabi/15.2.0/../../../../arm-none-eabi/lib/thumb/libsysbase.a(libsysbase_libsysbase_a-fstat.o)
                0x0801b050                _fstat_r
 .text._getpid_r
                0x0801b0ac        0xc /opt/devkitpro/devkitARM/lib/gcc/arm-none-eabi/15.2.0/../../../../arm-none-eabi/lib/thumb/libsysbase.a(libsysbase_libsysbase_a-getpid.o)
                0x0801b0ac                _getpid_r
 .text.__getreent
                0x0801b0b8       0x20 /opt/devkitpro/devkitARM/lib/gcc/arm-none-eabi/15.2.0/../../../../arm-none-eabi/lib/thumb/libsysbase.a(libsysbase_libsysbase_a-getreent.o)
                0x0801b0b8                __getreent
 .text._gettimeofday_r
                0x0801b0d8       0x20 /opt/devkitpro/devkitARM/lib/gcc/arm-none-eabi/15.2.0/../../../../arm-none-eabi/lib/thumb/libsysbase.a(libsysbase_libsysbase_a-gettod.o)
                0x0801b0d8                _gettimeofday_r
 .text.__get_handle
                0x0801b0f8       0x34 /opt/devkitpro/devkitARM/lib/gcc/arm-none-eabi/15.2.0/../../../../arm-none-eabi/lib/thumb/libsysbase.a(libsysbase_libsysbase_a-handle_manager.o)
                0x0801b0f8                __get_handle
 .text._close_r
                0x0801b12c       0xb0 /opt/devkitpro/devkitARM/lib/gcc/arm-none-eabi/15.2.0/../../../../arm-none-eabi/lib/thumb/libsysbase.a(libsysbase_libsysbase_a-handle_manager.o)
                0x0801b12c                _close_r
 .text.null_write
                0x0801b1dc        0x4 /opt/devkitpro/devkitARM/lib/gcc/arm-none-eabi/15.2.0/../../../../arm-none-eabi/lib/thumb/libsysbase.a(libsysbase_libsysbase_a-iosupport.o)
 .text._isatty_r
                0x0801b1e0        0x4 /opt/devkitpro/devkitARM/lib/gcc/arm-none-eabi/15.2.0/../../../../arm-none-eabi/lib/thumb/libsysbase.a(libsysbase_libsysbase_a-isatty.o)
                0x0801b1e0                _isatty_r
 .text._kill_r  0x0801b1e4        0xc /opt/devkitpro/devkitARM/lib/gcc/arm-none-eabi/15.2.0/../../../../arm-none-eabi/lib/thumb/libsysbase.a(libsysbase_libsysbase_a-kill.o)
                0x0801b1e4                _kill_r
 .text._lseek_r
                0x0801b1f0       0x64 /opt/devkitpro/devkitARM/lib/gcc/arm-none-eabi/15.2.0/../../../../arm-none-eabi/lib/thumb/libsysbase.a(libsysbase_libsysbase_a-lseek.o)
                0x0801b1f0                _lseek_r
 .text._read_r  0x0801b254       0x5c /opt/devkitpro/devkitARM/lib/gcc/arm-none-eabi/15.2.0/../../../../arm-none-eabi/lib/thumb/libsysbase.a(libsysbase_libsysbase_a-read.o)
                0x0801b254                _read_r
 .text._sbrk_r  0x0801b2b0       0x50 /opt/devkitpro/devkitARM/lib/gcc/arm-none-eabi/15.2.0/../../../../arm-none-eabi/lib/thumb/libsysbase.a(libsysbase_libsysbase_a-sbrk.o)
                0x0801b2b0                _sbrk_r
 .text.__libc_lock_acquire
                0x0801b300       0x18 /opt/devkitpro/devkitARM/lib/gcc/arm-none-eabi/15.2.0/../../../../arm-none-eabi/lib/thumb/libsysbase.a(libsysbase_libsysbase_a-syscall_support.o)
                0x0801b300                __libc_lock_acquire
 .text.__libc_lock_release
                0x0801b318       0x18 /opt/devkitpro/devkitARM/lib/gcc/arm-none-eabi/15.2.0/../../../../arm-none-eabi/lib/thumb/libsysbase.a(libsysbase_libsysbase_a-syscall_support.o)
                0x0801b318                __libc_lock_release
 .text.__libc_lock_acquire_recursive
                0x0801b330       0x18 /opt/devkitpro/devkitARM/lib/gcc/arm-none-eabi/15.2.0/../../../../arm-none-eabi/lib/thumb/libsysbase.a(libsysbase_libsysbase_a-syscall_support.o)
                0x0801b330                __libc_lock_acquire_recursive
 .text.__libc_lock_release_recursive
                0x0801b348       0x18 /opt/devkitpro/devkitARM/lib/gcc/arm-none-eabi/15.2.0/../../../../arm-none-eabi/lib/thumb/libsysbase.a(libsysbase_libsysbase_a-syscall_support.o)
                0x0801b348                __libc_lock_release_recursive
 .text._write_r
                0x0801b360       0x5c /opt/devkitpro/devkitARM/lib/gcc/arm-none-eabi/15.2.0/../../../../arm-none-eabi/lib/thumb/libsysbase.a(libsysbase_libsysbase_a-write.o)
                0x0801b360                _write_r
 .text          0x0801b3bc       0x14 /opt/devkitpro/devkitARM/lib/gcc/arm-none-eabi/15.2.0/thumb/libgcc.a(_thumb1_case_uqi.o)
                0x0801b3bc                __gnu_thumb1_case_uqi
 .text          0x0801b3d0       0x14 /opt/devkitpro/devkitARM/lib/gcc/arm-none-eabi/15.2.0/thumb/libgcc.a(_thumb1_case_uhi.o)
                0x0801b3d0                __gnu_thumb1_case_uhi
 .text          0x0801b3e4      0x424 /opt/devkitpro/devkitARM/lib/gcc/arm-none-eabi/15.2.0/thumb/libgcc.a(_arm_addsubdf3.o)
                0x0801b3e4                __aeabi_drsub
                0x0801b3ec                __subdf3
                0x0801b3ec                __aeabi_dsub
                0x0801b3f0                __aeabi_dadd
                0x0801b3f0                __adddf3
                0x0801b700                __aeabi_ui2d
                0x0801b700                __floatunsidf
                0x0801b724                __floatsidf
                0x0801b724                __aeabi_i2d
                0x0801b74c                __extendsfdf2
                0x0801b74c                __aeabi_f2d
                0x0801b794                __aeabi_ul2d
                0x0801b794                __floatundidf
                0x0801b7a8                __aeabi_l2d
                0x0801b7a8                __floatdidf
 .text          0x0801b808      0x49c /opt/devkitpro/devkitARM/lib/gcc/arm-none-eabi/15.2.0/thumb/libgcc.a(_arm_muldivdf3.o)
                0x0801b808                __aeabi_dmul
                0x0801b808                __muldf3
                0x0801ba98                __aeabi_ddiv
                0x0801ba98                __divdf3
 .text          0x0801bca4      0x144 /opt/devkitpro/devkitARM/lib/gcc/arm-none-eabi/15.2.0/thumb/libgcc.a(_arm_cmpdf2.o)
                0x0801bca4                __gedf2
                0x0801bca4                __gtdf2
                0x0801bcac                __ledf2
                0x0801bcac                __ltdf2
                0x0801bcb4                __cmpdf2
                0x0801bcb4                __eqdf2
                0x0801bcb4                __nedf2
                0x0801bd3c                __aeabi_cdrcmple
                0x0801bd58                __aeabi_cdcmple
                0x0801bd58                __aeabi_cdcmpeq
                0x0801bd70                __aeabi_dcmpeq
                0x0801bd88                __aeabi_dcmplt
                0x0801bda0                __aeabi_dcmple
                0x0801bdb8                __aeabi_dcmpge
                0x0801bdd0                __aeabi_dcmpgt
 .text          0x0801bde8       0x38 /opt/devkitpro/devkitARM/lib/gcc/arm-none-eabi/15.2.0/thumb/libgcc.a(_arm_unorddf2.o)
                0x0801bde8                __aeabi_dcmpun
                0x0801bde8                __unorddf2
 .text          0x0801be20       0x5c /opt/devkitpro/devkitARM/lib/gcc/arm-none-eabi/15.2.0/thumb/libgcc.a(_arm_fixdfsi.o)
                0x0801be20                __fixdfsi
                0x0801be20                __aeabi_d2iz
 .text          0x0801be7c       0x3c /opt/devkitpro/devkitARM/lib/gcc/arm-none-eabi/15.2.0/thumb/libgcc.a(_aeabi_uldivmod.o)
                0x0801be7c                __aeabi_uldivmod
 .text.__stub   0x0801beb8       0xbc linker stubs
 *(.gnu.linkonce.t.*)
 *(.text.*personality*)
 *(.gnu.warning)
 *(.glue_7t)
 .glue_7t       0x0801bf74        0x0 linker stubs
 *(.glue_7)
 .glue_7        0x0801bf74        0x0 linker stubs
 *(.vfp11_veneer)
 .vfp11_veneer  0x0801bf74        0x0 linker stubs
                0x0801bf74                        . = ALIGN (0x4)
                0x0801bf80                        __text_end = .

.v4_bx          0x0801bf80        0x0
 .v4_bx         0x0801bf80        0x0 linker stubs

.iplt           0x0801bf80        0x0
 .iplt          0x0801bf80        0x0 /opt/devkitpro/devkitARM/lib/gcc/arm-none-eabi/15.2.0/../../../../arm-none-eabi/lib/thumb/gba_crt0.o

.fini           0x0801bf80        0xc
 *(.fini)
 .fini          0x0801bf80        0x4 /opt/devkitpro/devkitARM/lib/gcc/arm-none-eabi/15.2.0/thumb/crti.o
                0x0801bf80                _fini
 .fini          0x0801bf84        0x8 /opt/devkitpro/devkitARM/lib/gcc/arm-none-eabi/15.2.0/thumb/crtn.o
                0x0801bf8c                        . = ALIGN (0x4)

.rodata         0x0801bf90    0xd5438
 *(.rodata)
 .rodata        0x0801bf90       0x31 obj-ep3/src/game/worldmap.c.o
 *fill*         0x0801bfc1        0x3 ff
 .rodata        0x0801bfc4      0x1b8 obj-ep3/src/game/menus.c.o
 .rodata        0x0801c17c       0x76 obj-ep3/src/episodes/episode3.c.o
 *all.rodata*(*)
 *(.roda)
 *(.rodata.*)
 *fill*         0x0801c1f2        0x2 ff
 .rodata.CVort_start_cheating.str1.4
                0x0801c1f4     0x21d8 obj-ep3/src/game/gameplay.c.o
                                 0xa9 (size before relaxing)
 .rodata.CVort_handle_cheat_keys.str1.4
                0x0801e3cc        0x0 obj-ep3/src/game/gameplay.c.o
                                 0x26 (size before relaxing)
 .rodata.CVort_main_loop.str1.4
                0x0801e3cc        0x0 obj-ep3/src/game/gameplay.c.o
                                 0x30 (size before relaxing)
 .rodata.CVort_load_level_data.str1.4
                0x0801e3cc        0x0 obj-ep3/src/game/gameplay.c.o
                                 0x13 (size before relaxing)
 .rodata.CVort_handle_quit.str1.4
                0x0801e3cc        0x0 obj-ep3/src/game/gameplay.c.o
                                 0x29 (size before relaxing)
 .rodata.CVort_main.str1.4
                0x0801e3cc        0x0 obj-ep3/src/game/gameplay.c.o
                                0x164 (size before relaxing)
 .rodata.CVort_calibrate_joystick.str1.4
                0x0801e3cc        0x0 obj-ep3/src/game/gameplay.c.o
                                 0xae (size before relaxing)
 .rodata.CVort_handle_global_keys.str1.4
                0x0801e3cc        0x0 obj-ep3/src/game/gameplay.c.o
                                  0xd (size before relaxing)
 .rodata.CVort_draw_level
                0x0801e3cc       0x34 obj-ep3/src/game/gameplay.c.o
 .rodata.CVort_game_over.str1.4
                0x0801e400        0x0 obj-ep3/src/game/worldmap.c.o
                                 0x97 (size before relaxing)
 .rodata.CVort_show_keens_left.str1.4
                0x0801e400        0x0 obj-ep3/src/game/worldmap.c.o
                                  0xe (size before relaxing)
 .rodata.CVort_move_worldmap
                0x0801e400       0x20 obj-ep3/src/game/worldmap.c.o
 .rodata.CVort_draw_menu.str1.4
                0x0801e420        0x0 obj-ep3/src/game/menus.c.o
                                 0xc1 (size before relaxing)
 .rodata.CVort_load_demo.str1.4
                0x0801e420        0x0 obj-ep3/src/game/menus.c.o
                                 0x44 (size before relaxing)
 .rodata.CVort_save_demo.str1.4
                0x0801e420        0x0 obj-ep3/src/game/menus.c.o
                                 0x38 (size before relaxing)
 .rodata.CVort_private_continue_game.str1.4
                0x0801e420        0x0 obj-ep3/src/game/menus.c.o
                                 0x98 (size before relaxing)
 .rodata.CVort_demo_toggle_prepare_to_record.str1.4
                0x0801e420        0x0 obj-ep3/src/game/menus.c.o
                                 0x2e (size before relaxing)
 .rodata.CVort_save_game.str1.4
                0x0801e420        0x0 obj-ep3/src/game/menus.c.o
                                 0xff (size before relaxing)
 .rodata.CVort_load_and_process_text_file.str1.4
                0x0801e420        0x0 obj-ep3/src/game/menus.c.o
                                 0x15 (size before relaxing)
 .rodata.CVort_draw_text_viewer_border.str1.4
                0x0801e420        0x0 obj-ep3/src/game/menus.c.o
                                 0x25 (size before relaxing)
 .rodata.CVort_do_previews.str1.4
                0x0801e420        0x0 obj-ep3/src/game/menus.c.o
                                 0x1d (size before relaxing)
 .rodata.CVort_draw_title
                0x0801e420       0x20 obj-ep3/src/game/menus.c.o
 .rodata.CVort_save_high_scores_table.str1.4
                0x0801e440        0x0 obj-ep3/src/game/menus.c.o
                                  0xa (size before relaxing)
 .rodata.CVort_init_ctrls.str1.4
                0x0801e440        0x0 obj-ep3/src/game/ui.c.o
                                 0x24 (size before relaxing)
 .rodata.CVort_save_ctrls.str1.4
                0x0801e440        0x0 obj-ep3/src/game/ui.c.o
                                 0x38 (size before relaxing)
 .rodata.CVort_handle_ctrl.str1.4
                0x0801e440        0x0 obj-ep3/src/game/ui.c.o
                                 0x15 (size before relaxing)
 .rodata.CVort_draw_keyname.str1.4
                0x0801e440        0x0 obj-ep3/src/game/ui.c.o
                                 0x8e (size before relaxing)
 .rodata.CVort_draw_keyname
                0x0801e440      0x168 obj-ep3/src/game/ui.c.o
 .rodata.CVort_handle_redef_keys.str1.4
                0x0801e5a8        0x0 obj-ep3/src/game/ui.c.o
                                0x115 (size before relaxing)
 .rodata.CVort_draw_number_word.str1.4
                0x0801e5a8        0x0 obj-ep3/src/game/ui.c.o
                                  0x4 (size before relaxing)
 .rodata.CVort_toggle_switch.str1.4
                0x0801e5a8        0x0 obj-ep3/src/game/ui.c.o
                                  0x6 (size before relaxing)
 .rodata.CVort_default_think.str1.4
                0x0801e5a8        0x0 obj-ep3/src/game/physics.c.o
                                 0x13 (size before relaxing)
 .rodata.CVort_default_contact.str1.4
                0x0801e5a8        0x0 obj-ep3/src/game/physics.c.o
                                 0x15 (size before relaxing)
 .rodata.CVort_keen_bgtile_col
                0x0801e5a8       0x74 obj-ep3/src/game/physics.c.o
 .rodata.ep_constants
                0x0801e61c       0x9c obj-ep3/src/game/episode_constants.c.o
                0x0801e61c                ep_constants
 .rodata.CVort_engine_decompGraphics.str1.4
                0x0801e6b8        0x0 obj-ep3/src/render/gfx_gba.c.o
                                 0x48 (size before relaxing)
 .rodata.CVort_engine_getJoystickCtrl
                0x0801e6b8       0x18 obj-ep3/src/engine/engine.c.o
 .rodata.CVort_engine_cross_logMessage.str1.4
                0x0801e6d0        0x0 obj-ep3/src/engine/engine.c.o
                                 0x1c (size before relaxing)
 .rodata.CVort_engine_start.str1.4
                0x0801e6d0        0x0 obj-ep3/src/engine/engine.c.o
                                 0x1d (size before relaxing)
 .rodata.CVort_engine_prepareInstructionsScreen.str1.4
                0x0801e6d0        0x0 obj-ep3/src/engine/engine.c.o
                                 0x71 (size before relaxing)
 .rodata.CSWTCH.35
                0x0801e6d0       0x10 obj-ep3/src/engine/engine.c.o
 .rodata.engine_egaRGBColorTable
                0x0801e6e0       0x40 obj-ep3/src/engine/engine.c.o
                0x0801e6e0                engine_egaRGBColorTable
 .rodata.vga_8x16TextFont
                0x0801e720     0x8080 obj-ep3/src/engine/engine.c.o
 .rodata.ega_8x14TextFont
                0x080267a0     0x7070 obj-ep3/src/engine/engine.c.o
 .rodata.cga_8x8TextFont
                0x0802d810     0x4040 obj-ep3/src/engine/engine.c.o
 .rodata.CVort_engine_loadSounds.str1.4
                0x08031850        0x0 obj-ep3/src/engine/engine_audio_gba.c.o
                                  0xa (size before relaxing)
 .rodata.CVort_engine_parseBool.str1.4
                0x08031850        0x0 obj-ep3/src/engine/engine_config.c.o
                                  0xe (size before relaxing)
 .rodata.CVort_engine_parseConfigLine.str1.4
                0x08031850        0x0 obj-ep3/src/engine/engine_config.c.o
                                0x126 (size before relaxing)
 .rodata.CVort_engine_loadConfigFile.str1.4
                0x08031850        0x0 obj-ep3/src/engine/engine_config.c.o
                                 0x17 (size before relaxing)
 .rodata.CVort_engine_writeBool.str1.4
                0x08031850        0x0 obj-ep3/src/engine/engine_config.c.o
                                  0x7 (size before relaxing)
 .rodata.CVort_engine_writeInt.str1.4
                0x08031850        0x0 obj-ep3/src/engine/engine_config.c.o
                                  0x7 (size before relaxing)
 .rodata.CVort_engine_writeDims.str1.4
                0x08031850        0x0 obj-ep3/src/engine/engine_config.c.o
                                  0xa (size before relaxing)
 .rodata.CVort_engine_writeSDLRendererDriver.str1.4
                0x08031850        0x0 obj-ep3/src/engine/engine_config.c.o
                                  0x9 (size before relaxing)
 .rodata.CVort_engine_saveConfigFile.str1.4
                0x08031850        0x0 obj-ep3/src/engine/engine_config.c.o
                                  0x2 (size before relaxing)
 .rodata.str1.4
                0x08031850        0x0 obj-ep3/src/engine/engine_config.c.o
                                 0x68 (size before relaxing)
 .rodata.CVort_engine_prepareGameDataFilePathBuffers.str1.4
                0x08031850        0x0 obj-ep3/src/engine/engine_io.c.o
                                  0x3 (size before relaxing)
 .rodata.CVort_engine_cross_ro_data_fopen.str1.4
                0x08031850        0x0 obj-ep3/src/engine/engine_io.c.o
                                  0x3 (size before relaxing)
 .rodata.str1.4
                0x08031850        0x0 obj-ep3/src/engine/engine_io.c.o
                                 0x30 (size before relaxing)
 .rodata.CSWTCH.7
                0x08031850        0xc obj-ep3/src/engine/engine_io.c.o
 .rodata.load_exe_image.constprop.0.str1.4
                0x0803185c        0x0 obj-ep3/src/engine/engine_loader.c.o
                                 0x22 (size before relaxing)
 .rodata.CVort_engine_prepareEpisodeSpecificFuncPointers.str1.4
                0x0803185c        0x0 obj-ep3/src/engine/engine_loader.c.o
                                 0x3c (size before relaxing)
 .rodata.CVort_engine_loadKeen.str1.4
                0x0803185c        0x0 obj-ep3/src/engine/engine_loader.c.o
                                 0xf8 (size before relaxing)
 .rodata.CVort_engine_addInputMappingsFromFile.str1.4