Archive member included to satisfy reference by file (symbol)

/opt/devkitpro/libgba/lib/libgba.a(interrupt.o)
                              obj-ep2/src/platform/gba_main.c.o (irqInit)
/opt/devkitpro/libgba/lib/libgba.a(InterruptDispatcher.o)
                              /opt/devkitpro/libgba/lib/libgba.a(interrupt.o) (IntrMain)
/opt/devkitpro/devkitARM/lib/gcc/arm-none-eabi/15.2.0/thumb/libgcc.a(_udivsi3.o)
                              obj-ep2/src/episodes/episode2.c.o (__aeabi_uidiv)
/opt/devkitpro/devkitARM/lib/gcc/arm-none-eabi/15.2.0/thumb/libgcc.a(_divsi3.o)
                              obj-ep2/src/game/gameplay.c.o (__aeabi_idiv)
/opt/devkitpro/devkitARM/lib/gcc/arm-none-eabi/15.2.0/thumb/libgcc.a(_dvmd_tls.o)
                              /opt/devkitpro/devkitARM/lib/gcc/arm-none-eabi/15.2.0/thumb/libgcc.a(_udivsi3.o) (__aeabi_idiv0)
/opt/devkitpro/devkitARM/lib/gcc/arm-none-eabi/15.2.0/thumb/libgcc.a(_aeabi_ldivmod.o)
                              obj-ep2/src/engine/engine_loader.c.o (__aeabi_ldivmod)
/opt/devkitpro/devkitARM/lib/gcc/arm-none-eabi/15.2.0/thumb/libgcc.a(_sync_none.o)
                              (__sync_synchronize_none)
/opt/devkitpro/devkitARM/lib/gcc/arm-none-eabi/15.2.0/thumb/libgcc.a(_muldi3.o)
                              obj-ep2/src/engine/engine_timing.c.o (__aeabi_lmul)
/opt/devkitpro/devkitARM/lib/gcc/arm-none-eabi/15.2.0/thumb/libgcc.a(_udivmoddi4.o)
                              /opt/devkitpro/devkitARM/lib/gcc/arm-none-eabi/15.2.0/thumb/libgcc.a(_aeabi_ldivmod.o) (__udivmoddi4)
/opt/devkitpro/devkitARM/lib/gcc/arm-none-eabi/15.2.0/thumb/libgcc.a(_clzdi2.o)
                              /opt/devkitpro/devkitARM/lib/gcc/arm-none-eabi/15.2.0/thumb/libgcc.a(_udivmoddi4.o) (__clzdi2)
/opt/devkitpro/devkitARM/lib/gcc/arm-none-eabi/15.2.0/thumb/libgcc.a(_clzsi2.o)
                              /opt/devkitpro/devkitARM/lib/gcc/arm-none-eabi/15.2.0/thumb/libgcc.a(_clzdi2.o) (__clzsi2)
/opt/devkitpro/devkitARM/lib/gcc/arm-none-eabi/15.2.0/../../../../arm-none-eabi/lib/thumb/libg.a(libc_a-sscanf.o)
                              obj-ep2/src/engine/engine_config.c.o (sscanf)
/opt/devkitpro/devkitARM/lib/gcc/arm-none-eabi/15.2.0/../../../../arm-none-eabi/lib/thumb/libg.a(libc_a-strstr.o)
                              obj-ep2/src/engine/engine_config.c.o (strstr)
/opt/devkitpro/devkitARM/lib/gcc/arm-none-eabi/15.2.0/../../../../arm-none-eabi/lib/thumb/libg.a(libc_a-memcpy-stub.o)
                              obj-ep2/src/game/gameplay.c.o (memcpy)
/opt/devkitpro/devkitARM/lib/gcc/arm-none-eabi/15.2.0/../../../../arm-none-eabi/lib/thumb/libg.a(libc_a-strlen.o)
                              obj-ep2/src/game/ui.c.o (strlen)
/opt/devkitpro/devkitARM/lib/gcc/arm-none-eabi/15.2.0/../../../../arm-none-eabi/lib/thumb/libg.a(libc_a-svfscanf.o)
                              /opt/devkitpro/devkitARM/lib/gcc/arm-none-eabi/15.2.0/../../../../arm-none-eabi/lib/thumb/libg.a(libc_a-sscanf.o) (__ssvfscanf_r)
/opt/devkitpro/devkitARM/lib/gcc/arm-none-eabi/15.2.0/../../../../arm-none-eabi/lib/thumb/libg.a(libc_a-strtod.o)
                              /opt/devkitpro/devkitARM/lib/gcc/arm-none-eabi/15.2.0/../../../../arm-none-eabi/lib/thumb/libg.a(libc_a-svfscanf.o) (_strtod_r)
/opt/devkitpro/devkitARM/lib/gcc/arm-none-eabi/15.2.0/../../../../arm-none-eabi/lib/thumb/libg.a(libc_a-strtoull.o)
                              /opt/devkitpro/devkitARM/lib/gcc/arm-none-eabi/15.2.0/../../../../arm-none-eabi/lib/thumb/libg.a(libc_a-svfscanf.o) (_strtoull_r)
/opt/devkitpro/devkitARM/lib/gcc/arm-none-eabi/15.2.0/../../../../arm-none-eabi/lib/thumb/libg.a(libc_a-gdtoa-gethex.o)
                              /opt/devkitpro/devkitARM/lib/gcc/arm-none-eabi/15.2.0/../../../../arm-none-eabi/lib/thumb/libg.a(libc_a-strtod.o) (__gethex)
/opt/devkitpro/devkitARM/lib/gcc/arm-none-eabi/15.2.0/../../../../arm-none-eabi/lib/thumb/libg.a(libc_a-snprintf.o)
                              obj-ep2/src/game/gameplay.c.o (snprintf)
/opt/devkitpro/devkitARM/lib/gcc/arm-none-eabi/15.2.0/../../../../arm-none-eabi/lib/thumb/libg.a(libc_a-strtoul.o)
                              /opt/devkitpro/devkitARM/lib/gcc/arm-none-eabi/15.2.0/../../../../arm-none-eabi/lib/thumb/libg.a(libc_a-svfscanf.o) (_strtoul_r)
/opt/devkitpro/devkitARM/lib/gcc/arm-none-eabi/15.2.0/../../../../arm-none-eabi/lib/thumb/libg.a(libc_a-mbrtowc.o)
                              /opt/devkitpro/devkitARM/lib/gcc/arm-none-eabi/15.2.0/../../../../arm-none-eabi/lib/thumb/libg.a(libc_a-svfscanf.o) (_mbrtowc_r)
/opt/devkitpro/devkitARM/lib/gcc/arm-none-eabi/15.2.0/../../../../arm-none-eabi/lib/thumb/libg.a(libc_a-strchr.o)
                              obj-ep2/src/input/input.c.o (strchr)
/opt/devkitpro/devkitARM/lib/gcc/arm-none-eabi/15.2.0/../../../../arm-none-eabi/lib/thumb/libg.a(libc_a-memcmp.o)
                              obj-ep2/src/third_party/cgenius/fileio/compression/Cunlzexe.c.o (memcmp)
[...]
Memory Configuration

Name             Origin             Length             Attributes
rom              0x08000000         0x02000000
iwram            0x03000000         0x00008000
ewram            0x02000000         0x00040000
*default*        0x00000000         0xffffffff

Linker script and memory map

                0x00000000                        __sync_synchronize = __sync_synchronize_none
                0x08000000                        __text_start = ORIGIN (rom)
                0x02040000                        __eheap_end = (ORIGIN (ewram) + LENGTH (ewram))
                0x03000000                        __iwram_start = ORIGIN (iwram)
                0x03008000                        __iwram_top = (ORIGIN (iwram) + LENGTH (iwram))
                0x03007fa0                        __sp_irq = (__iwram_top - 0x60)
                0x03007f00                        __sp_usr = (__sp_irq - 0xa0)
                0x03007ff8                        __irq_flags = 0x3007ff8
                0x08000000                        . = __text_start

.crt0           0x08000000      0x210
 *(.crt0)
 .crt0          0x08000000      0x210 /opt/devkitpro/devkitARM/lib/gcc/arm-none-eabi/15.2.0/../../../../arm-none-eabi/lib/thumb/gba_crt0.o
                0x08000000                _start
                0x080000c4                __boot_method
                0x080000c5                __slave_number
                0x080000e0                start_vector
                0x08000210                        . = ALIGN (0x4)

.init           0x08000210        0xc
 *(SORT_NONE(.init))
 .init          0x08000210        0x4 /opt/devkitpro/devkitARM/lib/gcc/arm-none-eabi/15.2.0/thumb/crti.o
                0x08000210                _init
 .init          0x08000214        0x8 /opt/devkitpro/devkitARM/lib/gcc/arm-none-eabi/15.2.0/thumb/crtn.o

.plt            0x0800021c        0x0
 *(.plt)
                0x0800021c                        . = ALIGN (0x4)

.text           0x08000220    0x1a958
 *(EXCLUDE_FILE(*.iwram*) .text*)
 .text.__do_global_dtors_aux
                0x08000220       0x2c /opt/devkitpro/devkitARM/lib/gcc/arm-none-eabi/15.2.0/thumb/crtbegin.o
 .text.frame_dummy
                0x0800024c       0x24 /opt/devkitpro/devkitARM/lib/gcc/arm-none-eabi/15.2.0/thumb/crtbegin.o
 .text.CVort_start_cheating
                0x08000270       0xe0 obj-ep2/src/game/gameplay.c.o
                0x08000270                CVort_start_cheating
 .text.CVort_handle_cheat_keys
                0x08000350       0xd4 obj-ep2/src/game/gameplay.c.o
                0x08000350                CVort_handle_cheat_keys
 .text.CVort_add_sprite
                0x08000424       0x7c obj-ep2/src/game/gameplay.c.o
                0x08000424                CVort_add_sprite
 .text.CVort_add_body
                0x080004a0       0x90 obj-ep2/src/game/gameplay.c.o
                0x080004a0                CVort_add_body
 .text.CVort_main_loop
                0x08000530      0x120 obj-ep2/src/game/gameplay.c.o
                0x08000530                CVort_main_loop
 .text.CVort_update_sprite_hitbox
                0x08000650       0xa8 obj-ep2/src/game/gameplay.c.o
                0x08000650                CVort_update_sprite_hitbox
 .text.run_sprite_think
                0x080006f8       0x54 obj-ep2/src/game/gameplay.c.o
 .text.CVort_update_sprite_hitbox_wmap
                0x0800074c       0x7c obj-ep2/src/game/gameplay.c.o
                0x0800074c                CVort_update_sprite_hitbox_wmap
 .text.CVort_waitForNoGameButtonPress
                0x080007c8       0x34 obj-ep2/src/game/gameplay.c.o
                0x080007c8                CVort_waitForNoGameButtonPress
 .text.CVort_has_any_ack_press
                0x080007fc       0x30 obj-ep2/src/game/gameplay.c.o
                0x080007fc                CVort_has_any_ack_press
 .text.CVort_add_score
                0x0800082c       0x48 obj-ep2/src/game/gameplay.c.o
                0x0800082c                CVort_add_score
 .text.CVort_load_level_data
                0x08000874      0x118 obj-ep2/src/game/gameplay.c.o
                0x08000874                CVort_load_level_data
 .text.CVort_handle_quit
                0x0800098c       0xb8 obj-ep2/src/game/gameplay.c.o
                0x0800098c                CVort_handle_quit
 .text.CVort_clear_keys
                0x08000a44       0x24 obj-ep2/src/game/gameplay.c.o
                0x08000a44                CVort_clear_keys
 .text.CVort_get_random
                0x08000a68       0x1c obj-ep2/src/game/gameplay.c.o
                0x08000a68                CVort_get_random
 .text.CVort_filelength
                0x08000a84       0x24 obj-ep2/src/game/gameplay.c.o
                0x08000a84                CVort_filelength
 .text.CVort_calc_jump_height
                0x08000aa8       0xa4 obj-ep2/src/game/gameplay.c.o
                0x08000aa8                CVort_calc_jump_height
 .text.CVort_setup_jump_heights
                0x08000b4c       0x5c obj-ep2/src/game/gameplay.c.o
                0x08000b4c                CVort_setup_jump_heights
 .text.CVort_main
                0x08000ba8      0x2a0 obj-ep2/src/game/gameplay.c.o
                0x08000ba8                CVort_main
 .text.CVort_chg_vid_and_error
                0x08000e48       0x3c obj-ep2/src/game/gameplay.c.o
                0x08000e48                CVort_chg_vid_and_error
 .text.CVort_calibrate_joystick
                0x08000e84      0x238 obj-ep2/src/game/gameplay.c.o
                0x08000e84                CVort_calibrate_joystick
 .text.CVort_handle_global_keys
                0x080010bc      0x188 obj-ep2/src/game/gameplay.c.o
                0x080010bc                CVort_handle_global_keys
 .text.CVort_draw_level
                0x08001244      0x4ac obj-ep2/src/game/gameplay.c.o
                0x08001244                CVort_draw_level
 .text.CVort_check_world_map_col.part.0
                0x080016f0      0x3e0 obj-ep2/src/game/worldmap.c.o
 .text.CVort_mark_cities_done
                0x08001ad0      0x13c obj-ep2/src/game/worldmap.c.o
                0x08001ad0                CVort_mark_cities_done
 .text.CVort_draw_string_finale
                0x08001c0c       0x30 obj-ep2/src/game/worldmap.c.o
                0x08001c0c                CVort_draw_string_finale
 .text.CVort_game_over
                0x08001c3c      0x4b0 obj-ep2/src/game/worldmap.c.o
                0x08001c3c                CVort_game_over
 .text.CVort_show_keens_left
                0x080020ec       0x94 obj-ep2/src/game/worldmap.c.o
                0x080020ec                CVort_show_keens_left
 .text.CVort_place_keen_on_worldmap
                0x08002180       0x74 obj-ep2/src/game/worldmap.c.o
                0x08002180                CVort_place_keen_on_worldmap
 .text.CVort_move_worldmap
                0x080021f4      0x50c obj-ep2/src/game/worldmap.c.o
                0x080021f4                CVort_move_worldmap
 .text.CVort_draw_worldmap
                0x08002700      0x5f4 obj-ep2/src/game/worldmap.c.o
                0x08002700                CVort_draw_worldmap
 .text.CVort_draw_menu
                0x08002cf4       0xec obj-ep2/src/game/menus.c.o
                0x08002cf4                CVort_draw_menu
 .text.CVort_draw_mural
                0x08002de0       0x30 obj-ep2/src/game/menus.c.o
                0x08002de0                CVort_draw_mural
 .text.CVort_show_logo_text
                0x08002e10       0xb4 obj-ep2/src/game/menus.c.o
                0x08002e10                CVort_show_logo_text
 .text.CVort_draw_apogee
                0x08002ec4       0x38 obj-ep2/src/game/menus.c.o
                0x08002ec4                CVort_draw_apogee
 .text.CVort_load_demo
                0x08002efc       0x94 obj-ep2/src/game/menus.c.o
                0x08002efc                CVort_load_demo
 .text.CVort_save_demo
                0x08002f90       0x8c obj-ep2/src/game/menus.c.o
                0x08002f90                CVort_save_demo
 .text.CVort_show_about_us
                0x0800301c       0xa4 obj-ep2/src/game/menus.c.o
                0x0800301c                CVort_show_about_us
 .text.CVort_do_scores
                0x080030c0       0x44 obj-ep2/src/game/menus.c.o
                0x080030c0                CVort_do_scores
 .text.CVort_show_scores
                0x08003104       0xac obj-ep2/src/game/menus.c.o
                0x08003104                CVort_show_scores
 .text.CVort_private_continue_game
                0x080031b0      0x1fc obj-ep2/src/game/menus.c.o
                0x080031b0                CVort_private_continue_game
 .text.CVort_demo_toggle_reset_player_partial_state_after
                0x080033ac       0x80 obj-ep2/src/game/menus.c.o
                0x080033ac                CVort_demo_toggle_reset_player_partial_state_after
 .text.CVort_demo_toggle_prepare_to_record
                0x0800342c       0xe0 obj-ep2/src/game/menus.c.o
                0x0800342c                CVort_demo_toggle_prepare_to_record
 .text.CVort_scroll_up_logo
                0x0800350c       0xe4 obj-ep2/src/game/menus.c.o
                0x0800350c                CVort_scroll_up_logo
 .text.CVort_draw_string_80
                0x080035f0       0x64 obj-ep2/src/game/menus.c.o
                0x080035f0                CVort_draw_string_80
 .text.CVort_draw_about_us
                0x08003654       0x54 obj-ep2/src/game/menus.c.o
                0x08003654                CVort_draw_about_us
 .text.CVort_wait_for_key
                0x080036a8       0x7c obj-ep2/src/game/menus.c.o
                0x080036a8                CVort_wait_for_key
 .text.CVort_save_game
                0x08003724      0x278 obj-ep2/src/game/menus.c.o
                0x08003724                CVort_save_game
 .text.CVort_load_and_process_text_file
                0x0800399c       0x34 obj-ep2/src/game/menus.c.o
                0x0800399c                CVort_load_and_process_text_file
 .text.CVort_draw_text_page
                0x080039d0      0x100 obj-ep2/src/game/menus.c.o
                0x080039d0                CVort_draw_text_page
 .text.CVort_do_text_viewer_short
                0x08003ad0       0x70 obj-ep2/src/game/menus.c.o
                0x08003ad0                CVort_do_text_viewer_short
 .text.CVort_text_viewer_bkgrd
                0x08003b40      0x108 obj-ep2/src/game/menus.c.o
                0x08003b40                CVort_text_viewer_bkgrd
 .text.CVort_draw_text_viewer_border
                0x08003c48       0xdc obj-ep2/src/game/menus.c.o
                0x08003c48                CVort_draw_text_viewer_border
 .text.CVort_do_text_viewer
                0x08003d24      0x264 obj-ep2/src/game/menus.c.o
                0x08003d24                CVort_do_text_viewer
 .text.CVort_do_previews
                0x08003f88       0xf8 obj-ep2/src/game/menus.c.o
                0x08003f88                CVort_do_previews
 .text.CVort_do_help
                0x08004080       0x38 obj-ep2/src/game/menus.c.o
                0x08004080                CVort_do_help
 .text.CVort_draw_title
                0x080040b8      0x4c0 obj-ep2/src/game/menus.c.o
                0x080040b8                CVort_draw_title
 .text.CVort_do_intro_and_menu
                0x08004578      0x5c0 obj-ep2/src/game/menus.c.o
                0x08004578                CVort_do_intro_and_menu
 .text.CVort_save_high_scores_table
                0x08004b38      0x190 obj-ep2/src/game/menus.c.o
                0x08004b38                CVort_save_high_scores_table
 .text.CVort_load_high_scores_table
                0x08004cc8      0x1c0 obj-ep2/src/game/menus.c.o
                0x08004cc8                CVort_load_high_scores_table
 .text.CVort_init_ctrls
                0x08004e88      0x220 obj-ep2/src/game/ui.c.o
                0x08004e88                CVort_init_ctrls
 .text.CVort_save_ctrls
                0x080050a8      0x1ac obj-ep2/src/game/ui.c.o
                0x080050a8                CVort_save_ctrls
 .text.CVort_handle_ctrl
                0x08005254      0x10c obj-ep2/src/game/ui.c.o
                0x08005254                CVort_handle_ctrl
 .text.CVort_translate_key
                0x08005360       0x70 obj-ep2/src/game/ui.c.o
                0x08005360                CVort_translate_key
 .text.CVort_draw_box2
                0x080053d0      0x148 obj-ep2/src/game/ui.c.o
                0x080053d0                CVort_draw_box2
 .text.CVort_draw_box
                0x08005518       0x44 obj-ep2/src/game/ui.c.o
                0x08005518                CVort_draw_box
 .text.CVort_draw_char_rectangle
                0x0800555c       0x54 obj-ep2/src/game/ui.c.o
                0x0800555c                CVort_draw_char_rectangle
 .text.CVort_draw_box_opening_horiz
                0x080055b0       0x58 obj-ep2/src/game/ui.c.o
                0x080055b0                CVort_draw_box_opening_horiz
 .text.CVort_draw_box_opening_vert
                0x08005608       0x58 obj-ep2/src/game/ui.c.o
                0x08005608                CVort_draw_box_opening_vert
 .text.CVort_draw_box_opening_main
                0x08005660       0xc8 obj-ep2/src/game/ui.c.o
                0x08005660                CVort_draw_box_opening_main
 .text.CVort_read_char_with_echo
                0x08005728      0x100 obj-ep2/src/game/ui.c.o
                0x08005728                CVort_read_char_with_echo
 .text.CVort_isWaitingForCharInput
                0x08005828        0xc obj-ep2/src/game/ui.c.o
                0x08005828                CVort_isWaitingForCharInput
 .text.CVort_draw_string
                0x08005834       0x64 obj-ep2/src/game/ui.c.o
                0x08005834                CVort_draw_string
 .text.CVort_draw_keyname
                0x08005898      0x16c obj-ep2/src/game/ui.c.o
                0x08005898                CVort_draw_keyname
 .text.CVort_handle_redef_keys
                0x08005a04      0x240 obj-ep2/src/game/ui.c.o
                0x08005a04                CVort_handle_redef_keys
 .text.CVort_draw_number_word
                0x08005c44       0x24 obj-ep2/src/game/ui.c.o
                0x08005c44                CVort_draw_number_word
 .text.CVort_draw_stringz
                0x08005c68       0x2c obj-ep2/src/game/ui.c.o
                0x08005c68                CVort_draw_stringz
 .text.CVort_get_string_input
                0x08005c94       0xd4 obj-ep2/src/game/ui.c.o
                0x08005c94                CVort_get_string_input
 .text.CVort_fade_in
                0x08005d68       0x34 obj-ep2/src/game/ui.c.o
                0x08005d68                CVort_fade_in
 .text.CVort_fade_out
                0x08005d9c       0x40 obj-ep2/src/game/ui.c.o
                0x08005d9c                CVort_fade_out
 .text.CVort_toggle_switch
                0x08005ddc      0x278 obj-ep2/src/game/ui.c.o
                0x08005ddc                CVort_toggle_switch
 .text.CVort_body_nop
                0x08006054        0x4 obj-ep2/src/game/physics.c.o
                0x08006054                CVort_body_nop
 .text.CVort_body_slide_door
                0x08006058       0x7c obj-ep2/src/game/physics.c.o
                0x08006058                CVort_body_slide_door
 .text.CVort_do_scrolling.part.0
                0x080060d4      0x118 obj-ep2/src/game/physics.c.o
 .text.CVort_think_contact_nop
                0x080061ec        0x4 obj-ep2/src/game/physics.c.o
                0x080061ec                CVort_think_contact_nop
 .text.CVort_body_border_flash
                0x080061f0       0x54 obj-ep2/src/game/physics.c.o
                0x080061f0                CVort_body_border_flash
 .text.CVort_body_bridge_extend
                0x08006244       0x70 obj-ep2/src/game/physics.c.o
                0x08006244                CVort_body_bridge_extend
 .text.CVort_body_bridge_retract
                0x080062b4       0x78 obj-ep2/src/game/physics.c.o
                0x080062b4                CVort_body_bridge_retract
 .text.CVort_contact_nop
                0x0800632c        0x4 obj-ep2/src/game/physics.c.o
                0x0800632c                CVort_contact_nop
 .text.CVort_default_think
                0x08006330       0x14 obj-ep2/src/game/physics.c.o
                0x08006330                CVort_default_think
 .text.CVort_default_contact
                0x08006344       0x14 obj-ep2/src/game/physics.c.o
                0x08006344                CVort_default_contact
 .text.CVort_kill_keen
                0x08006358       0x44 obj-ep2/src/game/physics.c.o
                0x08006358                CVort_kill_keen
 .text.CVort_move_left_right
                0x0800639c       0x84 obj-ep2/src/game/physics.c.o
                0x0800639c                CVort_move_left_right
 .text.CVort_pogo_jump
                0x08006420       0x7c obj-ep2/src/game/physics.c.o
                0x08006420                CVort_pogo_jump
 .text.CVort_check_ceiling
                0x0800649c       0xdc obj-ep2/src/game/physics.c.o
                0x0800649c                CVort_check_ceiling
 .text.CVort_open_door
                0x08006578      0x120 obj-ep2/src/game/physics.c.o
                0x08006578                CVort_open_door
 .text.CVort_do_fall
                0x08006698       0xcc obj-ep2/src/game/physics.c.o
                0x08006698                CVort_do_fall
 .text.CVort_check_ground
                0x08006764      0x35c obj-ep2/src/game/physics.c.o
                0x08006764                CVort_check_ground
 .text.CVort_compute_sprite_delta
                0x08006ac0       0x44 obj-ep2/src/game/physics.c.o
                0x08006ac0                CVort_compute_sprite_delta
 .text.CVort_think_dead_sprite
                0x08006b04       0x54 obj-ep2/src/game/physics.c.o
                0x08006b04                CVort_think_dead_sprite
 .text.CVort_think_kill_sprite
                0x08006b58       0xb4 obj-ep2/src/game/physics.c.o
                0x08006b58                CVort_think_kill_sprite
 .text.CVort_carry_keen
                0x08006c0c      0x1dc obj-ep2/src/game/physics.c.o
                0x08006c0c                CVort_carry_keen
 .text.CVort_do_scrolling
                0x08006de8       0x28 obj-ep2/src/game/physics.c.o
                0x08006de8                CVort_do_scrolling
 .text.CVort_sprite_active_screen
                0x08006e10       0xcc obj-ep2/src/game/physics.c.o
                0x08006e10                CVort_sprite_active_screen
 .text.CVort_detect_sprite_col
                0x08006edc       0x40 obj-ep2/src/game/physics.c.o
                0x08006edc                CVort_detect_sprite_col
 .text.CVort_keen_bgtile_col
                0x08006f1c      0x34c obj-ep2/src/game/physics.c.o
                0x08006f1c                CVort_keen_bgtile_col
 .text.CVort_think_zapzot
                0x08007268       0x50 obj-ep2/src/game/enemies.c.o
                0x08007268                CVort_think_zapzot
 .text.CVort_contact_youth
                0x080072b8       0x64 obj-ep2/src/game/enemies.c.o
                0x080072b8                CVort_contact_youth
 .text.CVort_contact_tankshot
                0x0800731c       0x7c obj-ep2/src/game/enemies.c.o
                0x0800731c                CVort_contact_tankshot
 .text.CVort_think_vorticon_walk
                0x08007398      0x110 obj-ep2/src/game/enemies.c.o
                0x08007398                CVort_think_vorticon_walk
 .text.CVort_think_vorticon_jump
                0x080074a8       0x80 obj-ep2/src/game/enemies.c.o
                0x080074a8                CVort_think_vorticon_jump
 .text.CVort_think_vorticon_search
                0x08007528       0x94 obj-ep2/src/game/enemies.c.o
                0x08007528                CVort_think_vorticon_search
 .text.CVort_think_youth_walk
                0x080075bc       0xc0 obj-ep2/src/game/enemies.c.o
                0x080075bc                CVort_think_youth_walk
 .text.CVort_think_youth_jump
                0x0800767c       0x78 obj-ep2/src/game/enemies.c.o
                0x0800767c                CVort_think_youth_jump
 .text.CVort_think_keen_pogo_ground
                0x080076f4       0xe0 obj-ep2/src/game/enemies.c.o
                0x080076f4                CVort_think_keen_pogo_ground
 .text.CVort_contact_vorticon
                0x080077d4       0xc8 obj-ep2/src/game/enemies.c.o
                0x080077d4                CVort_contact_vorticon
 .text.CVort_think_keen_jump_ground
                0x0800789c      0x150 obj-ep2/src/game/enemies.c.o
                0x0800789c                CVort_think_keen_jump_ground
 .text.CVort_think_keen_ground
                0x080079ec      0x4bc obj-ep2/src/game/enemies.c.o
                0x080079ec                CVort_think_keen_ground
 .text.CVort_think_keen_jump_air
                0x08007ea8      0x1ec obj-ep2/src/game/enemies.c.o
                0x08007ea8                CVort_think_keen_jump_air
 .text.CVort_think_keen_pogo_air
                0x08008094      0x1ec obj-ep2/src/game/enemies.c.o
                0x08008094                CVort_think_keen_pogo_air
 .text.CVort_contact_keengun
                0x08008280       0x64 obj-ep2/src/game/enemies.c.o
                0x08008280                CVort_contact_keengun
 .text.CVort_think_keengun
                0x080082e4       0x7c obj-ep2/src/game/enemies.c.o
                0x080082e4                CVort_think_keengun
 .text.CVort_add_sprite_vorticon
                0x08008360       0x98 obj-ep2/src/game/enemies.c.o
                0x08008360                CVort_add_sprite_vorticon
 .text.CVort_add_sprite_tankshot
                0x080083f8      0x134 obj-ep2/src/game/enemies.c.o
                0x080083f8                CVort_add_sprite_tankshot
 .text.CVort_add_sprite_youth
                0x0800852c       0x84 obj-ep2/src/game/enemies.c.o
                0x0800852c                CVort_add_sprite_youth
 .text.CVort_add_sprite_keengun
                0x080085b0      0x12c obj-ep2/src/game/enemies.c.o
                0x080085b0                CVort_add_sprite_keengun
 .text.CVort_think_keen_shoot
                0x080086dc       0xf0 obj-ep2/src/game/enemies.c.o
                0x080086dc                CVort_think_keen_shoot
 .text.CVort_think_keen_exit
                0x080087cc       0xec obj-ep2/src/game/enemies.c.o
                0x080087cc                CVort_think_keen_exit
 .text.CVort_think_keen_death
                0x080088b8       0xa8 obj-ep2/src/game/enemies.c.o
                0x080088b8                CVort_think_keen_death
 .text.CVort_think_keen_stunned
                0x08008960       0xb8 obj-ep2/src/game/enemies.c.o
                0x08008960                CVort_think_keen_stunned
 .text.gba_updateEgaNonBlinkingTxtNonPalRect
                0x08008a18        0x4 obj-ep2/src/render/gfx_gba.c.o
 .text.gba_atrMarkRect
                0x08008a1c       0x9c obj-ep2/src/render/gfx_gba.c.o
 .text.gba_ensureMode4.part.0
                0x08008ab8       0x5c obj-ep2/src/render/gfx_gba.c.o
 .text.gba_decodeTile.part.0
                0x08008b14      0x10c obj-ep2/src/render/gfx_gba.c.o
 .text.gba_drawTileCommon
                0x08008c20       0x74 obj-ep2/src/render/gfx_gba.c.o
 .text.CVort_engine_adaptiveTileRefresh.part.0
                0x08008c94      0x194 obj-ep2/src/render/gfx_gba.c.o
 .text.CVort_engine_updateActualDisplay
                0x08008e28       0x58 obj-ep2/src/render/gfx_gba.c.o
                0x08008e28                CVort_engine_updateActualDisplay
 .text.CVort_engine_reactToWindowResize
                0x08008e80        0x4 obj-ep2/src/render/gfx_gba.c.o
                0x08008e80                CVort_engine_reactToWindowResize
 .text.CVort_engine_handleWindowSideChange
                0x08008e84        0x4 obj-ep2/src/render/gfx_gba.c.o
                0x08008e84                CVort_engine_handleWindowSideChange
 .text.CVort_engine_prepareScreen
                0x08008e88       0xe0 obj-ep2/src/render/gfx_gba.c.o
                0x08008e88                CVort_engine_prepareScreen
 .text.CVort_engine_resetWindow
                0x08008f68       0x10 obj-ep2/src/render/gfx_gba.c.o
                0x08008f68                CVort_engine_resetWindow
 .text.CVort_engine_setVideoMode
                0x08008f78       0x44 obj-ep2/src/render/gfx_gba.c.o
                0x08008f78                CVort_engine_setVideoMode
 .text.CVort_engine_copyToTxtMemory
                0x08008fbc       0x18 obj-ep2/src/render/gfx_gba.c.o
                0x08008fbc                CVort_engine_copyToTxtMemory
 .text.CVort_engine_drawChar
                0x08008fd4       0xa8 obj-ep2/src/render/gfx_gba.c.o
                0x08008fd4                CVort_engine_drawChar
 .text.CVort_engine_drawSprite
                0x0800907c      0x10c obj-ep2/src/render/gfx_gba.c.o
                0x0800907c                CVort_engine_drawSprite
 .text.CVort_engine_drawTile
                0x08009188       0x78 obj-ep2/src/render/gfx_gba.c.o
                0x08009188                CVort_engine_drawTile
 .text.CVort_engine_drawBitmap
                0x08009200      0x1e8 obj-ep2/src/render/gfx_gba.c.o
                0x08009200                CVort_engine_drawBitmap
 .text.CVort_engine_drawSpriteAt
                0x080093e8       0xf4 obj-ep2/src/render/gfx_gba.c.o
                0x080093e8                CVort_engine_drawSpriteAt
 .text.CVort_engine_drawTileAt
                0x080094dc       0xd4 obj-ep2/src/render/gfx_gba.c.o
                0x080094dc                CVort_engine_drawTileAt
 .text.CVort_engine_clearOverlay
                0x080095b0       0x1c obj-ep2/src/render/gfx_gba.c.o
                0x080095b0                CVort_engine_clearOverlay
 .text.CVort_engine_syncDrawing
                0x080095cc       0xa0 obj-ep2/src/render/gfx_gba.c.o
                0x080095cc                CVort_engine_syncDrawing
 .text.CVort_engine_doDrawing
                0x0800966c      0x188 obj-ep2/src/render/gfx_gba.c.o
                0x0800966c                CVort_engine_doDrawing
 .text.CVort_engine_drawScreen
                0x080097f4       0x1c obj-ep2/src/render/gfx_gba.c.o
                0x080097f4                CVort_engine_drawScreen
 .text.CVort_engine_scrollText
                0x08009810        0x4 obj-ep2/src/render/gfx_gba.c.o
                0x08009810                CVort_engine_scrollText
 .text.CVort_engine_setBorderColor
                0x08009814       0x38 obj-ep2/src/render/gfx_gba.c.o
                0x08009814                CVort_engine_setBorderColor
 .text.CVort_engine_decompGraphics
                0x0800984c      0x2f8 obj-ep2/src/render/gfx_gba.c.o
                0x0800984c                CVort_engine_decompGraphics
 .text.CVort_engine_gotoXY
                0x08009b44       0x34 obj-ep2/src/render/gfx_gba.c.o
                0x08009b44                CVort_engine_gotoXY
 .text.CVort_engine_setPaletteAndBorderColor
                0x08009b78       0x8c obj-ep2/src/render/gfx_gba.c.o
                0x08009b78                CVort_engine_setPaletteAndBorderColor
 .text.CVort_engine_showImageFile
                0x08009c04       0x20 obj-ep2/src/render/gfx_gba.c.o
                0x08009c04                CVort_engine_showImageFile
 .text.clear_keys_and_check_for_quit
                0x08009c24       0x50 obj-ep2/src/engine/engine.c.o
 .text.check_for_user_input_and_quit
                0x08009c74       0x74 obj-ep2/src/engine/engine.c.o
 .text.CVort_engine_parseCalculatedEngineArguments
                0x08009ce8      0x11c obj-ep2/src/engine/engine.c.o
                0x08009ce8                CVort_engine_parseCalculatedEngineArguments
 .text.CVort_engine_shutdown
                0x08009e04       0x18 obj-ep2/src/engine/engine.c.o
                0x08009e04                CVort_engine_shutdown
 .text.CVort_engine_handleQuit
                0x08009e1c       0x28 obj-ep2/src/engine/engine.c.o
                0x08009e1c                CVort_engine_handleQuit
 .text.CVort_engine_shutdownSDL
                0x08009e44       0x10 obj-ep2/src/engine/engine.c.o
                0x08009e44                CVort_engine_shutdownSDL
 .text.CVort_engine_isJoystickInUse
                0x08009e54        0x4 obj-ep2/src/engine/engine.c.o
                0x08009e54                CVort_engine_isJoystickInUse
 .text.CVort_engine_toggleCursorLock
                0x08009e58       0x1c obj-ep2/src/engine/engine.c.o
                0x08009e58                CVort_engine_toggleCursorLock
 .text.CVort_engine_pollJoystick
                0x08009e74       0x1c obj-ep2/src/engine/engine.c.o
                0x08009e74                CVort_engine_pollJoystick
 .text.CVort_engine_getKeybCtrlState
                0x08009e90       0xc4 obj-ep2/src/engine/engine.c.o
                0x08009e90                CVort_engine_getKeybCtrlState
 .text.CVort_engine_getMouseCtrl
                0x08009f54       0xa4 obj-ep2/src/engine/engine.c.o
                0x08009f54                CVort_engine_getMouseCtrl
 .text.CVort_engine_getJoystickCtrl
                0x08009ff8      0x168 obj-ep2/src/engine/engine.c.o
                0x08009ff8                CVort_engine_getJoystickCtrl
 .text.CVort_engine_cross_logMessage
                0x0800a160       0x60 obj-ep2/src/engine/engine.c.o
                0x0800a160                CVort_engine_cross_logMessage
 .text.CVort_engine_start
                0x0800a1c0       0x78 obj-ep2/src/engine/engine.c.o
                0x0800a1c0                CVort_engine_start
 .text.CVort_engine_signExtend8To16
                0x0800a238       0x10 obj-ep2/src/engine/engine.c.o
                0x0800a238                CVort_engine_signExtend8To16
 .text.CVort_engine_toupper
                0x0800a248       0x20 obj-ep2/src/engine/engine.c.o
                0x0800a248                CVort_engine_toupper
 .text.CVort_engine_puts
                0x0800a268      0x13c obj-ep2/src/engine/engine.c.o
                0x0800a268                CVort_engine_puts
 .text.CVort_engine_prepareInstructionsScreen
                0x0800a3a4       0xa0 obj-ep2/src/engine/engine.c.o
                0x0800a3a4                CVort_engine_prepareInstructionsScreen
 .text.gba_snd_loadFromBlob
                0x0800a444       0x8c obj-ep2/src/engine/engine_audio_gba.c.o
 .text.CVort_engine_loadSounds
                0x0800a4d0      0x158 obj-ep2/src/engine/engine_audio_gba.c.o
                0x0800a4d0                CVort_engine_loadSounds
 .text.CVort_engine_sndCallback
                0x0800a628        0x4 obj-ep2/src/engine/engine_audio_gba.c.o
                0x0800a628                CVort_engine_sndCallback
 .text.CVort_engine_setCurSound
                0x0800a62c       0xb4 obj-ep2/src/engine/engine_audio_gba.c.o
                0x0800a62c                CVort_engine_setCurSound
 .text.CVort_engine_saveCurSound
                0x0800a6e0       0x24 obj-ep2/src/engine/engine_audio_gba.c.o
                0x0800a6e0                CVort_engine_saveCurSound
 .text.CVort_engine_restoreCurSound
                0x0800a704        0x4 obj-ep2/src/engine/engine_audio_gba.c.o
                0x0800a704                CVort_engine_restoreCurSound
 .text.CVort_engine_finishCurSound
                0x0800a708       0x3c obj-ep2/src/engine/engine_audio_gba.c.o
                0x0800a708                CVort_engine_finishCurSound
 .text.CVort_engine_saveConfigFile
                0x0800a744      0x2a8 obj-ep2/src/engine/engine_config.c.o
                0x0800a744                CVort_engine_saveConfigFile
 .text.CVort_engine_prepareGameDataFilePathBuffers
                0x0800a9ec       0x48 obj-ep2/src/engine/engine_io.c.o
                0x0800a9ec                CVort_engine_prepareGameDataFilePathBuffers
 .text.CVort_engine_cross_ro_data_fopen
                0x0800aa34       0xb4 obj-ep2/src/engine/engine_io.c.o
                0x0800aa34                CVort_engine_cross_ro_data_fopen
 .text.CVort_engine_cross_rw_misc_fopen
                0x0800aae8       0x38 obj-ep2/src/engine/engine_io.c.o
                0x0800aae8                CVort_engine_cross_rw_misc_fopen
 .text.CVort_engine_configpath_fopen
                0x0800ab20        0xc obj-ep2/src/engine/engine_io.c.o
                0x0800ab20                CVort_engine_configpath_fopen
 .text.CVort_engine_cross_freadInt8LE
                0x0800ab2c       0x2c obj-ep2/src/engine/engine_io.c.o
                0x0800ab2c                CVort_engine_cross_freadInt8LE
 .text.CVort_engine_cross_freadInt16LE
                0x0800ab58       0x30 obj-ep2/src/engine/engine_io.c.o
                0x0800ab58                CVort_engine_cross_freadInt16LE
 .text.CVort_engine_cross_freadInt32LE
                0x0800ab88       0x30 obj-ep2/src/engine/engine_io.c.o
                0x0800ab88                CVort_engine_cross_freadInt32LE
 .text.CVort_engine_cross_fwriteInt8LE
                0x0800abb8       0x14 obj-ep2/src/engine/engine_io.c.o
                0x0800abb8                CVort_engine_cross_fwriteInt8LE
 .text.CVort_engine_cross_fwriteInt16LE
                0x0800abcc       0x14 obj-ep2/src/engine/engine_io.c.o
                0x0800abcc                CVort_engine_cross_fwriteInt16LE
 .text.CVort_engine_cross_fwriteInt32LE
                0x0800abe0       0x14 obj-ep2/src/engine/engine_io.c.o
                0x0800abe0                CVort_engine_cross_fwriteInt32LE
 .text.load_exe_image.constprop.0
                0x0800abf4      0x12c obj-ep2/src/engine/engine_loader.c.o
 .text.CVort_engine_prepareEpisodeSpecificFuncPointers
                0x0800ad20       0xdc obj-ep2/src/engine/engine_loader.c.o
                0x0800ad20                CVort_engine_prepareEpisodeSpecificFuncPointers
 .text.CVort_engine_initializeKeenVersionInfo
                0x0800adfc       0x5c obj-ep2/src/engine/engine_loader.c.o
                0x0800adfc                CVort_engine_initializeKeenVersionInfo
 .text.CVort_engine_loadKeen
                0x0800ae58      0x28c obj-ep2/src/engine/engine_loader.c.o
                0x0800ae58                CVort_engine_loadKeen
 .text.CVort_private_engine_setTicks
                0x0800b0e4       0x60 obj-ep2/src/engine/engine_timing.c.o
                0x0800b0e4                CVort_private_engine_setTicks
 .text.CVort_private_engine_getTicks
                0x0800b144       0x5c obj-ep2/src/engine/engine_timing.c.o
                0x0800b144                CVort_private_engine_getTicks
 .text.CVort_private_engine_setTicksSync
                0x0800b1a0        0xc obj-ep2/src/engine/engine_timing.c.o
                0x0800b1a0                CVort_private_engine_setTicksSync
 .text.CVort_private_engine_getTicksSync
                0x0800b1ac        0xc obj-ep2/src/engine/engine_timing.c.o
                0x0800b1ac                CVort_private_engine_getTicksSync
 .text.CVort_engine_delay
                0x0800b1b8      0x114 obj-ep2/src/engine/engine_timing.c.o
                0x0800b1b8                CVort_engine_delay
 .text.CVort_engine_delayInGameTicks
                0x0800b2cc      0x1e8 obj-ep2/src/engine/engine_timing.c.o
                0x0800b2cc                CVort_engine_delayInGameTicks
 .text.CVort_engine_shortSleep
                0x0800b4b4       0x48 obj-ep2/src/engine/engine_timing.c.o
                0x0800b4b4                CVort_engine_shortSleep
 .text.CVort_engine_addInputMappingsFromFile
                0x0800b4fc      0x428 obj-ep2/src/input/input.c.o
                0x0800b4fc                CVort_engine_addInputMappingsFromFile
 .text.CVort_engine_tryToLoadInputMappings
                0x0800b924      0x590 obj-ep2/src/input/input.c.o
                0x0800b924                CVort_engine_tryToLoadInputMappings
 .text.CVort_engine_setDefaultInputMappings
                0x0800beb4      0x5f8 obj-ep2/src/input/input.c.o
                0x0800beb4                CVort_engine_setDefaultInputMappings
 .text.CVort_engine_setupInputMappings
                0x0800c4ac      0x1a0 obj-ep2/src/input/input.c.o
                0x0800c4ac                CVort_engine_setupInputMappings
 .text.CVort_engine_teardownInputMappings
                0x0800c64c       0xd0 obj-ep2/src/input/input.c.o
                0x0800c64c                CVort_engine_teardownInputMappings
 .text.CVort_engine_handleEvent
                0x0800c71c      0x238 obj-ep2/src/input/input.c.o
                0x0800c71c                CVort_engine_handleEvent
 .text.CVort_engine_updateInputStatus
                0x0800c954      0xc44 obj-ep2/src/input/input.c.o
                0x0800c954                CVort_engine_updateInputStatus
 .text.CK_ActionState_Init
                0x0800d598       0x24 obj-ep2/src/input/actions.c.o
                0x0800d598                CK_ActionState_Init
 .text.CK_ActionState_BeginFrame
                0x0800d5bc       0x3c obj-ep2/src/input/actions.c.o
                0x0800d5bc                CK_ActionState_BeginFrame
 .text.CK_ActionState_UpdateFromLegacyInput
                0x0800d5f8      0x5b4 obj-ep2/src/input/actions.c.o
                0x0800d5f8                CK_ActionState_UpdateFromLegacyInput
 .text.CK_Action_IsHeld
                0x0800dbac       0x18 obj-ep2/src/input/actions.c.o
                0x0800dbac                CK_Action_IsHeld
 .text.CK_Action_HasMenuSelect
                0x0800dbc4       0x14 obj-ep2/src/input/actions.c.o
                0x0800dbc4                CK_Action_HasMenuSelect
 .text.CK_Action_HasMenuDismiss
                0x0800dbd8       0x10 obj-ep2/src/input/actions.c.o
                0x0800dbd8                CK_Action_HasMenuDismiss
 .text.CK_Action_HasUiAck
                0x0800dbe8       0x18 obj-ep2/src/input/actions.c.o
                0x0800dbe8                CK_Action_HasUiAck
 .text.CVort_gui_runLoop
                0x0800dc00        0x4 obj-ep2/src/ui/gui_gba.c.o
                0x0800dc00                CVort_gui_runLoop
 .text.CVort2_think_guardbot_turn
                0x0800dc04       0x64 obj-ep2/src/episodes/episode2.c.o
                0x0800dc04                CVort2_think_guardbot_turn
 .text.CVort2_contact_guardbot
                0x0800dc68        0x4 obj-ep2/src/episodes/episode2.c.o
                0x0800dc68                CVort2_contact_guardbot
 .text.CVort2_draw_ordering_info
                0x0800dc6c       0xc4 obj-ep2/src/episodes/episode2.c.o
                0x0800dc6c                CVort2_draw_ordering_info
 .text.CVort2_think_elite_walk
                0x0800dd30      0x114 obj-ep2/src/episodes/episode2.c.o
                0x0800dd30                CVort2_think_elite_walk
 .text.CVort2_think_elite_jump
                0x0800de44       0x58 obj-ep2/src/episodes/episode2.c.o
                0x0800de44                CVort2_think_elite_jump
 .text.CVort2_think_guardbot_move
                0x0800de9c       0xac obj-ep2/src/episodes/episode2.c.o
                0x0800de9c                CVort2_think_guardbot_move
 .text.CVort2_think_scrub_walk_left
                0x0800df48       0xb4 obj-ep2/src/episodes/episode2.c.o
                0x0800df48                CVort2_think_scrub_walk_left
 .text.CVort2_think_scrub_walk_down
                0x0800dffc       0xb4 obj-ep2/src/episodes/episode2.c.o
                0x0800dffc                CVort2_think_scrub_walk_down
 .text.CVort2_think_scrub_walk_right
                0x0800e0b0       0xb8 obj-ep2/src/episodes/episode2.c.o
                0x0800e0b0                CVort2_think_scrub_walk_right
 .text.CVort2_think_scrub_walk_up
                0x0800e168       0xb8 obj-ep2/src/episodes/episode2.c.o
                0x0800e168                CVort2_think_scrub_walk_up
 .text.CVort2_think_platform_move
                0x0800e220       0x68 obj-ep2/src/episodes/episode2.c.o
                0x0800e220                CVort2_think_platform_move
 .text.CVort2_think_tantalus
                0x0800e288       0x4c obj-ep2/src/episodes/episode2.c.o
                0x0800e288                CVort2_think_tantalus
 .text.CVort2_think_guardbot_shoot
                0x0800e2d4       0xc0 obj-ep2/src/episodes/episode2.c.o
                0x0800e2d4                CVort2_think_guardbot_shoot
 .text.CVort2_contact_tantalus
                0x0800e394      0x10c obj-ep2/src/episodes/episode2.c.o
                0x0800e394                CVort2_contact_tantalus
 .text.CVort2_contact_scrub
                0x0800e4a0       0x28 obj-ep2/src/episodes/episode2.c.o
                0x0800e4a0                CVort2_contact_scrub
 .text.CVort2_think_platform_turn
                0x0800e4c8       0x40 obj-ep2/src/episodes/episode2.c.o
                0x0800e4c8                CVort2_think_platform_turn
 .text.CVort2_think_scrub_fall
                0x0800e508       0x54 obj-ep2/src/episodes/episode2.c.o
                0x0800e508                CVort2_think_scrub_fall
 .text.CVort2_contact_elite
                0x0800e55c       0x3c obj-ep2/src/episodes/episode2.c.o
                0x0800e55c                CVort2_contact_elite
 .text.CVort2_think_elite_shoot
                0x0800e598       0x9c obj-ep2/src/episodes/episode2.c.o
                0x0800e598                CVort2_think_elite_shoot
 .text.CVort2_show_pause_menu
                0x0800e634      0x3ec obj-ep2/src/episodes/episode2.c.o
                0x0800e634                CVort2_show_pause_menu
 .text.CVort2_contact_keen
                0x0800ea20       0x54 obj-ep2/src/episodes/episode2.c.o
                0x0800ea20                CVort2_contact_keen
 .text.CVort2_add_sprite_elite
                0x0800ea74       0x5c obj-ep2/src/episodes/episode2.c.o
                0x0800ea74                CVort2_add_sprite_elite
 .text.CVort2_add_sprite_guardbot
                0x0800ead0       0x4c obj-ep2/src/episodes/episode2.c.o
                0x0800ead0                CVort2_add_sprite_guardbot
 .text.CVort2_add_sprite_platform
                0x0800eb1c       0x50 obj-ep2/src/episodes/episode2.c.o
                0x0800eb1c                CVort2_add_sprite_platform
 .text.CVort2_init_level
                0x0800eb6c      0x14c obj-ep2/src/episodes/episode2.c.o
                0x0800eb6c                CVort2_init_level
 .text.CVort2_tantalus_explosion
                0x0800ecb8       0x8c obj-ep2/src/episodes/episode2.c.o
                0x0800ecb8                CVort2_tantalus_explosion
 .text.CVort2_body_destroy_tantalus
                0x0800ed44      0x1dc obj-ep2/src/episodes/episode2.c.o
                0x0800ed44                CVort2_body_destroy_tantalus
 .text.CVort2_inlevel_message
                0x0800ef20      0x138 obj-ep2/src/episodes/episode2.c.o
                0x0800ef20                CVort2_inlevel_message
 .text.CVort2_draw_earth_explode
                0x0800f058      0x290 obj-ep2/src/episodes/episode2.c.o
                0x0800f058                CVort2_draw_earth_explode
 .text.CVort2_draw_win
                0x0800f2e8      0x370 obj-ep2/src/episodes/episode2.c.o
                0x0800f2e8                CVort2_draw_win
 .text.CVort2_show_ordering
                0x0800f658      0x1f0 obj-ep2/src/episodes/episode2.c.o
                0x0800f658                CVort2_show_ordering
 .text.CVort2_do_ordering
                0x0800f848       0x58 obj-ep2/src/episodes/episode2.c.o
                0x0800f848                CVort2_do_ordering
 .text.CVort2_draw_scores
                0x0800f8a0       0xcc obj-ep2/src/episodes/episode2.c.o
                0x0800f8a0                CVort2_draw_scores
 .text.CVort2_engine_processEXE
                0x0800f96c      0x158 obj-ep2/src/episodes/episode2_engine.c.o
                0x0800f96c                CVort2_engine_processEXE
 .text.startup.main
                0x0800fac4       0xa8 obj-ep2/src/platform/gba_main.c.o
                0x0800fac4                main
 .text.SDL_Init
                0x0800fb6c       0x38 obj-ep2/src/platform/gba_sdl.c.o
                0x0800fb6c                SDL_Init
 .text.SDL_InitSubSystem
                0x0800fba4        0x4 obj-ep2/src/platform/gba_sdl.c.o
                0x0800fba4                SDL_InitSubSystem
 .text.SDL_Quit
                0x0800fba8        0x4 obj-ep2/src/platform/gba_sdl.c.o
                0x0800fba8                SDL_Quit
 .text.SDL_GetError
                0x0800fbac        0x8 obj-ep2/src/platform/gba_sdl.c.o
                0x0800fbac                SDL_GetError
 .text.SDL_GetTicks
                0x0800fbb4       0x60 obj-ep2/src/platform/gba_sdl.c.o
                0x0800fbb4                SDL_GetTicks
 .text.SDL_PollEvent
                0x0800fc14        0x4 obj-ep2/src/platform/gba_sdl.c.o
                0x0800fc14                SDL_PollEvent
 .text.SDL_NumJoysticks
                0x0800fc18        0x4 obj-ep2/src/platform/gba_sdl.c.o
                0x0800fc18                SDL_NumJoysticks
 .text.SDL_JoystickOpen
                0x0800fc1c        0x4 obj-ep2/src/platform/gba_sdl.c.o
                0x0800fc1c                SDL_JoystickOpen
 .text.SDL_JoystickClose
                0x0800fc20        0x4 obj-ep2/src/platform/gba_sdl.c.o
                0x0800fc20                SDL_JoystickClose
 .text.SDL_JoystickEventState
                0x0800fc24        0x4 obj-ep2/src/platform/gba_sdl.c.o
                0x0800fc24                SDL_JoystickEventState
 .text.SDL_JoystickNumAxes
                0x0800fc28        0x4 obj-ep2/src/platform/gba_sdl.c.o
                0x0800fc28                SDL_JoystickNumAxes
 .text.SDL_JoystickNumButtons
                0x0800fc2c        0x4 obj-ep2/src/platform/gba_sdl.c.o
                0x0800fc2c                SDL_JoystickNumButtons
 .text.SDL_JoystickNumHats
                0x0800fc30        0x4 obj-ep2/src/platform/gba_sdl.c.o
                0x0800fc30                SDL_JoystickNumHats
 .text.SDL_JoystickInstanceID
                0x0800fc34        0x4 obj-ep2/src/platform/gba_sdl.c.o
                0x0800fc34                SDL_JoystickInstanceID
 .text.SDL_ShowCursor
                0x0800fc38        0x4 obj-ep2/src/platform/gba_sdl.c.o
                0x0800fc38                SDL_ShowCursor
 .text.SDL_SetRelativeMouseMode
                0x0800fc3c        0x4 obj-ep2/src/platform/gba_sdl.c.o
                0x0800fc3c                SDL_SetRelativeMouseMode
 .text.SDL_GetRelativeMouseState
                0x0800fc40       0x14 obj-ep2/src/platform/gba_sdl.c.o
                0x0800fc40                SDL_GetRelativeMouseState
 .text.SDL_GetRenderDriverInfo
                0x0800fc54       0x38 obj-ep2/src/platform/gba_sdl.c.o
                0x0800fc54                SDL_GetRenderDriverInfo
 .text.SDL_OpenAudio
                0x0800fc8c       0x1c obj-ep2/src/platform/gba_sdl.c.o
                0x0800fc8c                SDL_OpenAudio
 .text.SDL_CloseAudio
                0x0800fca8        0x4 obj-ep2/src/platform/gba_sdl.c.o
                0x0800fca8                SDL_CloseAudio
 .text.CK_PlatformSleepMs
                0x0800fcac       0x3c obj-ep2/src/platform/sleep_gba.c.o
                0x0800fcac                CK_PlatformSleepMs
 .text.ck_set_virtual_key.part.0
                0x0800fce8       0x6c obj-ep2/src/platform/input_gba.c.o
 .text.CK_PlatformPrepareInput
                0x0800fd54        0x4 obj-ep2/src/platform/input_gba.c.o
                0x0800fd54                CK_PlatformPrepareInput
 .text.CK_PlatformPollInputState
                0x0800fd58       0x7c obj-ep2/src/platform/input_gba.c.o
                0x0800fd58                CK_PlatformPollInputState
 .text.CK_PlatformApplyInputPolicy
                0x0800fdd4      0x13c obj-ep2/src/platform/input_gba.c.o
                0x0800fdd4                CK_PlatformApplyInputPolicy
 .text.CK_PlatformPreferredPlayer1ControlType
                0x0800ff10        0x4 obj-ep2/src/platform/input_gba.c.o
                0x0800ff10                CK_PlatformPreferredPlayer1ControlType
 .text.CK_PlatformApplyDefaultJoystickCalibration
                0x0800ff14       0x10 obj-ep2/src/platform/input_gba.c.o
                0x0800ff14                CK_PlatformApplyDefaultJoystickCalibration
 .text.CK_GBA_ReadSlotDigit
                0x0800ff24       0xf4 obj-ep2/src/platform/input_gba.c.o
                0x0800ff24                CK_GBA_ReadSlotDigit
 .text.CK_PlatformEnsureRwMiscDir
                0x08010018        0x4 obj-ep2/src/platform/gba_paths.c.o
                0x08010018                CK_PlatformEnsureRwMiscDir
 .text.CK_PlatformBuildRoDataPath
                0x0801001c       0x40 obj-ep2/src/platform/gba_paths.c.o
                0x0801001c                CK_PlatformBuildRoDataPath
 .text.CK_PlatformBuildExternalGameDataPath
                0x0801005c        0x4 obj-ep2/src/platform/gba_paths.c.o
                0x0801005c                CK_PlatformBuildExternalGameDataPath
 .text.CK_PlatformBuildRwMiscPath
                0x08010060       0x40 obj-ep2/src/platform/gba_paths.c.o
                0x08010060                CK_PlatformBuildRwMiscPath
 .text.ck_find_rom_entry
                0x080100a0      0x108 obj-ep2/src/platform/gba_fileio.c.o
 .text.ck_gba_lookup_rom
                0x080101a8       0x58 obj-ep2/src/platform/gba_fileio.c.o
                0x080101a8                ck_gba_lookup_rom
 .text.ck_gba_fopen
                0x08010200      0x1b0 obj-ep2/src/platform/gba_fileio.c.o
                0x08010200                ck_gba_fopen
 .text.ck_gba_fclose
                0x080103b0       0x34 obj-ep2/src/platform/gba_fileio.c.o
                0x080103b0                ck_gba_fclose
 .text.ck_gba_fread
                0x080103e4       0x78 obj-ep2/src/platform/gba_fileio.c.o
                0x080103e4                ck_gba_fread
 .text.ck_gba_fwrite
                0x0801045c       0x74 obj-ep2/src/platform/gba_fileio.c.o
                0x0801045c                ck_gba_fwrite
 .text.ck_gba_fseek
                0x080104d0       0x4c obj-ep2/src/platform/gba_fileio.c.o
                0x080104d0                ck_gba_fseek
 .text.ck_gba_ftell
                0x0801051c       0x18 obj-ep2/src/platform/gba_fileio.c.o
                0x0801051c                ck_gba_ftell
 .text.ck_gba_rewind
                0x08010534       0x1c obj-ep2/src/platform/gba_fileio.c.o
                0x08010534                ck_gba_rewind
 .text.ck_gba_fprintf
                0x08010550        0x8 obj-ep2/src/platform/gba_fileio.c.o
                0x08010550                ck_gba_fprintf
 .text.ck_gba_vfprintf
                0x08010558        0x4 obj-ep2/src/platform/gba_fileio.c.o
                0x08010558                ck_gba_vfprintf
 .text.normalize_name
                0x0801055c       0x44 obj-ep2/src/platform/gba_sram.c.o
 .text.find_slot
                0x080105a0       0x7c obj-ep2/src/platform/gba_sram.c.o
 .text.CK_SRAM_Init
                0x0801061c       0x9c obj-ep2/src/platform/gba_sram.c.o
                0x0801061c                CK_SRAM_Init
 .text.CK_SRAM_Read
                0x080106b8       0x70 obj-ep2/src/platform/gba_sram.c.o
                0x080106b8                CK_SRAM_Read
 .text.CK_SRAM_Write
                0x08010728       0xe8 obj-ep2/src/platform/gba_sram.c.o
                0x08010728                CK_SRAM_Write
 .text          0x08010810      0x3c4 /opt/devkitpro/libgba/lib/libgba.a(interrupt.o)
                0x08010810                dummy
                0x08010814                InitInterrupt
                0x08010870                irqInit
                0x080108cc                SetInterrupt
                0x080109b4                irqSet
                0x08010a9c                EnableInterrupt
                0x08010ae8                irqEnable
                0x08010b3c                DisableInterrupt
                0x08010b88                irqDisable
 .text          0x08010bd4      0x11c /opt/devkitpro/devkitARM/lib/gcc/arm-none-eabi/15.2.0/thumb/libgcc.a(_udivsi3.o)
                0x08010bd4                __udivsi3
                0x08010bd4                __aeabi_uidiv
                0x08010cd0                __aeabi_uidivmod
 .text          0x08010cf0      0x150 /opt/devkitpro/devkitARM/lib/gcc/arm-none-eabi/15.2.0/thumb/libgcc.a(_divsi3.o)
                0x08010cf0                __aeabi_idiv
                0x08010cf0                __divsi3
                0x08010e20                __aeabi_idivmod
 .text          0x08010e40        0x4 /opt/devkitpro/devkitARM/lib/gcc/arm-none-eabi/15.2.0/thumb/libgcc.a(_dvmd_tls.o)
                0x08010e40                __aeabi_ldiv0
                0x08010e40                __aeabi_idiv0
 .text          0x08010e44       0xd4 /opt/devkitpro/devkitARM/lib/gcc/arm-none-eabi/15.2.0/thumb/libgcc.a(_aeabi_ldivmod.o)
                0x08010e44                __aeabi_ldivmod
 .text.__muldi3
                0x08010f18       0x58 /opt/devkitpro/devkitARM/lib/gcc/arm-none-eabi/15.2.0/thumb/libgcc.a(_muldi3.o)
                0x08010f18                __aeabi_lmul
                0x08010f18                __muldi3
 .text.__udivmoddi4
                0x08010f70      0x194 /opt/devkitpro/devkitARM/lib/gcc/arm-none-eabi/15.2.0/thumb/libgcc.a(_udivmoddi4.o)
                0x08010f70                __udivmoddi4
 .text          0x08011104       0x28 /opt/devkitpro/devkitARM/lib/gcc/arm-none-eabi/15.2.0/thumb/libgcc.a(_clzdi2.o)
                0x08011104                __clzdi2
 .text          0x0801112c       0x48 /opt/devkitpro/devkitARM/lib/gcc/arm-none-eabi/15.2.0/thumb/libgcc.a(_clzsi2.o)
                0x0801112c                __clzsi2
 .text.critical_factorization
                0x08011174       0xcc /opt/devkitpro/devkitARM/lib/gcc/arm-none-eabi/15.2.0/../../../../arm-none-eabi/lib/thumb/libg.a(libc_a-strstr.o)
 .text.two_way_long_needle
                0x08011240      0x204 /opt/devkitpro/devkitARM/lib/gcc/arm-none-eabi/15.2.0/../../../../arm-none-eabi/lib/thumb/libg.a(libc_a-strstr.o)
 .text.strstr   0x08011444      0x1ac /opt/devkitpro/devkitARM/lib/gcc/arm-none-eabi/15.2.0/../../../../arm-none-eabi/lib/thumb/libg.a(libc_a-strstr.o)
                0x08011444                strstr
 .text.memcpy   0x080115f0       0xac /opt/devkitpro/devkitARM/lib/gcc/arm-none-eabi/15.2.0/../../../../arm-none-eabi/lib/thumb/libg.a(libc_a-memcpy-stub.o)
                0x080115f0                memcpy
 .text.strlen   0x0801169c       0x60 /opt/devkitpro/devkitARM/lib/gcc/arm-none-eabi/15.2.0/../../../../arm-none-eabi/lib/thumb/libg.a(libc_a-strlen.o)
                0x0801169c                strlen
 .text.snprintf
                0x080116fc       0x64 /opt/devkitpro/devkitARM/lib/gcc/arm-none-eabi/15.2.0/../../../../arm-none-eabi/lib/thumb/libg.a(libc_a-snprintf.o)
                0x080116fc                snprintf
 .text.strchr   0x08011760       0xbc /opt/devkitpro/devkitARM/lib/gcc/arm-none-eabi/15.2.0/../../../../arm-none-eabi/lib/thumb/libg.a(libc_a-strchr.o)
                0x08011760                strchr
 .text.memcmp   0x0801181c       0x48 /opt/devkitpro/devkitARM/lib/gcc/arm-none-eabi/15.2.0/../../../../arm-none-eabi/lib/thumb/libg.a(libc_a-memcmp.o)
                0x0801181c                memcmp
 .text.__errno  0x08011864        0xc /opt/devkitpro/devkitARM/lib/gcc/arm-none-eabi/15.2.0/../../../../arm-none-eabi/lib/thumb/libg.a(libc_a-errno.o)
                0x08011864                __errno
 .text.strcpy   0x08011870       0x10 /opt/devkitpro/devkitARM/lib/gcc/arm-none-eabi/15.2.0/../../../../arm-none-eabi/lib/thumb/libg.a(libc_a-strcpy.o)
                0x08011870                strcpy
 .text.__locale_mb_cur_max
                0x08011880       0x20 /opt/devkitpro/devkitARM/lib/gcc/arm-none-eabi/15.2.0/../../../../arm-none-eabi/lib/thumb/libg.a(libc_a-locale.o)
                0x08011880                __locale_mb_cur_max
 .text.memset   0x080118a0       0x8c /opt/devkitpro/devkitARM/lib/gcc/arm-none-eabi/15.2.0/../../../../arm-none-eabi/lib/thumb/libg.a(libc_a-memset.o)
                0x080118a0                memset
 .text.atoi     0x0801192c       0x10 /opt/devkitpro/devkitARM/lib/gcc/arm-none-eabi/15.2.0/../../../../arm-none-eabi/lib/thumb/libg.a(libc_a-atoi.o)
                0x0801192c                atoi
 .text._strtol_l.part.0
                0x0801193c      0x25c /opt/devkitpro/devkitARM/lib/gcc/arm-none-eabi/15.2.0/../../../../arm-none-eabi/lib/thumb/libg.a(libc_a-strtol.o)
 .text.strtol   0x08011b98       0x38 /opt/devkitpro/devkitARM/lib/gcc/arm-none-eabi/15.2.0/../../../../arm-none-eabi/lib/thumb/libg.a(libc_a-strtol.o)
                0x08011b98                strtol
 .text.__libc_init_array
                0x08011bd0       0x54 /opt/devkitpro/devkitARM/lib/gcc/arm-none-eabi/15.2.0/../../../../arm-none-eabi/lib/thumb/libg.a(libc_a-init.o)
                0x08011bd0                __libc_init_array
 .text.strncpy  0x08011c24       0x68 /opt/devkitpro/devkitARM/lib/gcc/arm-none-eabi/15.2.0/../../../../arm-none-eabi/lib/thumb/libg.a(libc_a-strncpy.o)
                0x08011c24                strncpy
 .text.malloc   0x08011c8c       0x28 /opt/devkitpro/devkitARM/lib/gcc/arm-none-eabi/15.2.0/../../../../arm-none-eabi/lib/thumb/libg.a(libc_a-malloc.o)
                0x08011c8c                malloc
 .text.free     0x08011cb4       0x14 /opt/devkitpro/devkitARM/lib/gcc/arm-none-eabi/15.2.0/../../../../arm-none-eabi/lib/thumb/libg.a(libc_a-malloc.o)
                0x08011cb4                free
 .text.strrchr  0x08011cc8       0x30 /opt/devkitpro/devkitARM/lib/gcc/arm-none-eabi/15.2.0/../../../../arm-none-eabi/lib/thumb/libg.a(libc_a-strrchr.o)
                0x08011cc8                strrchr
 .text._localeconv_r
                0x08011cf8       0x20 /opt/devkitpro/devkitARM/lib/gcc/arm-none-eabi/15.2.0/../../../../arm-none-eabi/lib/thumb/libg.a(libc_a-localeconv.o)
                0x08011cf8                _localeconv_r
 .text.__sread  0x08011d18       0x34 /opt/devkitpro/devkitARM/lib/gcc/arm-none-eabi/15.2.0/../../../../arm-none-eabi/lib/thumb/libg.a(libc_a-stdio.o)
                0x08011d18                __sread
 .text.__swrite
                0x08011d4c       0x4c /opt/devkitpro/devkitARM/lib/gcc/arm-none-eabi/15.2.0/../../../../arm-none-eabi/lib/thumb/libg.a(libc_a-stdio.o)
                0x08011d4c                __swrite
 .text.__sseek  0x08011d98       0x3c /opt/devkitpro/devkitARM/lib/gcc/arm-none-eabi/15.2.0/../../../../arm-none-eabi/lib/thumb/libg.a(libc_a-stdio.o)
                0x08011d98                __sseek
 .text.__sclose
                0x08011dd4       0x10 /opt/devkitpro/devkitARM/lib/gcc/arm-none-eabi/15.2.0/../../../../arm-none-eabi/lib/thumb/libg.a(libc_a-stdio.o)
                0x08011dd4                __sclose
 .text.memmove  0x08011de4      0x108 /opt/devkitpro/devkitARM/lib/gcc/arm-none-eabi/15.2.0/../../../../arm-none-eabi/lib/thumb/libg.a(libc_a-memmove.o)
                0x08011de4                memmove
 .text._realloc_r
                0x08011eec      0x344 /opt/devkitpro/devkitARM/lib/gcc/arm-none-eabi/15.2.0/../../../../arm-none-eabi/lib/thumb/libg.a(libc_a-reallocr.o)
                0x08011eec                _realloc_r
 .text.__malloc_lock
                0x08012230       0x14 /opt/devkitpro/devkitARM/lib/gcc/arm-none-eabi/15.2.0/../../../../arm-none-eabi/lib/thumb/libg.a(libc_a-mlock.o)
                0x08012230                __malloc_lock
 .text.__malloc_unlock
                0x08012244       0x14 /opt/devkitpro/devkitARM/lib/gcc/arm-none-eabi/15.2.0/../../../../arm-none-eabi/lib/thumb/libg.a(libc_a-mlock.o)
                0x08012244                __malloc_unlock
 .text.time     0x08012258       0x38 /opt/devkitpro/devkitARM/lib/gcc/arm-none-eabi/15.2.0/../../../../arm-none-eabi/lib/thumb/libg.a(libc_a-time.o)
                0x08012258                time
 .text.__call_exitprocs
                0x08012290        0xc /opt/devkitpro/devkitARM/lib/gcc/arm-none-eabi/15.2.0/../../../../arm-none-eabi/lib/thumb/libg.a(libc_a-exit.o)
                0x08012290                __call_exitprocs
 .text.exit     0x0801229c       0x24 /opt/devkitpro/devkitARM/lib/gcc/arm-none-eabi/15.2.0/../../../../arm-none-eabi/lib/thumb/libg.a(libc_a-exit.o)
                0x0801229c                exit
 .text.get_arg  0x080122c0      0x404 /opt/devkitpro/devkitARM/lib/gcc/arm-none-eabi/15.2.0/../../../../arm-none-eabi/lib/thumb/libg.a(libc_a-svfprintf.o)
 .text._svfprintf_r
                0x080126c4     0x22e0 /opt/devkitpro/devkitARM/lib/gcc/arm-none-eabi/15.2.0/../../../../arm-none-eabi/lib/thumb/libg.a(libc_a-svfprintf.o)
                0x080126c4                _svfprintf_r
 .text.__utf8_wctomb
                0x080149a4       0xbc /opt/devkitpro/devkitARM/lib/gcc/arm-none-eabi/15.2.0/../../../../arm-none-eabi/lib/thumb/libg.a(libc_a-wctomb_r.o)
                0x080149a4                __utf8_wctomb
 .text.__libc_fini_array
                0x08014a60       0x30 /opt/devkitpro/devkitARM/lib/gcc/arm-none-eabi/15.2.0/../../../../arm-none-eabi/lib/thumb/libg.a(libc_a-fini.o)
                0x08014a60                __libc_fini_array
 .text.strnlen  0x08014a90       0x20 /opt/devkitpro/devkitARM/lib/gcc/arm-none-eabi/15.2.0/../../../../arm-none-eabi/lib/thumb/libg.a(libc_a-strnlen.o)
                0x08014a90                strnlen
 .text.strncmp  0x08014ab0       0x70 /opt/devkitpro/devkitARM/lib/gcc/arm-none-eabi/15.2.0/../../../../arm-none-eabi/lib/thumb/libg.a(libc_a-strncmp.o)
                0x08014ab0                strncmp
 .text.frexp    0x08014b20       0x74 /opt/devkitpro/devkitARM/lib/gcc/arm-none-eabi/15.2.0/../../../../arm-none-eabi/lib/thumb/libg.a(libm_a-s_frexp.o)
                0x08014b20                frexp
 .text.__assert_func
                0x08014b94       0x40 /opt/devkitpro/devkitARM/lib/gcc/arm-none-eabi/15.2.0/../../../../arm-none-eabi/lib/thumb/libg.a(libc_a-assert.o)
                0x08014b94                __assert_func
 .text._Balloc  0x08014bd4       0x5c /opt/devkitpro/devkitARM/lib/gcc/arm-none-eabi/15.2.0/../../../../arm-none-eabi/lib/thumb/libg.a(libc_a-mprec.o)
                0x08014bd4                _Balloc
 .text._Bfree   0x08014c30       0x14 /opt/devkitpro/devkitARM/lib/gcc/arm-none-eabi/15.2.0/../../../../arm-none-eabi/lib/thumb/libg.a(libc_a-mprec.o)
                0x08014c30                _Bfree
 .text.__multadd
                0x08014c44       0xa8 /opt/devkitpro/devkitARM/lib/gcc/arm-none-eabi/15.2.0/../../../../arm-none-eabi/lib/thumb/libg.a(libc_a-mprec.o)
                0x08014c44                __multadd
 .text.__hi0bits
                0x08014cec       0x60 /opt/devkitpro/devkitARM/lib/gcc/arm-none-eabi/15.2.0/../../../../arm-none-eabi/lib/thumb/libg.a(libc_a-mprec.o)
                0x08014cec                __hi0bits
 .text.__lo0bits
                0x08014d4c       0x8c /opt/devkitpro/devkitARM/lib/gcc/arm-none-eabi/15.2.0/../../../../arm-none-eabi/lib/thumb/libg.a(libc_a-mprec.o)
                0x08014d4c                __lo0bits
 .text.__i2b    0x08014dd8       0x64 /opt/devkitpro/devkitARM/lib/gcc/arm-none-eabi/15.2.0/../../../../arm-none-eabi/lib/thumb/libg.a(libc_a-mprec.o)
                0x08014dd8                __i2b
 .text.__multiply
                0x08014e3c      0x1b4 /opt/devkitpro/devkitARM/lib/gcc/arm-none-eabi/15.2.0/../../../../arm-none-eabi/lib/thumb/libg.a(libc_a-mprec.o)
                0x08014e3c                __multiply
 .text.__pow5mult
                0x08014ff0       0xd8 /opt/devkitpro/devkitARM/lib/gcc/arm-none-eabi/15.2.0/../../../../arm-none-eabi/lib/thumb/libg.a(libc_a-mprec.o)
                0x08014ff0                __pow5mult
 .text.__lshift
                0x080150c8       0xf8 /opt/devkitpro/devkitARM/lib/gcc/arm-none-eabi/15.2.0/../../../../arm-none-eabi/lib/thumb/libg.a(libc_a-mprec.o)
                0x080150c8                __lshift
 .text.__mcmp   0x080151c0       0x50 /opt/devkitpro/devkitARM/lib/gcc/arm-none-eabi/15.2.0/../../../../arm-none-eabi/lib/thumb/libg.a(libc_a-mprec.o)
                0x080151c0                __mcmp
 .text.__mdiff  0x08015210      0x1a4 /opt/devkitpro/devkitARM/lib/gcc/arm-none-eabi/15.2.0/../../../../arm-none-eabi/lib/thumb/libg.a(libc_a-mprec.o)
                0x08015210                __mdiff
 .text.__d2b    0x080153b4       0xd4 /opt/devkitpro/devkitARM/lib/gcc/arm-none-eabi/15.2.0/../../../../arm-none-eabi/lib/thumb/libg.a(libc_a-mprec.o)
                0x080153b4                __d2b
 .text._wcrtomb_r
                0x08015488       0x88 /opt/devkitpro/devkitARM/lib/gcc/arm-none-eabi/15.2.0/../../../../arm-none-eabi/lib/thumb/libg.a(libc_a-wcrtomb.o)
                0x08015488                _wcrtomb_r
 .text.__ssprint_r
                0x08015510       0x60 /opt/devkitpro/devkitARM/lib/gcc/arm-none-eabi/15.2.0/../../../../arm-none-eabi/lib/thumb/libg.a(libc_a-ssprint_r.o)
                0x08015510                __ssprint_r
 .text.__utf8_mbtowc
                0x08015570      0x24c /opt/devkitpro/devkitARM/lib/gcc/arm-none-eabi/15.2.0/../../../../arm-none-eabi/lib/thumb/libg.a(libc_a-mbtowc_r.o)
                0x08015570                __utf8_mbtowc
 .text.fiprintf
                0x080157bc       0x28 /opt/devkitpro/devkitARM/lib/gcc/arm-none-eabi/15.2.0/../../../../arm-none-eabi/lib/thumb/libg.a(libc_a-fiprintf.o)
                0x080157bc                fiprintf
 .text._memalign_r
                0x080157e4      0x118 /opt/devkitpro/devkitARM/lib/gcc/arm-none-eabi/15.2.0/../../../../arm-none-eabi/lib/thumb/libg.a(libc_a-malignr.o)
                0x080157e4                _memalign_r
 .text.abort    0x080158fc       0x10 /opt/devkitpro/devkitARM/lib/gcc/arm-none-eabi/15.2.0/../../../../arm-none-eabi/lib/thumb/libg.a(libc_a-abort.o)
                0x080158fc                abort
 .text._calloc_r
                0x0801590c       0xcc /opt/devkitpro/devkitARM/lib/gcc/arm-none-eabi/15.2.0/../../../../arm-none-eabi/lib/thumb/libg.a(libc_a-callocr.o)
                0x0801590c                _calloc_r
 .text.__sflush_r
                0x080159d8      0x180 /opt/devkitpro/devkitARM/lib/gcc/arm-none-eabi/15.2.0/../../../../arm-none-eabi/lib/thumb/libg.a(libc_a-fflush.o)
                0x080159d8                __sflush_r
 .text._fflush_r
                0x08015b58       0x70 /opt/devkitpro/devkitARM/lib/gcc/arm-none-eabi/15.2.0/../../../../arm-none-eabi/lib/thumb/libg.a(libc_a-fflush.o)
                0x08015b58                _fflush_r
 .text._malloc_r
                0x08015bc8      0x550 /opt/devkitpro/devkitARM/lib/gcc/arm-none-eabi/15.2.0/../../../../arm-none-eabi/lib/thumb/libg.a(libc_a-mallocr.o)
                0x08015bc8                _malloc_r
 .text.quorem   0x08016118      0x160 /opt/devkitpro/devkitARM/lib/gcc/arm-none-eabi/15.2.0/../../../../arm-none-eabi/lib/thumb/libg.a(libc_a-dtoa.o)
 .text._dtoa_r  0x08016278     0x10a0 /opt/devkitpro/devkitARM/lib/gcc/arm-none-eabi/15.2.0/../../../../arm-none-eabi/lib/thumb/libg.a(libc_a-dtoa.o)
                0x08016278                _dtoa_r
 .text._malloc_trim_r
                0x08017318       0xac /opt/devkitpro/devkitARM/lib/gcc/arm-none-eabi/15.2.0/../../../../arm-none-eabi/lib/thumb/libg.a(libc_a-freer.o)
                0x08017318                _malloc_trim_r
 .text._free_r  0x080173c4      0x1d8 /opt/devkitpro/devkitARM/lib/gcc/arm-none-eabi/15.2.0/../../../../arm-none-eabi/lib/thumb/libg.a(libc_a-freer.o)
                0x080173c4                _free_r
 .text.stdio_exit_handler
                0x0801759c       0x20 /opt/devkitpro/devkitARM/lib/gcc/arm-none-eabi/15.2.0/../../../../arm-none-eabi/lib/thumb/libg.a(libc_a-findfp.o)
 .text.cleanup_stdio
                0x080175bc       0x40 /opt/devkitpro/devkitARM/lib/gcc/arm-none-eabi/15.2.0/../../../../arm-none-eabi/lib/thumb/libg.a(libc_a-findfp.o)
 .text.global_stdio_init.part.0
                0x080175fc      0x120 /opt/devkitpro/devkitARM/lib/gcc/arm-none-eabi/15.2.0/../../../../arm-none-eabi/lib/thumb/libg.a(libc_a-findfp.o)
 .text.__sinit  0x0801771c       0x3c /opt/devkitpro/devkitARM/lib/gcc/arm-none-eabi/15.2.0/../../../../arm-none-eabi/lib/thumb/libg.a(libc_a-findfp.o)
                0x0801771c                __sinit
 .text.__sfp_lock_acquire
                0x08017758       0x14 /opt/devkitpro/devkitARM/lib/gcc/arm-none-eabi/15.2.0/../../../../arm-none-eabi/lib/thumb/libg.a(libc_a-findfp.o)
                0x08017758                __sfp_lock_acquire
 .text.__sfp_lock_release
                0x0801776c       0x14 /opt/devkitpro/devkitARM/lib/gcc/arm-none-eabi/15.2.0/../../../../arm-none-eabi/lib/thumb/libg.a(libc_a-findfp.o)
                0x0801776c                __sfp_lock_release
 .text.memchr   0x08017780       0x74 /opt/devkitpro/devkitARM/lib/gcc/arm-none-eabi/15.2.0/../../../../arm-none-eabi/lib/thumb/libg.a(libc_a-memchr-stub.o)
                0x08017780                memchr
 .text._wcsrtombs_r
                0x080177f4       0x20 /opt/devkitpro/devkitARM/lib/gcc/arm-none-eabi/15.2.0/../../../../arm-none-eabi/lib/thumb/libg.a(libc_a-wcsrtombs.o)
                0x080177f4                _wcsrtombs_r
 .text._fclose_r
                0x08017814       0xe0 /opt/devkitpro/devkitARM/lib/gcc/arm-none-eabi/15.2.0/../../../../arm-none-eabi/lib/thumb/libg.a(libc_a-fclose.o)
                0x08017814                _fclose_r
 .text.__ssputs_r
                0x080178f4       0xd4 /opt/devkitpro/devkitARM/lib/gcc/arm-none-eabi/15.2.0/../../../../arm-none-eabi/lib/thumb/libg.a(libc_a-ssputs_r.o)
                0x080178f4                __ssputs_r
 .text.get_arg  0x080179c8      0x404 /opt/devkitpro/devkitARM/lib/gcc/arm-none-eabi/15.2.0/../../../../arm-none-eabi/lib/thumb/libg.a(libc_a-vfiprintf.o)
 .text._vfiprintf_r
                0x08017dcc     0x16d8 /opt/devkitpro/devkitARM/lib/gcc/arm-none-eabi/15.2.0/../../../../arm-none-eabi/lib/thumb/libg.a(libc_a-vfiprintf.o)
                0x08017dcc                _vfiprintf_r
 .text.__sbprintf
                0x080194a4       0x7c /opt/devkitpro/devkitARM/lib/gcc/arm-none-eabi/15.2.0/../../../../arm-none-eabi/lib/thumb/libg.a(libc_a-vfiprintf.o)
 .text._wcsnrtombs_l
                0x08019520      0x120 /opt/devkitpro/devkitARM/lib/gcc/arm-none-eabi/15.2.0/../../../../arm-none-eabi/lib/thumb/libg.a(libc_a-wcsnrtombs.o)
                0x08019520                _wcsnrtombs_l
 .text._wcsnrtombs_r
                0x08019640       0x40 /opt/devkitpro/devkitARM/lib/gcc/arm-none-eabi/15.2.0/../../../../arm-none-eabi/lib/thumb/libg.a(libc_a-wcsnrtombs.o)
                0x08019640                _wcsnrtombs_r
 .text._fwalk_sglue
                0x08019680       0x4c /opt/devkitpro/devkitARM/lib/gcc/arm-none-eabi/15.2.0/../../../../arm-none-eabi/lib/thumb/libg.a(libc_a-fwalk.o)
                0x08019680                _fwalk_sglue
 .text._raise_r
                0x080196cc       0x60 /opt/devkitpro/devkitARM/lib/gcc/arm-none-eabi/15.2.0/../../../../arm-none-eabi/lib/thumb/libg.a(libc_a-signal.o)
                0x080196cc                _raise_r
 .text.raise    0x0801972c       0x14 /opt/devkitpro/devkitARM/lib/gcc/arm-none-eabi/15.2.0/../../../../arm-none-eabi/lib/thumb/libg.a(libc_a-signal.o)
                0x0801972c                raise
 .text.__sprint_r
                0x08019740       0x24 /opt/devkitpro/devkitARM/lib/gcc/arm-none-eabi/15.2.0/../../../../arm-none-eabi/lib/thumb/libg.a(libc_a-sprint_r.o)
                0x08019740                __sprint_r
 .text.__swsetup_r
                0x08019764       0xd4 /opt/devkitpro/devkitARM/lib/gcc/arm-none-eabi/15.2.0/../../../../arm-none-eabi/lib/thumb/libg.a(libc_a-wsetup.o)
                0x08019764                __swsetup_r
 .text.__sfvwrite_r
                0x08019838      0x31c /opt/devkitpro/devkitARM/lib/gcc/arm-none-eabi/15.2.0/../../../../arm-none-eabi/lib/thumb/libg.a(libc_a-fvwrite.o)
                0x08019838                __sfvwrite_r
 .text.__smakebuf_r
                0x08019b54       0xe0 /opt/devkitpro/devkitARM/lib/gcc/arm-none-eabi/15.2.0/../../../../arm-none-eabi/lib/thumb/libg.a(libc_a-makebuf.o)
                0x08019b54                __smakebuf_r
 .text._exit    0x08019c34       0x14 /opt/devkitpro/devkitARM/lib/gcc/arm-none-eabi/15.2.0/../../../../arm-none-eabi/lib/thumb/libsysbase.a(libsysbase_libsysbase_a-_exit.o)
                0x08019c34                _exit
 .text._fstat_r
                0x08019c48       0x5c /opt/devkitpro/devkitARM/lib/gcc/arm-none-eabi/15.2.0/../../../../arm-none-eabi/lib/thumb/libsysbase.a(libsysbase_libsysbase_a-fstat.o)
                0x08019c48                _fstat_r
 .text._getpid_r
                0x08019ca4        0xc /opt/devkitpro/devkitARM/lib/gcc/arm-none-eabi/15.2.0/../../../../arm-none-eabi/lib/thumb/libsysbase.a(libsysbase_libsysbase_a-getpid.o)
                0x08019ca4                _getpid_r
 .text.__getreent
                0x08019cb0       0x20 /opt/devkitpro/devkitARM/lib/gcc/arm-none-eabi/15.2.0/../../../../arm-none-eabi/lib/thumb/libsysbase.a(libsysbase_libsysbase_a-getreent.o)
                0x08019cb0                __getreent
 .text._gettimeofday_r
                0x08019cd0       0x20 /opt/devkitpro/devkitARM/lib/gcc/arm-none-eabi/15.2.0/../../../../arm-none-eabi/lib/thumb/libsysbase.a(libsysbase_libsysbase_a-gettod.o)
                0x08019cd0                _gettimeofday_r
 .text.__get_handle
                0x08019cf0       0x34 /opt/devkitpro/devkitARM/lib/gcc/arm-none-eabi/15.2.0/../../../../arm-none-eabi/lib/thumb/libsysbase.a(libsysbase_libsysbase_a-handle_manager.o)
                0x08019cf0                __get_handle
 .text._close_r
                0x08019d24       0xb0 /opt/devkitpro/devkitARM/lib/gcc/arm-none-eabi/15.2.0/../../../../arm-none-eabi/lib/thumb/libsysbase.a(libsysbase_libsysbase_a-handle_manager.o)
                0x08019d24                _close_r
 .text.null_write
                0x08019dd4        0x4 /opt/devkitpro/devkitARM/lib/gcc/arm-none-eabi/15.2.0/../../../../arm-none-eabi/lib/thumb/libsysbase.a(libsysbase_libsysbase_a-iosupport.o)
 .text._isatty_r
                0x08019dd8        0x4 /opt/devkitpro/devkitARM/lib/gcc/arm-none-eabi/15.2.0/../../../../arm-none-eabi/lib/thumb/libsysbase.a(libsysbase_libsysbase_a-isatty.o)
                0x08019dd8                _isatty_r
 .text._kill_r  0x08019ddc        0xc /opt/devkitpro/devkitARM/lib/gcc/arm-none-eabi/15.2.0/../../../../arm-none-eabi/lib/thumb/libsysbase.a(libsysbase_libsysbase_a-kill.o)
                0x08019ddc                _kill_r
 .text._lseek_r
                0x08019de8       0x64 /opt/devkitpro/devkitARM/lib/gcc/arm-none-eabi/15.2.0/../../../../arm-none-eabi/lib/thumb/libsysbase.a(libsysbase_libsysbase_a-lseek.o)
                0x08019de8                _lseek_r
 .text._read_r  0x08019e4c       0x5c /opt/devkitpro/devkitARM/lib/gcc/arm-none-eabi/15.2.0/../../../../arm-none-eabi/lib/thumb/libsysbase.a(libsysbase_libsysbase_a-read.o)
                0x08019e4c                _read_r
 .text._sbrk_r  0x08019ea8       0x50 /opt/devkitpro/devkitARM/lib/gcc/arm-none-eabi/15.2.0/../../../../arm-none-eabi/lib/thumb/libsysbase.a(libsysbase_libsysbase_a-sbrk.o)
                0x08019ea8                _sbrk_r
 .text.__libc_lock_acquire
                0x08019ef8       0x18 /opt/devkitpro/devkitARM/lib/gcc/arm-none-eabi/15.2.0/../../../../arm-none-eabi/lib/thumb/libsysbase.a(libsysbase_libsysbase_a-syscall_support.o)
                0x08019ef8                __libc_lock_acquire
 .text.__libc_lock_release
                0x08019f10       0x18 /opt/devkitpro/devkitARM/lib/gcc/arm-none-eabi/15.2.0/../../../../arm-none-eabi/lib/thumb/libsysbase.a(libsysbase_libsysbase_a-syscall_support.o)
                0x08019f10                __libc_lock_release
 .text.__libc_lock_acquire_recursive
                0x08019f28       0x18 /opt/devkitpro/devkitARM/lib/gcc/arm-none-eabi/15.2.0/../../../../arm-none-eabi/lib/thumb/libsysbase.a(libsysbase_libsysbase_a-syscall_support.o)
                0x08019f28                __libc_lock_acquire_recursive
 .text.__libc_lock_release_recursive
                0x08019f40       0x18 /opt/devkitpro/devkitARM/lib/gcc/arm-none-eabi/15.2.0/../../../../arm-none-eabi/lib/thumb/libsysbase.a(libsysbase_libsysbase_a-syscall_support.o)
                0x08019f40                __libc_lock_release_recursive
 .text._write_r
                0x08019f58       0x5c /opt/devkitpro/devkitARM/lib/gcc/arm-none-eabi/15.2.0/../../../../arm-none-eabi/lib/thumb/libsysbase.a(libsysbase_libsysbase_a-write.o)
                0x08019f58                _write_r
 .text          0x08019fb4       0x14 /opt/devkitpro/devkitARM/lib/gcc/arm-none-eabi/15.2.0/thumb/libgcc.a(_thumb1_case_uqi.o)
                0x08019fb4                __gnu_thumb1_case_uqi
 .text          0x08019fc8       0x14 /opt/devkitpro/devkitARM/lib/gcc/arm-none-eabi/15.2.0/thumb/libgcc.a(_thumb1_case_uhi.o)
                0x08019fc8                __gnu_thumb1_case_uhi
 .text          0x08019fdc      0x424 /opt/devkitpro/devkitARM/lib/gcc/arm-none-eabi/15.2.0/thumb/libgcc.a(_arm_addsubdf3.o)
                0x08019fdc                __aeabi_drsub
                0x08019fe4                __subdf3
                0x08019fe4                __aeabi_dsub
                0x08019fe8                __aeabi_dadd
                0x08019fe8                __adddf3
                0x0801a2f8                __aeabi_ui2d
                0x0801a2f8                __floatunsidf
                0x0801a31c                __floatsidf
                0x0801a31c                __aeabi_i2d
                0x0801a344                __extendsfdf2
                0x0801a344                __aeabi_f2d
                0x0801a38c                __aeabi_ul2d
                0x0801a38c                __floatundidf
                0x0801a3a0                __aeabi_l2d
                0x0801a3a0                __floatdidf
 .text          0x0801a400      0x49c /opt/devkitpro/devkitARM/lib/gcc/arm-none-eabi/15.2.0/thumb/libgcc.a(_arm_muldivdf3.o)
                0x0801a400                __aeabi_dmul
                0x0801a400                __muldf3
                0x0801a690                __aeabi_ddiv
                0x0801a690                __divdf3
 .text          0x0801a89c      0x144 /opt/devkitpro/devkitARM/lib/gcc/arm-none-eabi/15.2.0/thumb/libgcc.a(_arm_cmpdf2.o)
                0x0801a89c                __gedf2
                0x0801a89c                __gtdf2
                0x0801a8a4                __ledf2
                0x0801a8a4                __ltdf2
                0x0801a8ac                __cmpdf2
                0x0801a8ac                __eqdf2
                0x0801a8ac                __nedf2
                0x0801a934                __aeabi_cdrcmple
                0x0801a950                __aeabi_cdcmple
                0x0801a950                __aeabi_cdcmpeq
                0x0801a968                __aeabi_dcmpeq
                0x0801a980                __aeabi_dcmplt
                0x0801a998                __aeabi_dcmple
                0x0801a9b0                __aeabi_dcmpge
                0x0801a9c8                __aeabi_dcmpgt
 .text          0x0801a9e0       0x38 /opt/devkitpro/devkitARM/lib/gcc/arm-none-eabi/15.2.0/thumb/libgcc.a(_arm_unorddf2.o)
                0x0801a9e0                __aeabi_dcmpun
                0x0801a9e0                __unorddf2
 .text          0x0801aa18       0x5c /opt/devkitpro/devkitARM/lib/gcc/arm-none-eabi/15.2.0/thumb/libgcc.a(_arm_fixdfsi.o)
                0x0801aa18                __fixdfsi
                0x0801aa18                __aeabi_d2iz
 .text          0x0801aa74       0x3c /opt/devkitpro/devkitARM/lib/gcc/arm-none-eabi/15.2.0/thumb/libgcc.a(_aeabi_uldivmod.o)
                0x0801aa74                __aeabi_uldivmod
 .text.__stub   0x0801aab0       0xbc linker stubs
 *(.gnu.linkonce.t.*)
 *(.text.*personality*)
 *(.gnu.warning)
 *(.glue_7t)
 .glue_7t       0x0801ab6c        0x0 linker stubs
 *(.glue_7)
 .glue_7        0x0801ab6c        0x0 linker stubs
 *(.vfp11_veneer)
 .vfp11_veneer  0x0801ab6c        0x0 linker stubs
                0x0801ab6c                        . = ALIGN (0x4)
                0x0801ab78                        __text_end = .

.v4_bx          0x0801ab78        0x0
 .v4_bx         0x0801ab78        0x0 linker stubs

.iplt           0x0801ab78        0x0
 .iplt          0x0801ab78        0x0 /opt/devkitpro/devkitARM/lib/gcc/arm-none-eabi/15.2.0/../../../../arm-none-eabi/lib/thumb/gba_crt0.o

.fini           0x0801ab78        0xc
 *(.fini)
 .fini          0x0801ab78        0x4 /opt/devkitpro/devkitARM/lib/gcc/arm-none-eabi/15.2.0/thumb/crti.o
                0x0801ab78                _fini
 .fini          0x0801ab7c        0x8 /opt/devkitpro/devkitARM/lib/gcc/arm-none-eabi/15.2.0/thumb/crtn.o
                0x0801ab84                        . = ALIGN (0x4)

.rodata         0x0801ab88    0xb26e0
 *(.rodata)
 .rodata        0x0801ab88       0x31 obj-ep2/src/game/worldmap.c.o
 *fill*         0x0801abb9        0x3 ff
 .rodata        0x0801abbc      0x1b8 obj-ep2/src/game/menus.c.o
 *all.rodata*(*)
 *(.roda)
 *(.rodata.*)
 .rodata.CVort_start_cheating.str1.4
                0x0801ad74     0x1f94 obj-ep2/src/game/gameplay.c.o
                                 0xa9 (size before relaxing)
 .rodata.CVort_handle_cheat_keys.str1.4
                0x0801cd08        0x0 obj-ep2/src/game/gameplay.c.o
                                 0x26 (size before relaxing)
 .rodata.CVort_main_loop.str1.4
                0x0801cd08        0x0 obj-ep2/src/game/gameplay.c.o
                                 0x30 (size before relaxing)
 .rodata.CVort_load_level_data.str1.4
                0x0801cd08        0x0 obj-ep2/src/game/gameplay.c.o
                                 0x13 (size before relaxing)
 .rodata.CVort_handle_quit.str1.4
                0x0801cd08        0x0 obj-ep2/src/game/gameplay.c.o
                                 0x29 (size before relaxing)
 .rodata.CVort_main.str1.4
                0x0801cd08        0x0 obj-ep2/src/game/gameplay.c.o
                                0x164 (size before relaxing)
 .rodata.CVort_calibrate_joystick.str1.4
                0x0801cd08        0x0 obj-ep2/src/game/gameplay.c.o
                                 0xae (size before relaxing)
 .rodata.CVort_handle_global_keys.str1.4
                0x0801cd08        0x0 obj-ep2/src/game/gameplay.c.o
                                  0xd (size before relaxing)
 .rodata.CVort_draw_level
                0x0801cd08       0x34 obj-ep2/src/game/gameplay.c.o
 .rodata.CVort_game_over.str1.4
                0x0801cd3c        0x0 obj-ep2/src/game/worldmap.c.o
                                 0x97 (size before relaxing)
 .rodata.CVort_show_keens_left.str1.4
                0x0801cd3c        0x0 obj-ep2/src/game/worldmap.c.o
                                  0xe (size before relaxing)
 .rodata.CVort_move_worldmap
                0x0801cd3c       0x20 obj-ep2/src/game/worldmap.c.o
 .rodata.CVort_draw_menu.str1.4
                0x0801cd5c        0x0 obj-ep2/src/game/menus.c.o
                                 0xc1 (size before relaxing)
 .rodata.CVort_load_demo.str1.4
                0x0801cd5c        0x0 obj-ep2/src/game/menus.c.o
                                 0x44 (size before relaxing)
 .rodata.CVort_save_demo.str1.4
                0x0801cd5c        0x0 obj-ep2/src/game/menus.c.o
                                 0x38 (size before relaxing)
 .rodata.CVort_private_continue_game.str1.4
                0x0801cd5c        0x0 obj-ep2/src/game/menus.c.o
                                 0x98 (size before relaxing)
 .rodata.CVort_demo_toggle_prepare_to_record.str1.4
                0x0801cd5c        0x0 obj-ep2/src/game/menus.c.o
                                 0x2e (size before relaxing)
 .rodata.CVort_save_game.str1.4
                0x0801cd5c        0x0 obj-ep2/src/game/menus.c.o
                                 0xff (size before relaxing)
 .rodata.CVort_load_and_process_text_file.str1.4
                0x0801cd5c        0x0 obj-ep2/src/game/menus.c.o
                                 0x15 (size before relaxing)
 .rodata.CVort_draw_text_viewer_border.str1.4
                0x0801cd5c        0x0 obj-ep2/src/game/menus.c.o
                                 0x25 (size before relaxing)
 .rodata.CVort_do_previews.str1.4
                0x0801cd5c        0x0 obj-ep2/src/game/menus.c.o
                                 0x1d (size before relaxing)
 .rodata.CVort_draw_title
                0x0801cd5c       0x20 obj-ep2/src/game/menus.c.o
 .rodata.CVort_save_high_scores_table.str1.4
                0x0801cd7c        0x0 obj-ep2/src/game/menus.c.o
                                  0xa (size before relaxing)
 .rodata.CVort_init_ctrls.str1.4
                0x0801cd7c        0x0 obj-ep2/src/game/ui.c.o
                                 0x24 (size before relaxing)
 .rodata.CVort_save_ctrls.str1.4
                0x0801cd7c        0x0 obj-ep2/src/game/ui.c.o
                                 0x38 (size before relaxing)
 .rodata.CVort_handle_ctrl.str1.4
                0x0801cd7c        0x0 obj-ep2/src/game/ui.c.o
                                 0x15 (size before relaxing)
 .rodata.CVort_draw_keyname.str1.4
                0x0801cd7c        0x0 obj-ep2/src/game/ui.c.o
                                 0x8e (size before relaxing)
 .rodata.CVort_draw_keyname
                0x0801cd7c      0x168 obj-ep2/src/game/ui.c.o
 .rodata.CVort_handle_redef_keys.str1.4
                0x0801cee4        0x0 obj-ep2/src/game/ui.c.o
                                0x115 (size before relaxing)
 .rodata.CVort_draw_number_word.str1.4
                0x0801cee4        0x0 obj-ep2/src/game/ui.c.o
                                  0x4 (size before relaxing)
 .rodata.CVort_toggle_switch.str1.4
                0x0801cee4        0x0 obj-ep2/src/game/ui.c.o
                                  0x6 (size before relaxing)
 .rodata.CVort_default_think.str1.4
                0x0801cee4        0x0 obj-ep2/src/game/physics.c.o
                                 0x13 (size before relaxing)
 .rodata.CVort_default_contact.str1.4
                0x0801cee4        0x0 obj-ep2/src/game/physics.c.o
                                 0x15 (size before relaxing)
 .rodata.CVort_keen_bgtile_col
                0x0801cee4       0x74 obj-ep2/src/game/physics.c.o
 .rodata.ep_constants
                0x0801cf58       0x9c obj-ep2/src/game/episode_constants.c.o
                0x0801cf58                ep_constants
 .rodata.CVort_engine_decompGraphics.str1.4
                0x0801cff4        0x0 obj-ep2/src/render/gfx_gba.c.o
                                 0x48 (size before relaxing)
 .rodata.CVort_engine_getJoystickCtrl
                0x0801cff4       0x18 obj-ep2/src/engine/engine.c.o
 .rodata.CVort_engine_cross_logMessage.str1.4
                0x0801d00c        0x0 obj-ep2/src/engine/engine.c.o
                                 0x1c (size before relaxing)
 .rodata.CVort_engine_start.str1.4
                0x0801d00c        0x0 obj-ep2/src/engine/engine.c.o
                                 0x1d (size before relaxing)
 .rodata.CVort_engine_prepareInstructionsScreen.str1.4
                0x0801d00c        0x0 obj-ep2/src/engine/engine.c.o
                                 0x71 (size before relaxing)
 .rodata.CSWTCH.35
                0x0801d00c       0x10 obj-ep2/src/engine/engine.c.o
 .rodata.engine_egaRGBColorTable
                0x0801d01c       0x40 obj-ep2/src/engine/engine.c.o
                0x0801d01c                engine_egaRGBColorTable
 .rodata.vga_8x16TextFont
                0x0801d05c     0x8080 obj-ep2/src/engine/engine.c.o
 .rodata.ega_8x14TextFont
                0x080250dc     0x7070 obj-ep2/src/engine/engine.c.o
 .rodata.cga_8x8TextFont
                0x0802c14c     0x4040 obj-ep2/src/engine/engine.c.o
 .rodata.CVort_engine_loadSounds.str1.4
                0x0803018c        0x0 obj-ep2/src/engine/engine_audio_gba.c.o
                                  0xa (size before relaxing)
 .rodata.CVort_engine_parseBool.str1.4
                0x0803018c        0x0 obj-ep2/src/engine/engine_config.c.o
                                  0xe (size before relaxing)
 .rodata.CVort_engine_parseConfigLine.str1.4
                0x0803018c        0x0 obj-ep2/src/engine/engine_config.c.o
                                0x126 (size before relaxing)
 .rodata.CVort_engine_loadConfigFile.str1.4
                0x0803018c        0x0 obj-ep2/src/engine/engine_config.c.o
                                 0x17 (size before relaxing)
 .rodata.CVort_engine_writeBool.str1.4
                0x0803018c        0x0 obj-ep2/src/engine/engine_config.c.o
                                  0x7 (size before relaxing)
 .rodata.CVort_engine_writeInt.str1.4
                0x0803018c        0x0 obj-ep2/src/engine/engine_config.c.o
                                  0x7 (size before relaxing)
 .rodata.CVort_engine_writeDims.str1.4
                0x0803018c        0x0 obj-ep2/src/engine/engine_config.c.o
                                  0xa (size before relaxing)
 .rodata.CVort_engine_writeSDLRendererDriver.str1.4
                0x0803018c        0x0 obj-ep2/src/engine/engine_config.c.o
                                  0x9 (size before relaxing)
 .rodata.CVort_engine_saveConfigFile.str1.4
                0x0803018c        0x0 obj-ep2/src/engine/engine_config.c.o
                                  0x2 (size before relaxing)
 .rodata.str1.4
                0x0803018c        0x0 obj-ep2/src/engine/engine_config.c.o
                                 0x68 (size before relaxing)
 .rodata.CVort_engine_prepareGameDataFilePathBuffers.str1.4
                0x0803018c        0x0 obj-ep2/src/engine/engine_io.c.o
                                  0x3 (size before relaxing)
 .rodata.CVort_engine_cross_ro_data_fopen.str1.4
                0x0803018c        0x0 obj-ep2/src/engine/engine_io.c.o
                                  0x3 (size before relaxing)
 .rodata.str1.4
                0x0803018c        0x0 obj-ep2/src/engine/engine_io.c.o
                                 0x30 (size before relaxing)
 .rodata.CSWTCH.7
                0x0803018c        0xc obj-ep2/src/engine/engine_io.c.o
 .rodata.load_exe_image.constprop.0.str1.4
                0x08030198        0x0 obj-ep2/src/engine/engine_loader.c.o
                                 0x22 (size before relaxing)
 .rodata.CVort_engine_prepareEpisodeSpecificFuncPointers.str1.4
                0x08030198        0x0 obj-ep2/src/engine/engine_loader.c.o
                                 0x3c (size before relaxing)
 .rodata.CVort_engine_loadKeen.str1.4
                0x08030198        0x0 obj-ep2/src/engine/engine_loader.c.o
                                 0xf8 (size before relaxing)
 .rodata.CVort_engine_addInputMappingsFromFile.str1.4
                0x08030198        0x0 obj-ep2/src/input/input.c.o
                                 0x95 (size before relaxing)
 .rodata.CVort_engine_tryToLoadInputMappings.str1.4
                0x08030198        0x0 obj-ep2/src/input/input.c.o
                                0x10d (size before relaxing)
 .rodata.CVort_engine_handleEvent
                0x08030198       0x20 obj-ep2/src/input/input.c.o
 .rodata.engine_emulatedKeysTableCount
                0x080301b8        0x4 obj-ep2/src/input/input_keys.c.o
                0x080301b8                engine_emulatedKeysTableCount
 .rodata.str1.4
                0x080301bc        0x0 obj-ep2/src/input/input_keys.c.o
                                0x42e (size before relaxing)
 .rodata.engine_emulatedKeysTable
                0x080301bc      0x330 obj-ep2/src/input/input_keys.c.o
                0x080301bc                engine_emulatedKeysTable
 .rodata.str1.4
                0x080304ec        0x0 obj-ep2/src/input/input_names.c.o
                                0x158 (size before relaxing)
 .rodata.mapperClientModNames
                0x080304ec        0xc obj-ep2/src/input/input_names.c.o
                0x080304ec                mapperClientModNames
 .rodata.mapperClientHandlerNames
                0x080304f8        0xc obj-ep2/src/input/input_names.c.o
                0x080304f8                mapperClientHandlerNames
 .rodata.mapperClientMouseAxisNames
                0x08030504       0x10 obj-ep2/src/input/input_names.c.o
                0x08030504                mapperClientMouseAxisNames
 .rodata.mapperClientMouseButtonNames
                0x08030514        0xc obj-ep2/src/input/input_names.c.o
                0x08030514                mapperClientMouseButtonNames
 .rodata.mapperClientJoyAxisNames
                0x08030520       0x20 obj-ep2/src/input/input_names.c.o
                0x08030520                mapperClientJoyAxisNames
 .rodata.mapperClientJoyButtonNames
                0x08030540       0x18 obj-ep2/src/input/input_names.c.o
                0x08030540                mapperClientJoyButtonNames
 .rodata.defaultKeyMappingsCount
                0x08030558        0x4 obj-ep2/src/input/input_default_mappings.c.o
                0x08030558                defaultKeyMappingsCount
 .rodata.defaultSecondModifierMapping
                0x0803055c        0xc obj-ep2/src/input/input_default_mappings.c.o
                0x0803055c                defaultSecondModifierMapping
 .rodata.defaultFirstModifierMapping
                0x08030568        0xc obj-ep2/src/input/input_default_mappings.c.o
                0x08030568                defaultFirstModifierMapping
 .rodata.defaultQuitHandlerMapping
                0x08030574        0xc obj-ep2/src/input/input_default_mappings.c.o
                0x08030574                defaultQuitHandlerMapping
 .rodata.defaultCursorLockHandlerMapping
                0x08030580        0xc obj-ep2/src/input/input_default_mappings.c.o
                0x08030580                defaultCursorLockHandlerMapping
 .rodata.defaultFullScreenHandlerMapping
                0x0803058c        0xc obj-ep2/src/input/input_default_mappings.c.o
                0x0803058c                defaultFullScreenHandlerMapping
 .rodata.defaultJoyNAxisMappings
                0x08030598       0x30 obj-ep2/src/input/input_default_mappings.c.o
                0x08030598                defaultJoyNAxisMappings
 .rodata.defaultJoyPAxisMappings
                0x080305c8       0x30 obj-ep2/src/input/input_default_mappings.c.o
                0x080305c8                defaultJoyPAxisMappings
 .rodata.defaultJoyButtonMappings
                0x080305f8       0x30 obj-ep2/src/input/input_default_mappings.c.o
                0x080305f8                defaultJoyButtonMappings
 .rodata.defaultKeyMappings
                0x08030628      0xad4 obj-ep2/src/input/input_default_mappings.c.o
                0x08030628                defaultKeyMappings